#
# A fatal error has been detected by the Java Runtime Environment:
#
#  Internal Error (os_windows_x86.cpp:144), pid=13716, tid=8064
#  guarantee(result == EXCEPTION_CONTINUE_EXECUTION) failed: Unexpected result from topLevelExceptionFilter
#
# JRE version: Java(TM) SE Runtime Environment (21.0.1+12) (build 21.0.1+12-LTS-29)
# Java VM: Java HotSpot(TM) 64-Bit Server VM (21.0.1+12-LTS-29, mixed mode, sharing, tiered, compressed oops, compressed class ptrs, g1 gc, windows-amd64)
# No core dump will be written. Minidumps are not enabled by default on client versions of Windows
#
# If you would like to submit a bug report, please visit:
#   https://bugreport.java.com/bugreport/crash.jsp
# The crash happened outside the Java Virtual Machine in native code.
# See problematic frame for where to report the bug.
#

---------------  S U M M A R Y ------------

Command Line: -Dfile.encoding=UTF8 -ea -Xmx1024m 

Host: AMD Ryzen 5 2600 Six-Core Processor            , 12 cores, 15G,  Windows 10 , 64 bit Build 19041 (10.0.19041.3636)
Time: Sat Dec  9 02:38:40 2023 대한민국 표준시 elapsed time: 0.403056 seconds (0d 0h 0m 0s)

---------------  T H R E A D  ---------------

Current thread (0x000002699908dbe0):  JavaThread "Python Reference Queue" daemon [_thread_in_native, id=8064, stack(0x000000a6d0800000,0x000000a6d09f0000) (1984K)]

Stack: [0x000000a6d0800000,0x000000a6d09f0000]
Native frames: (J=compiled Java code, j=interpreted, Vv=VM code, C=native code)
C  0x00007ffc24689029
C  0x00007ffc24814b81
C  0x00007ffc24816e5e
C  0x00007ffc248174f7
C  0x00007ffc24240b87
C  0x00007ffc24688a63
C  [ntdll.dll+0xa23af]
C  [ntdll.dll+0x514b4]
C  [ntdll.dll+0xa0ebe]
C  0x00007ffc2581735d
C  0x00007ffc25817392
C  0x00007ffc25743884
C  0x00007ffc25746393
C  0x00007ffc320964c3
C  [python38.dll+0x136a06]  dict_dealloc+0xe6  (dictobject.c:1989)
C  [python38.dll+0x186f22]  subtype_clear+0x122  (typeobject.c:1143)
C  [python38.dll+0x8a7a7]  delete_garbage+0x117  (gcmodule.c:949)
C  [python38.dll+0x8b083]  collect+0x6d3  (gcmodule.c:1128)
C  [python38.dll+0x8b655]  collect_with_callback+0x45  (gcmodule.c:1241)
C  [python38.dll+0x8ced7]  PyGC_Collect+0x87  (gcmodule.c:1845)
C  0x00007ffcc1f48324
C  0x000002694b04ce0b

The last pc belongs to native method entry point (kind = native) (printed below).
Java frames: (J=compiled Java code, j=interpreted, Vv=VM code)
j  org.jpype.ref.JPypeReferenceNative.wake()V+0
j  org.jpype.ref.JPypeReferenceQueue$Worker.run()V+42
j  java.lang.Thread.runWith(Ljava/lang/Object;Ljava/lang/Runnable;)V+5 java.base@21.0.1
j  java.lang.Thread.run()V+19 java.base@21.0.1
v  ~StubRoutines::call_stub 0x000002694b04100d
native method entry point (kind = native)  [0x000002694b04c9e0, 0x000002694b04d508]  2856 bytes
[MachCode]
  0x000002694b04c9e0: 488b 4b08 | 0fb7 492e | 584c 8d74 | ccf8 6800 | 0000 0068 | 0000 0000 | 5055 488b | ec41 5568 
  0x000002694b04ca00: 0000 0000 | 4c8b 6b08 | 4d8d 6d38 | 5348 8b53 | 0848 8b52 | 0848 8b52 | 1848 8b52 | 7048 8b12 
  0x000002694b04ca20: 5248 8b53 | 1048 85d2 | 0f84 0700 | 0000 4881 | c208 0100 | 0052 488b | 5308 488b | 5208 488b 
  0x000002694b04ca40: 5210 5249 | 8bc6 482b | c548 c1e8 | 0350 6800 | 0000 0068 | 0000 0000 | 4889 2424 | 41c6 8779 
  0x000002694b04ca60: 0400 0001 | 488b 4310 | 4885 c074 | 208b 88cc | 0000 0083 | c102 8988 | cc00 0000 | 2388 e000 
  0x000002694b04ca80: 0000 0f84 | cb09 0000 | e9cf 0000 | 0048 8b43 | 1848 85c0 | 0f85 b000 | 0000 e805 | 0000 00e9 
  0x000002694b04caa0: 9900 0000 | 488b d348 | 8d44 2408 | 4c89 6dc0 | 498b cfc5 | f877 4989 | afa8 0300 | 0049 8987 
  0x000002694b04cac0: 9803 0000 | 4883 ec20 | 40f6 c40f | 0f84 1900 | 0000 4883 | ec08 48b8 | 403f 3924 | fc7f 0000 
  0x000002694b04cae0: ffd0 4883 | c408 e90c | 0000 0048 | b840 3f39 | 24fc 7f00 | 00ff d048 | 83c4 2049 | c787 9803 
  0x000002694b04cb00: 0000 0000 | 0000 49c7 | 87a8 0300 | 0000 0000 | 0049 c787 | a003 0000 | 0000 0000 | c5f8 7749 
  0x000002694b04cb20: 837f 0800 | 0f84 0500 | 0000 e9d1 | 43ff ff4c | 8b6d c04c | 8b75 c84e | 8d74 f500 | c348 8b43 
  0x000002694b04cb40: 1848 85c0 | 0f84 1200 | 0000 8b48 | 0883 c102 | 8948 0823 | 481c 0f84 | f708 0000 | 493b a7e8 
  0x000002694b04cb60: 0400 000f | 8748 0000 | 0089 8424 | 00f0 ffff | 8984 2400 | e0ff ff89 | 8424 00d0 | ffff 8984 
  0x000002694b04cb80: 2400 c0ff | ff89 8424 | 00b0 ffff | 8984 2400 | a0ff ff89 | 8424 0090 | ffff 8984 | 2400 80ff 
  0x000002694b04cba0: ff49 3ba7 | e004 0000 | 7607 4989 | a7e8 0400 | 0041 c687 | 7904 0000 | 0049 bac9 | 25be 24fc 
  0x000002694b04cbc0: 7f00 0041 | 803a 000f | 843e 0000 | 0048 8b55 | e849 8bcf | 4883 ec20 | 40f6 c40f | 0f84 1900 
  0x000002694b04cbe0: 0000 4883 | ec08 48b8 | 30eb 6e24 | fc7f 0000 | ffd0 4883 | c408 e90c | 0000 0048 | b830 eb6e 
  0x000002694b04cc00: 24fc 7f00 | 00ff d048 | 83c4 2048 | 8b5d e84c | 8b5b 0845 | 0fb7 5b2e | 41c1 e303 | 492b e348 
  0x000002694b04cc20: 83ec 2048 | 83e4 f04c | 8b5b 604d | 85db 0f85 | ab00 0000 | e805 0000 | 00e9 9900 | 0000 488b 
  0x000002694b04cc40: d348 8d44 | 2408 4c89 | 6dc0 498b | cfc5 f877 | 4989 afa8 | 0300 0049 | 8987 9803 | 0000 4883 
  0x000002694b04cc60: ec20 40f6 | c40f 0f84 | 1900 0000 | 4883 ec08 | 48b8 0066 | 3924 fc7f | 0000 ffd0 | 4883 c408 
  0x000002694b04cc80: e90c 0000 | 0048 b800 | 6639 24fc | 7f00 00ff | d048 83c4 | 2049 c787 | 9803 0000 | 0000 0000 
  0x000002694b04cca0: 49c7 87a8 | 0300 0000 | 0000 0049 | c787 a003 | 0000 0000 | 0000 c5f8 | 7749 837f | 0800 0f84 
  0x000002694b04ccc0: 0500 0000 | e937 42ff | ff4c 8b6d | c04c 8b75 | c84e 8d74 | f500 c348 | 8b5d e84c | 8b5b 6041 
  0x000002694b04cce0: ffd3 488b | 5de8 4889 | 4518 448b | 5b28 41f6 | c308 0f84 | 1b00 0000 | 4c8b 5b08 | 4d8b 5b08 
  0x000002694b04cd00: 4d8b 5b18 | 4d8b 5b70 | 4d8b 1b4c | 895d 1048 | 8d55 1048 | 8b43 5849 | ba70 406f | 24fc 7f00 
  0x000002694b04cd20: 0049 3bc2 | 0f85 ab00 | 0000 e805 | 0000 00e9 | 9900 0000 | 488b d348 | 8d44 2408 | 4c89 6dc0 
  0x000002694b04cd40: 498b cfc5 | f877 4989 | afa8 0300 | 0049 8987 | 9803 0000 | 4883 ec20 | 40f6 c40f | 0f84 1900 
  0x000002694b04cd60: 0000 4883 | ec08 48b8 | 0066 3924 | fc7f 0000 | ffd0 4883 | c408 e90c | 0000 0048 | b800 6639 
  0x000002694b04cd80: 24fc 7f00 | 00ff d048 | 83c4 2049 | c787 9803 | 0000 0000 | 0000 49c7 | 87a8 0300 | 0000 0000 
  0x000002694b04cda0: 0049 c787 | a003 0000 | 0000 0000 | c5f8 7749 | 837f 0800 | 0f84 0500 | 0000 e941 | 41ff ff4c 
  0x000002694b04cdc0: 8b6d c04c | 8b75 c84e | 8d74 f500 | c348 8b5d | e848 8b43 | 5849 8d8f | b803 0000 | c5f8 7749 
  0x000002694b04cde0: 89af a803 | 0000 49ba | dccd 044b | 6902 0000 | 4d89 97a0 | 0300 0049 | 89a7 9803 | 0000 41c7 
  0x000002694b04ce00: 874c 0400 | 0004 0000 | 00ff d0c5 | f877 4883 | ec10 c5fb | 1104 2448 | 83ec 1048 | 8904 2448 
  0x000002694b04ce20: c744 2408 | 0000 0000 | 41c7 874c | 0400 0005 | 0000 00f0 | 8344 24c0 | 0049 3baf | 5004 0000 
  0x000002694b04ce40: 0f87 0e00 | 0000 4183 | bf48 0400 | 0000 0f84 | 2000 0000 | 498b cf4c | 8be4 4883 | ec20 4883 
  0x000002694b04ce60: e4f0 48b8 | c0be 3a24 | fc7f 0000 | ffd0 498b | e44d 33e4 | 41c7 874c | 0400 0008 | 0000 0049 
  0x000002694b04ce80: c787 9803 | 0000 0000 | 0000 49c7 | 87a8 0300 | 0000 0000 | 0049 c787 | a003 0000 | 0000 0000 
  0x000002694b04cea0: c5f8 774d | 8b9f 2804 | 0000 41c7 | 8300 0100 | 0000 0000 | 0049 bb9a | a304 4b69 | 0200 004c 
  0x000002694b04cec0: 3b5d 180f | 8524 0200 | 0048 8b04 | 2448 83c4 | 1048 85c0 | 0f84 fe01 | 0000 a803 | 0f85 0800 
  0x000002694b04cee0: 0000 488b | 00e9 ee01 | 0000 a801 | 0f85 0900 | 0000 488b | 40fe e9dd | 0100 0048 | 8b40 ff41 
  0x000002694b04cf00: 807f 4000 | 0f84 ce01 | 0000 4883 | f800 0f84 | c401 0000 | 4d8b 5f28 | 4983 fb00 | 0f84 1400 
  0x000002694b04cf20: 0000 4983 | eb08 4d89 | 5f28 4d03 | 5f38 4989 | 03e9 a201 | 0000 4881 | ecd0 0000 | 0048 8904 
  0x000002694b04cf40: 2448 894c | 2408 4889 | 5424 1048 | 8974 2418 | 4889 7c24 | 204c 8944 | 2428 4c89 | 4c24 304c 
  0x000002694b04cf60: 8954 2438 | 4c89 5c24 | 40c5 fb11 | 4424 50c5 | fb11 4c24 | 58c5 fb11 | 5424 60c5 | fb11 5c24 
  0x000002694b04cf80: 68c5 fb11 | 6424 70c5 | fb11 6c24 | 78c5 fb11 | b424 8000 | 0000 c5fb | 11bc 2488 | 0000 00c5 
  0x000002694b04cfa0: 7b11 8424 | 9000 0000 | c57b 118c | 2498 0000 | 00c5 7b11 | 9424 a000 | 0000 c57b | 119c 24a8 
  0x000002694b04cfc0: 0000 00c5 | 7b11 a424 | b000 0000 | c57b 11ac | 24b8 0000 | 00c5 7b11 | b424 c000 | 0000 c57b 
  0x000002694b04cfe0: 11bc 24c8 | 0000 0049 | 8bd7 488b | c848 83ec | 2040 f6c4 | 0f0f 8419 | 0000 0048 | 83ec 0848 
  0x000002694b04d000: b8b0 222e | 24fc 7f00 | 00ff d048 | 83c4 08e9 | 0c00 0000 | 48b8 b022 | 2e24 fc7f | 0000 ffd0 
  0x000002694b04d020: 4883 c420 | c57b 10bc | 24c8 0000 | 00c5 7b10 | b424 c000 | 0000 c57b | 10ac 24b8 | 0000 00c5 
  0x000002694b04d040: 7b10 a424 | b000 0000 | c57b 109c | 24a8 0000 | 00c5 7b10 | 9424 a000 | 0000 c57b | 108c 2498 
  0x000002694b04d060: 0000 00c5 | 7b10 8424 | 9000 0000 | c5fb 10bc | 2488 0000 | 00c5 fb10 | b424 8000 | 0000 c5fb 
  0x000002694b04d080: 106c 2478 | c5fb 1064 | 2470 c5fb | 105c 2468 | c5fb 1054 | 2460 c5fb | 104c 2458 | c5fb 1044 
  0x000002694b04d0a0: 2450 4c8b | 5c24 404c | 8b54 2438 | 4c8b 4c24 | 304c 8b44 | 2428 488b | 7c24 2048 | 8b74 2418 
  0x000002694b04d0c0: 488b 5424 | 1048 8b4c | 2408 488b | 0424 4881 | c4d0 0000 | 00c5 f877 | 4889 4510 | 4883 ec10 
  0x000002694b04d0e0: 4889 0424 | 48c7 4424 | 0800 0000 | 0041 83bf | c804 0000 | 020f 85bf | 0000 0048 | 81ec 8000 
  0x000002694b04d100: 0000 4889 | 4424 7848 | 894c 2470 | 4889 5424 | 6848 895c | 2460 4889 | 6c24 5048 | 8974 2448 
  0x000002694b04d120: 4889 7c24 | 404c 8944 | 2438 4c89 | 4c24 304c | 8954 2428 | 4c89 5c24 | 204c 8964 | 2418 4c89 
  0x000002694b04d140: 6c24 104c | 8974 2408 | 4c89 3c24 | 4c8b e448 | 83ec 2048 | 83e4 f048 | b860 236f | 24fc 7f00 
  0x000002694b04d160: 00ff d049 | 8be4 4c8b | 3c24 4c8b | 7424 084c | 8b6c 2410 | 4c8b 6424 | 184c 8b5c | 2420 4c8b 
  0x000002694b04d180: 5424 284c | 8b4c 2430 | 4c8b 4424 | 3848 8b7c | 2440 488b | 7424 4848 | 8b6c 2450 | 488b 5c24 
  0x000002694b04d1a0: 6048 8b54 | 2468 488b | 4c24 7048 | 8b44 2478 | 4881 c480 | 0000 004d | 33e4 488b | 5de8 4c8b 
  0x000002694b04d1c0: 6b08 4d8d | 6d38 4983 | 7f08 000f | 84bb 0000 | 00e8 0500 | 0000 e996 | 0000 0048 | 8d44 2408 
  0x000002694b04d1e0: 4c89 6dc0 | 498b cfc5 | f877 4989 | afa8 0300 | 0049 8987 | 9803 0000 | 4883 ec20 | 40f6 c40f 
  0x000002694b04d200: 0f84 1900 | 0000 4883 | ec08 48b8 | 9083 3924 | fc7f 0000 | ffd0 4883 | c408 e90c | 0000 0048 
  0x000002694b04d220: b890 8339 | 24fc 7f00 | 00ff d048 | 83c4 2049 | c787 9803 | 0000 0000 | 0000 49c7 | 87a8 0300 
  0x000002694b04d240: 0000 0000 | 0049 c787 | a003 0000 | 0000 0000 | c5f8 7749 | 837f 0800 | 0f84 0500 | 0000 e99d 
  0x000002694b04d260: 3cff ff4c | 8b6d c04c | 8b75 c84e | 8d74 f500 | c348 b900 | 2896 24fc | 7f00 0048 | 83e4 f048 
  0x000002694b04d280: b8e0 0f5e | 24fc 7f00 | 00ff d0f4 | 448b 5b28 | 41f6 c320 | 0f84 4401 | 0000 488d | 55a8 4c8b 
  0x000002694b04d2a0: 5a08 4d85 | db0f 85bb | 0000 00e8 | 0500 0000 | e996 0000 | 0048 8d44 | 2408 4c89 | 6dc0 498b 
  0x000002694b04d2c0: cfc5 f877 | 4989 afa8 | 0300 0049 | 8987 9803 | 0000 4883 | ec20 40f6 | c40f 0f84 | 1900 0000 
  0x000002694b04d2e0: 4883 ec08 | 48b8 c082 | 3924 fc7f | 0000 ffd0 | 4883 c408 | e90c 0000 | 0048 b8c0 | 8239 24fc 
  0x000002694b04d300: 7f00 00ff | d048 83c4 | 2049 c787 | 9803 0000 | 0000 0000 | 49c7 87a8 | 0300 0000 | 0000 0049 
  0x000002694b04d320: c787 a003 | 0000 0000 | 0000 c5f8 | 7749 837f | 0800 0f84 | 0500 0000 | e9c3 3bff | ff4c 8b6d 
  0x000002694b04d340: c04c 8b75 | c84e 8d74 | f500 c348 | b900 2896 | 24fc 7f00 | 0048 83e4 | f048 b8e0 | 0f5e 24fc 
  0x000002694b04d360: 7f00 00ff | d0f4 4c89 | 6dc0 488d | 024c 8b4a | 0848 c742 | 0800 0000 | 004c 8b00 | 4d85 c00f 
  0x000002694b04d380: 840b 0000 | 00f0 4d0f | b101 0f85 | 0c00 0000 | 49ff 8f50 | 0500 00e9 | 3e00 0000 | 4c89 4a08 
  0x000002694b04d3a0: 488b ca48 | 83ec 2040 | f6c4 0f0f | 8419 0000 | 0048 83ec | 0848 b8f0 | 5539 24fc | 7f00 00ff 
  0x000002694b04d3c0: d048 83c4 | 08e9 0c00 | 0000 48b8 | f055 3924 | fc7f 0000 | ffd0 4883 | c420 4c8b | 6dc0 49ba 
  0x000002694b04d3e0: c925 be24 | fc7f 0000 | 4180 3a00 | 0f84 3e00 | 0000 488b | 55e8 498b | cf48 83ec | 2040 f6c4 
  0x000002694b04d400: 0f0f 8419 | 0000 0048 | 83ec 0848 | b830 eb6e | 24fc 7f00 | 00ff d048 | 83c4 08e9 | 0c00 0000 
  0x000002694b04d420: 48b8 30eb | 6e24 fc7f | 0000 ffd0 | 4883 c420 | 488b 0424 | 4883 c410 | c5fb 1004 | 2448 83c4 
  0x000002694b04d440: 104c 8b5d | 1841 ffd3 | 4c8b 5df8 | c95f 498b | e3ff e7ba | 0000 0000 | e805 0000 | 00e9 9600 
  0x000002694b04d460: 0000 488d | 4424 084c | 896d c049 | 8bcf c5f8 | 7749 89af | a803 0000 | 4989 8798 | 0300 0048 
  0x000002694b04d480: 83ec 2040 | f6c4 0f0f | 8419 0000 | 0048 83ec | 0848 b8c0 | 4939 24fc | 7f00 00ff | d048 83c4 
  0x000002694b04d4a0: 08e9 0c00 | 0000 48b8 | c049 3924 | fc7f 0000 | ffd0 4883 | c420 49c7 | 8798 0300 | 0000 0000 
  0x000002694b04d4c0: 0049 c787 | a803 0000 | 0000 0000 | 49c7 87a0 | 0300 0000 | 0000 00c5 | f877 4983 | 7f08 000f 
  0x000002694b04d4e0: 8405 0000 | 00e9 163a | ffff 4c8b | 6dc0 4c8b | 75c8 4e8d | 74f5 00c3 | 488b 5de8 | e95b f6ff 
  0x000002694b04d500: ff0f 1f80 | 0000 0000 
[/MachCode]

---------------  P R O C E S S  ---------------

Threads class SMR info:
_java_thread_list=0x00000269992ef760, length=14, elements={
0x00000269359bda40, 0x000002699908f620, 0x000002699908fcb0, 0x000002699908e270,
0x000002699908bb10, 0x000002699908e900, 0x0000026999091d80, 0x00000269990ab760,
0x00000269990aa9c0, 0x000002699908cec0, 0x0000026999091060, 0x000002699908dbe0,
0x00000269990a5800, 0x00000269990a5ed0
}

Java Threads: ( => current thread )
  0x00000269359bda40 JavaThread "main"                              [_thread_in_native, id=1636, stack(0x000000a6cba00000,0x000000a6cbbf0000) (1984K)]
  0x000002699908f620 JavaThread "Reference Handler"          daemon [_thread_blocked, id=8744, stack(0x000000a6cf4a0000,0x000000a6cf690000) (1984K)]
  0x000002699908fcb0 JavaThread "Finalizer"                  daemon [_thread_blocked, id=4760, stack(0x000000a6cf690000,0x000000a6cf880000) (1984K)]
  0x000002699908e270 JavaThread "Signal Dispatcher"          daemon [_thread_blocked, id=13596, stack(0x000000a6cf880000,0x000000a6cfa70000) (1984K)]
  0x000002699908bb10 JavaThread "Attach Listener"            daemon [_thread_blocked, id=9336, stack(0x000000a6cfa70000,0x000000a6cfc60000) (1984K)]
  0x000002699908e900 JavaThread "Service Thread"             daemon [_thread_blocked, id=9220, stack(0x000000a6cfc60000,0x000000a6cfe50000) (1984K)]
  0x0000026999091d80 JavaThread "Monitor Deflation Thread"   daemon [_thread_blocked, id=6368, stack(0x000000a6cfe50000,0x000000a6d0040000) (1984K)]
  0x00000269990ab760 JavaThread "C2 CompilerThread0"         daemon [_thread_in_native, id=8940, stack(0x000000a6d0040000,0x000000a6d0230000) (1984K)]
  0x00000269990aa9c0 JavaThread "C1 CompilerThread0"         daemon [_thread_blocked, id=1272, stack(0x000000a6d0230000,0x000000a6d0420000) (1984K)]
  0x000002699908cec0 JavaThread "Notification Thread"        daemon [_thread_blocked, id=1756, stack(0x000000a6d0420000,0x000000a6d0610000) (1984K)]
  0x0000026999091060 JavaThread "Common-Cleaner"             daemon [_thread_blocked, id=1656, stack(0x000000a6d0610000,0x000000a6d0800000) (1984K)]
=>0x000002699908dbe0 JavaThread "Python Reference Queue"     daemon [_thread_in_native, id=8064, stack(0x000000a6d0800000,0x000000a6d09f0000) (1984K)]
  0x00000269990a5800 JavaThread "C2 CompilerThread1"         daemon [_thread_in_native, id=13332, stack(0x000000a6d13a0000,0x000000a6d1590000) (1984K)]
  0x00000269990a5ed0 JavaThread "C2 CompilerThread2"         daemon [_thread_in_native, id=13640, stack(0x000000a6d1590000,0x000000a6d1780000) (1984K)]
Total: 14

Other Threads:
  0x00000269382678d0 VMThread "VM Thread"                           [id=3144, stack(0x000000a6cf2b0000,0x000000a6cf4a0000) (1984K)]
  0x0000026938bbf250 WatcherThread "VM Periodic Task Thread"        [id=5012, stack(0x000000a6cf0c0000,0x000000a6cf2b0000) (1984K)]
  0x0000026938266310 WorkerThread "GC Thread#0"                     [id=7264, stack(0x000000a6ce520000,0x000000a6ce710000) (1984K)]
  0x00000269382650f0 WorkerThread "GC Thread#1"                     [id=1168, stack(0x000000a6d09f0000,0x000000a6d0be0000) (1984K)]
  0x0000026938268750 WorkerThread "GC Thread#2"                     [id=7536, stack(0x000000a6d0be0000,0x000000a6d0dd0000) (1984K)]
  0x0000026938266df0 WorkerThread "GC Thread#3"                     [id=2416, stack(0x000000a6d0dd0000,0x000000a6d0fc0000) (1984K)]
  0x0000026938265830 WorkerThread "GC Thread#4"                     [id=4864, stack(0x000000a6d0fc0000,0x000000a6d11b0000) (1984K)]
  0x0000026938265490 WorkerThread "GC Thread#5"                     [id=12384, stack(0x000000a6d11b0000,0x000000a6d13a0000) (1984K)]
  0x00000269358c2ca0 ConcurrentGCThread "G1 Main Marker"            [id=2236, stack(0x000000a6ce900000,0x000000a6ceaf0000) (1984K)]
  0x00000269382666b0 WorkerThread "G1 Conc#0"                       [id=10656, stack(0x000000a6ceaf0000,0x000000a6cece0000) (1984K)]
  0x0000026938b872f0 ConcurrentGCThread "G1 Refine#0"               [id=9852, stack(0x000000a6cece0000,0x000000a6ceed0000) (1984K)]
  0x0000026935992680 ConcurrentGCThread "G1 Service"                [id=4784, stack(0x000000a6ceed0000,0x000000a6cf0c0000) (1984K)]
Total: 12

Threads with active compile tasks:
C2 CompilerThread0      712  874       4       jdk.internal.jimage.ImageLocation::buildName (128 bytes)
C2 CompilerThread1      712  851       4       jdk.internal.jimage.ImageReader$Resource::create (17 bytes)
C2 CompilerThread2      712  873       4       jdk.internal.jimage.ImageReader$SharedImageReader::lambda$handleModulesSubTree$1 (58 bytes)
Total: 3

VM state: not at safepoint (normal execution)

VM Mutex/Monitor currently owned by a thread: None

Heap address: 0x00000000c0000000, size: 1024 MB, Compressed Oops mode: 32-bit

CDS archive(s) mapped at: [0x0000026958000000-0x0000026958c90000-0x0000026958c90000), size 13172736, SharedBaseAddress: 0x0000026958000000, ArchiveRelocationMode: 1.
Compressed class space mapped at: 0x0000026959000000-0x0000026999000000, reserved size: 1073741824
Narrow klass base: 0x0000026958000000, Narrow klass shift: 0, Narrow klass range: 0x100000000

GC Precious Log:
 CardTable entry size: 512
 Card Set container configuration: InlinePtr #cards 5 size 8 Array Of Cards #cards 12 size 40 Howl #buckets 4 coarsen threshold 1843 Howl Bitmap #cards 512 size 80 coarsen threshold 460 Card regions per heap region 1 cards per card region 2048
 CPUs: 12 total, 12 available
 Memory: 16318M
 Large Page Support: Disabled
 NUMA Support: Disabled
 Compressed Oops: Enabled (32-bit)
 Heap Region Size: 1M
 Heap Min Capacity: 8M
 Heap Initial Capacity: 256M
 Heap Max Capacity: 1G
 Pre-touch: Disabled
 Parallel Workers: 10
 Concurrent Workers: 3
 Concurrent Refinement Workers: 10
 Periodic GC: Disabled

Heap:
 garbage-first heap   total 141312K, used 6086K [0x00000000c0000000, 0x0000000100000000)
  region size 1024K, 2 young (2048K), 1 survivors (1024K)
 Metaspace       used 2228K, committed 2432K, reserved 1114112K
  class space    used 182K, committed 256K, reserved 1048576K

Heap Regions: E=young(eden), S=young(survivor), O=old, HS=humongous(starts), HC=humongous(continues), CS=collection set, F=free, TAMS=top-at-mark-start, PB=parsable bottom
|   0|0x00000000c0000000, 0x00000000c0034970, 0x00000000c0100000| 20%| O|  |TAMS 0x00000000c0000000| PB 0x00000000c0000000| Untracked 
|   1|0x00000000c0100000, 0x00000000c017c880, 0x00000000c0200000| 48%| O|  |TAMS 0x00000000c0100000| PB 0x00000000c0100000| Untracked 
|   2|0x00000000c0200000, 0x00000000c0255a98, 0x00000000c0300000| 33%| O|  |TAMS 0x00000000c0200000| PB 0x00000000c0200000| Untracked 
|   3|0x00000000c0300000, 0x00000000c0364de0, 0x00000000c0400000| 39%| O|  |TAMS 0x00000000c0300000| PB 0x00000000c0300000| Untracked 
|   4|0x00000000c0400000, 0x00000000c0400888, 0x00000000c0500000|  0%| O|  |TAMS 0x00000000c0400000| PB 0x00000000c0400000| Untracked 
|   5|0x00000000c0500000, 0x00000000c051b150, 0x00000000c0600000| 10%| O|  |TAMS 0x00000000c0500000| PB 0x00000000c0500000| Untracked 
|   6|0x00000000c0600000, 0x00000000c0700000, 0x00000000c0700000|100%| O|  |TAMS 0x00000000c0600000| PB 0x00000000c0600000| Untracked 
|   7|0x00000000c0700000, 0x00000000c0800000, 0x00000000c0800000|100%| O|  |TAMS 0x00000000c0700000| PB 0x00000000c0700000| Untracked 
|   8|0x00000000c0800000, 0x00000000c0900000, 0x00000000c0900000|100%| O|  |TAMS 0x00000000c0800000| PB 0x00000000c0800000| Untracked 
|   9|0x00000000c0900000, 0x00000000c09a8430, 0x00000000c0a00000| 65%| O|  |TAMS 0x00000000c0900000| PB 0x00000000c0900000| Untracked 
|  10|0x00000000c0a00000, 0x00000000c0a00000, 0x00000000c0b00000|  0%| F|  |TAMS 0x00000000c0a00000| PB 0x00000000c0a00000| Untracked 
|  11|0x00000000c0b00000, 0x00000000c0b00000, 0x00000000c0c00000|  0%| F|  |TAMS 0x00000000c0b00000| PB 0x00000000c0b00000| Untracked 
|  12|0x00000000c0c00000, 0x00000000c0c00000, 0x00000000c0d00000|  0%| F|  |TAMS 0x00000000c0c00000| PB 0x00000000c0c00000| Untracked 
|  13|0x00000000c0d00000, 0x00000000c0dc2158, 0x00000000c0e00000| 75%| S|CS|TAMS 0x00000000c0d00000| PB 0x00000000c0d00000| Complete 
|  14|0x00000000c0e00000, 0x00000000c0e00000, 0x00000000c0f00000|  0%| F|  |TAMS 0x00000000c0e00000| PB 0x00000000c0e00000| Untracked 
|  15|0x00000000c0f00000, 0x00000000c0f00000, 0x00000000c1000000|  0%| F|  |TAMS 0x00000000c0f00000| PB 0x00000000c0f00000| Untracked 
|  16|0x00000000c1000000, 0x00000000c1000000, 0x00000000c1100000|  0%| F|  |TAMS 0x00000000c1000000| PB 0x00000000c1000000| Untracked 
|  17|0x00000000c1100000, 0x00000000c1100000, 0x00000000c1200000|  0%| F|  |TAMS 0x00000000c1100000| PB 0x00000000c1100000| Untracked 
|  18|0x00000000c1200000, 0x00000000c1200000, 0x00000000c1300000|  0%| F|  |TAMS 0x00000000c1200000| PB 0x00000000c1200000| Untracked 
|  19|0x00000000c1300000, 0x00000000c1300000, 0x00000000c1400000|  0%| F|  |TAMS 0x00000000c1300000| PB 0x00000000c1300000| Untracked 
|  20|0x00000000c1400000, 0x00000000c1400000, 0x00000000c1500000|  0%| F|  |TAMS 0x00000000c1400000| PB 0x00000000c1400000| Untracked 
|  21|0x00000000c1500000, 0x00000000c1500000, 0x00000000c1600000|  0%| F|  |TAMS 0x00000000c1500000| PB 0x00000000c1500000| Untracked 
|  22|0x00000000c1600000, 0x00000000c1600000, 0x00000000c1700000|  0%| F|  |TAMS 0x00000000c1600000| PB 0x00000000c1600000| Untracked 
|  23|0x00000000c1700000, 0x00000000c1700000, 0x00000000c1800000|  0%| F|  |TAMS 0x00000000c1700000| PB 0x00000000c1700000| Untracked 
|  24|0x00000000c1800000, 0x00000000c1800000, 0x00000000c1900000|  0%| F|  |TAMS 0x00000000c1800000| PB 0x00000000c1800000| Untracked 
|  25|0x00000000c1900000, 0x00000000c1900000, 0x00000000c1a00000|  0%| F|  |TAMS 0x00000000c1900000| PB 0x00000000c1900000| Untracked 
|  26|0x00000000c1a00000, 0x00000000c1a00000, 0x00000000c1b00000|  0%| F|  |TAMS 0x00000000c1a00000| PB 0x00000000c1a00000| Untracked 
|  27|0x00000000c1b00000, 0x00000000c1b00000, 0x00000000c1c00000|  0%| F|  |TAMS 0x00000000c1b00000| PB 0x00000000c1b00000| Untracked 
|  28|0x00000000c1c00000, 0x00000000c1c00000, 0x00000000c1d00000|  0%| F|  |TAMS 0x00000000c1c00000| PB 0x00000000c1c00000| Untracked 
|  29|0x00000000c1d00000, 0x00000000c1d00000, 0x00000000c1e00000|  0%| F|  |TAMS 0x00000000c1d00000| PB 0x00000000c1d00000| Untracked 
|  30|0x00000000c1e00000, 0x00000000c1e00000, 0x00000000c1f00000|  0%| F|  |TAMS 0x00000000c1e00000| PB 0x00000000c1e00000| Untracked 
|  31|0x00000000c1f00000, 0x00000000c1f00000, 0x00000000c2000000|  0%| F|  |TAMS 0x00000000c1f00000| PB 0x00000000c1f00000| Untracked 
|  32|0x00000000c2000000, 0x00000000c2000000, 0x00000000c2100000|  0%| F|  |TAMS 0x00000000c2000000| PB 0x00000000c2000000| Untracked 
|  33|0x00000000c2100000, 0x00000000c2100000, 0x00000000c2200000|  0%| F|  |TAMS 0x00000000c2100000| PB 0x00000000c2100000| Untracked 
|  34|0x00000000c2200000, 0x00000000c2200000, 0x00000000c2300000|  0%| F|  |TAMS 0x00000000c2200000| PB 0x00000000c2200000| Untracked 
|  35|0x00000000c2300000, 0x00000000c2300000, 0x00000000c2400000|  0%| F|  |TAMS 0x00000000c2300000| PB 0x00000000c2300000| Untracked 
|  36|0x00000000c2400000, 0x00000000c2400000, 0x00000000c2500000|  0%| F|  |TAMS 0x00000000c2400000| PB 0x00000000c2400000| Untracked 
|  37|0x00000000c2500000, 0x00000000c2500000, 0x00000000c2600000|  0%| F|  |TAMS 0x00000000c2500000| PB 0x00000000c2500000| Untracked 
|  38|0x00000000c2600000, 0x00000000c2600000, 0x00000000c2700000|  0%| F|  |TAMS 0x00000000c2600000| PB 0x00000000c2600000| Untracked 
|  39|0x00000000c2700000, 0x00000000c2700000, 0x00000000c2800000|  0%| F|  |TAMS 0x00000000c2700000| PB 0x00000000c2700000| Untracked 
|  40|0x00000000c2800000, 0x00000000c2800000, 0x00000000c2900000|  0%| F|  |TAMS 0x00000000c2800000| PB 0x00000000c2800000| Untracked 
|  41|0x00000000c2900000, 0x00000000c2900000, 0x00000000c2a00000|  0%| F|  |TAMS 0x00000000c2900000| PB 0x00000000c2900000| Untracked 
|  42|0x00000000c2a00000, 0x00000000c2a00000, 0x00000000c2b00000|  0%| F|  |TAMS 0x00000000c2a00000| PB 0x00000000c2a00000| Untracked 
|  43|0x00000000c2b00000, 0x00000000c2b00000, 0x00000000c2c00000|  0%| F|  |TAMS 0x00000000c2b00000| PB 0x00000000c2b00000| Untracked 
|  44|0x00000000c2c00000, 0x00000000c2c00000, 0x00000000c2d00000|  0%| F|  |TAMS 0x00000000c2c00000| PB 0x00000000c2c00000| Untracked 
|  45|0x00000000c2d00000, 0x00000000c2d00000, 0x00000000c2e00000|  0%| F|  |TAMS 0x00000000c2d00000| PB 0x00000000c2d00000| Untracked 
|  46|0x00000000c2e00000, 0x00000000c2e00000, 0x00000000c2f00000|  0%| F|  |TAMS 0x00000000c2e00000| PB 0x00000000c2e00000| Untracked 
|  47|0x00000000c2f00000, 0x00000000c2f00000, 0x00000000c3000000|  0%| F|  |TAMS 0x00000000c2f00000| PB 0x00000000c2f00000| Untracked 
|  48|0x00000000c3000000, 0x00000000c3000000, 0x00000000c3100000|  0%| F|  |TAMS 0x00000000c3000000| PB 0x00000000c3000000| Untracked 
|  49|0x00000000c3100000, 0x00000000c3100000, 0x00000000c3200000|  0%| F|  |TAMS 0x00000000c3100000| PB 0x00000000c3100000| Untracked 
|  50|0x00000000c3200000, 0x00000000c3200000, 0x00000000c3300000|  0%| F|  |TAMS 0x00000000c3200000| PB 0x00000000c3200000| Untracked 
|  51|0x00000000c3300000, 0x00000000c3300000, 0x00000000c3400000|  0%| F|  |TAMS 0x00000000c3300000| PB 0x00000000c3300000| Untracked 
|  52|0x00000000c3400000, 0x00000000c3400000, 0x00000000c3500000|  0%| F|  |TAMS 0x00000000c3400000| PB 0x00000000c3400000| Untracked 
|  53|0x00000000c3500000, 0x00000000c3500000, 0x00000000c3600000|  0%| F|  |TAMS 0x00000000c3500000| PB 0x00000000c3500000| Untracked 
|  54|0x00000000c3600000, 0x00000000c3600000, 0x00000000c3700000|  0%| F|  |TAMS 0x00000000c3600000| PB 0x00000000c3600000| Untracked 
|  55|0x00000000c3700000, 0x00000000c3700000, 0x00000000c3800000|  0%| F|  |TAMS 0x00000000c3700000| PB 0x00000000c3700000| Untracked 
|  56|0x00000000c3800000, 0x00000000c3800000, 0x00000000c3900000|  0%| F|  |TAMS 0x00000000c3800000| PB 0x00000000c3800000| Untracked 
|  57|0x00000000c3900000, 0x00000000c3900000, 0x00000000c3a00000|  0%| F|  |TAMS 0x00000000c3900000| PB 0x00000000c3900000| Untracked 
|  58|0x00000000c3a00000, 0x00000000c3a00000, 0x00000000c3b00000|  0%| F|  |TAMS 0x00000000c3a00000| PB 0x00000000c3a00000| Untracked 
|  59|0x00000000c3b00000, 0x00000000c3b00000, 0x00000000c3c00000|  0%| F|  |TAMS 0x00000000c3b00000| PB 0x00000000c3b00000| Untracked 
|  60|0x00000000c3c00000, 0x00000000c3c00000, 0x00000000c3d00000|  0%| F|  |TAMS 0x00000000c3c00000| PB 0x00000000c3c00000| Untracked 
|  61|0x00000000c3d00000, 0x00000000c3d00000, 0x00000000c3e00000|  0%| F|  |TAMS 0x00000000c3d00000| PB 0x00000000c3d00000| Untracked 
|  62|0x00000000c3e00000, 0x00000000c3e00000, 0x00000000c3f00000|  0%| F|  |TAMS 0x00000000c3e00000| PB 0x00000000c3e00000| Untracked 
|  63|0x00000000c3f00000, 0x00000000c3f00000, 0x00000000c4000000|  0%| F|  |TAMS 0x00000000c3f00000| PB 0x00000000c3f00000| Untracked 
|  64|0x00000000c4000000, 0x00000000c4000000, 0x00000000c4100000|  0%| F|  |TAMS 0x00000000c4000000| PB 0x00000000c4000000| Untracked 
|  65|0x00000000c4100000, 0x00000000c4100000, 0x00000000c4200000|  0%| F|  |TAMS 0x00000000c4100000| PB 0x00000000c4100000| Untracked 
|  66|0x00000000c4200000, 0x00000000c4200000, 0x00000000c4300000|  0%| F|  |TAMS 0x00000000c4200000| PB 0x00000000c4200000| Untracked 
|  67|0x00000000c4300000, 0x00000000c4300000, 0x00000000c4400000|  0%| F|  |TAMS 0x00000000c4300000| PB 0x00000000c4300000| Untracked 
|  68|0x00000000c4400000, 0x00000000c4400000, 0x00000000c4500000|  0%| F|  |TAMS 0x00000000c4400000| PB 0x00000000c4400000| Untracked 
|  69|0x00000000c4500000, 0x00000000c4500000, 0x00000000c4600000|  0%| F|  |TAMS 0x00000000c4500000| PB 0x00000000c4500000| Untracked 
|  70|0x00000000c4600000, 0x00000000c4600000, 0x00000000c4700000|  0%| F|  |TAMS 0x00000000c4600000| PB 0x00000000c4600000| Untracked 
|  71|0x00000000c4700000, 0x00000000c4700000, 0x00000000c4800000|  0%| F|  |TAMS 0x00000000c4700000| PB 0x00000000c4700000| Untracked 
|  72|0x00000000c4800000, 0x00000000c4800000, 0x00000000c4900000|  0%| F|  |TAMS 0x00000000c4800000| PB 0x00000000c4800000| Untracked 
|  73|0x00000000c4900000, 0x00000000c4900000, 0x00000000c4a00000|  0%| F|  |TAMS 0x00000000c4900000| PB 0x00000000c4900000| Untracked 
|  74|0x00000000c4a00000, 0x00000000c4a00000, 0x00000000c4b00000|  0%| F|  |TAMS 0x00000000c4a00000| PB 0x00000000c4a00000| Untracked 
|  75|0x00000000c4b00000, 0x00000000c4b00000, 0x00000000c4c00000|  0%| F|  |TAMS 0x00000000c4b00000| PB 0x00000000c4b00000| Untracked 
|  76|0x00000000c4c00000, 0x00000000c4c00000, 0x00000000c4d00000|  0%| F|  |TAMS 0x00000000c4c00000| PB 0x00000000c4c00000| Untracked 
|  77|0x00000000c4d00000, 0x00000000c4d00000, 0x00000000c4e00000|  0%| F|  |TAMS 0x00000000c4d00000| PB 0x00000000c4d00000| Untracked 
|  78|0x00000000c4e00000, 0x00000000c4e00000, 0x00000000c4f00000|  0%| F|  |TAMS 0x00000000c4e00000| PB 0x00000000c4e00000| Untracked 
|  79|0x00000000c4f00000, 0x00000000c4f00000, 0x00000000c5000000|  0%| F|  |TAMS 0x00000000c4f00000| PB 0x00000000c4f00000| Untracked 
|  80|0x00000000c5000000, 0x00000000c5000000, 0x00000000c5100000|  0%| F|  |TAMS 0x00000000c5000000| PB 0x00000000c5000000| Untracked 
|  81|0x00000000c5100000, 0x00000000c5100000, 0x00000000c5200000|  0%| F|  |TAMS 0x00000000c5100000| PB 0x00000000c5100000| Untracked 
|  82|0x00000000c5200000, 0x00000000c5200000, 0x00000000c5300000|  0%| F|  |TAMS 0x00000000c5200000| PB 0x00000000c5200000| Untracked 
|  83|0x00000000c5300000, 0x00000000c5300000, 0x00000000c5400000|  0%| F|  |TAMS 0x00000000c5300000| PB 0x00000000c5300000| Untracked 
|  84|0x00000000c5400000, 0x00000000c5400000, 0x00000000c5500000|  0%| F|  |TAMS 0x00000000c5400000| PB 0x00000000c5400000| Untracked 
|  85|0x00000000c5500000, 0x00000000c5500000, 0x00000000c5600000|  0%| F|  |TAMS 0x00000000c5500000| PB 0x00000000c5500000| Untracked 
|  86|0x00000000c5600000, 0x00000000c5600000, 0x00000000c5700000|  0%| F|  |TAMS 0x00000000c5600000| PB 0x00000000c5600000| Untracked 
|  87|0x00000000c5700000, 0x00000000c5700000, 0x00000000c5800000|  0%| F|  |TAMS 0x00000000c5700000| PB 0x00000000c5700000| Untracked 
|  88|0x00000000c5800000, 0x00000000c5800000, 0x00000000c5900000|  0%| F|  |TAMS 0x00000000c5800000| PB 0x00000000c5800000| Untracked 
|  89|0x00000000c5900000, 0x00000000c5900000, 0x00000000c5a00000|  0%| F|  |TAMS 0x00000000c5900000| PB 0x00000000c5900000| Untracked 
|  90|0x00000000c5a00000, 0x00000000c5a00000, 0x00000000c5b00000|  0%| F|  |TAMS 0x00000000c5a00000| PB 0x00000000c5a00000| Untracked 
|  91|0x00000000c5b00000, 0x00000000c5b00000, 0x00000000c5c00000|  0%| F|  |TAMS 0x00000000c5b00000| PB 0x00000000c5b00000| Untracked 
|  92|0x00000000c5c00000, 0x00000000c5c00000, 0x00000000c5d00000|  0%| F|  |TAMS 0x00000000c5c00000| PB 0x00000000c5c00000| Untracked 
|  93|0x00000000c5d00000, 0x00000000c5d00000, 0x00000000c5e00000|  0%| F|  |TAMS 0x00000000c5d00000| PB 0x00000000c5d00000| Untracked 
|  94|0x00000000c5e00000, 0x00000000c5e00000, 0x00000000c5f00000|  0%| F|  |TAMS 0x00000000c5e00000| PB 0x00000000c5e00000| Untracked 
|  95|0x00000000c5f00000, 0x00000000c5f00000, 0x00000000c6000000|  0%| F|  |TAMS 0x00000000c5f00000| PB 0x00000000c5f00000| Untracked 
|  96|0x00000000c6000000, 0x00000000c6000000, 0x00000000c6100000|  0%| F|  |TAMS 0x00000000c6000000| PB 0x00000000c6000000| Untracked 
|  97|0x00000000c6100000, 0x00000000c6100000, 0x00000000c6200000|  0%| F|  |TAMS 0x00000000c6100000| PB 0x00000000c6100000| Untracked 
|  98|0x00000000c6200000, 0x00000000c6200000, 0x00000000c6300000|  0%| F|  |TAMS 0x00000000c6200000| PB 0x00000000c6200000| Untracked 
|  99|0x00000000c6300000, 0x00000000c6300000, 0x00000000c6400000|  0%| F|  |TAMS 0x00000000c6300000| PB 0x00000000c6300000| Untracked 
| 100|0x00000000c6400000, 0x00000000c6400000, 0x00000000c6500000|  0%| F|  |TAMS 0x00000000c6400000| PB 0x00000000c6400000| Untracked 
| 101|0x00000000c6500000, 0x00000000c6500000, 0x00000000c6600000|  0%| F|  |TAMS 0x00000000c6500000| PB 0x00000000c6500000| Untracked 
| 102|0x00000000c6600000, 0x00000000c6600000, 0x00000000c6700000|  0%| F|  |TAMS 0x00000000c6600000| PB 0x00000000c6600000| Untracked 
| 103|0x00000000c6700000, 0x00000000c6700000, 0x00000000c6800000|  0%| F|  |TAMS 0x00000000c6700000| PB 0x00000000c6700000| Untracked 
| 104|0x00000000c6800000, 0x00000000c6800000, 0x00000000c6900000|  0%| F|  |TAMS 0x00000000c6800000| PB 0x00000000c6800000| Untracked 
| 105|0x00000000c6900000, 0x00000000c6900000, 0x00000000c6a00000|  0%| F|  |TAMS 0x00000000c6900000| PB 0x00000000c6900000| Untracked 
| 106|0x00000000c6a00000, 0x00000000c6a00000, 0x00000000c6b00000|  0%| F|  |TAMS 0x00000000c6a00000| PB 0x00000000c6a00000| Untracked 
| 107|0x00000000c6b00000, 0x00000000c6b00000, 0x00000000c6c00000|  0%| F|  |TAMS 0x00000000c6b00000| PB 0x00000000c6b00000| Untracked 
| 108|0x00000000c6c00000, 0x00000000c6c00000, 0x00000000c6d00000|  0%| F|  |TAMS 0x00000000c6c00000| PB 0x00000000c6c00000| Untracked 
| 109|0x00000000c6d00000, 0x00000000c6d00000, 0x00000000c6e00000|  0%| F|  |TAMS 0x00000000c6d00000| PB 0x00000000c6d00000| Untracked 
| 110|0x00000000c6e00000, 0x00000000c6e00000, 0x00000000c6f00000|  0%| F|  |TAMS 0x00000000c6e00000| PB 0x00000000c6e00000| Untracked 
| 111|0x00000000c6f00000, 0x00000000c6f00000, 0x00000000c7000000|  0%| F|  |TAMS 0x00000000c6f00000| PB 0x00000000c6f00000| Untracked 
| 112|0x00000000c7000000, 0x00000000c7000000, 0x00000000c7100000|  0%| F|  |TAMS 0x00000000c7000000| PB 0x00000000c7000000| Untracked 
| 113|0x00000000c7100000, 0x00000000c7100000, 0x00000000c7200000|  0%| F|  |TAMS 0x00000000c7100000| PB 0x00000000c7100000| Untracked 
| 114|0x00000000c7200000, 0x00000000c7200000, 0x00000000c7300000|  0%| F|  |TAMS 0x00000000c7200000| PB 0x00000000c7200000| Untracked 
| 115|0x00000000c7300000, 0x00000000c7300000, 0x00000000c7400000|  0%| F|  |TAMS 0x00000000c7300000| PB 0x00000000c7300000| Untracked 
| 116|0x00000000c7400000, 0x00000000c7400000, 0x00000000c7500000|  0%| F|  |TAMS 0x00000000c7400000| PB 0x00000000c7400000| Untracked 
| 117|0x00000000c7500000, 0x00000000c7500000, 0x00000000c7600000|  0%| F|  |TAMS 0x00000000c7500000| PB 0x00000000c7500000| Untracked 
| 118|0x00000000c7600000, 0x00000000c7600000, 0x00000000c7700000|  0%| F|  |TAMS 0x00000000c7600000| PB 0x00000000c7600000| Untracked 
| 119|0x00000000c7700000, 0x00000000c7700000, 0x00000000c7800000|  0%| F|  |TAMS 0x00000000c7700000| PB 0x00000000c7700000| Untracked 
| 120|0x00000000c7800000, 0x00000000c7800000, 0x00000000c7900000|  0%| F|  |TAMS 0x00000000c7800000| PB 0x00000000c7800000| Untracked 
| 121|0x00000000c7900000, 0x00000000c7900000, 0x00000000c7a00000|  0%| F|  |TAMS 0x00000000c7900000| PB 0x00000000c7900000| Untracked 
| 122|0x00000000c7a00000, 0x00000000c7a00000, 0x00000000c7b00000|  0%| F|  |TAMS 0x00000000c7a00000| PB 0x00000000c7a00000| Untracked 
| 123|0x00000000c7b00000, 0x00000000c7b00000, 0x00000000c7c00000|  0%| F|  |TAMS 0x00000000c7b00000| PB 0x00000000c7b00000| Untracked 
| 124|0x00000000c7c00000, 0x00000000c7c00000, 0x00000000c7d00000|  0%| F|  |TAMS 0x00000000c7c00000| PB 0x00000000c7c00000| Untracked 
| 125|0x00000000c7d00000, 0x00000000c7d00000, 0x00000000c7e00000|  0%| F|  |TAMS 0x00000000c7d00000| PB 0x00000000c7d00000| Untracked 
| 126|0x00000000c7e00000, 0x00000000c7e00000, 0x00000000c7f00000|  0%| F|  |TAMS 0x00000000c7e00000| PB 0x00000000c7e00000| Untracked 
| 127|0x00000000c7f00000, 0x00000000c7f00000, 0x00000000c8000000|  0%| F|  |TAMS 0x00000000c7f00000| PB 0x00000000c7f00000| Untracked 
| 128|0x00000000c8000000, 0x00000000c8000000, 0x00000000c8100000|  0%| F|  |TAMS 0x00000000c8000000| PB 0x00000000c8000000| Untracked 
| 129|0x00000000c8100000, 0x00000000c8100000, 0x00000000c8200000|  0%| F|  |TAMS 0x00000000c8100000| PB 0x00000000c8100000| Untracked 
| 130|0x00000000c8200000, 0x00000000c8200000, 0x00000000c8300000|  0%| F|  |TAMS 0x00000000c8200000| PB 0x00000000c8200000| Untracked 
| 131|0x00000000c8300000, 0x00000000c8300000, 0x00000000c8400000|  0%| F|  |TAMS 0x00000000c8300000| PB 0x00000000c8300000| Untracked 
| 132|0x00000000c8400000, 0x00000000c8400000, 0x00000000c8500000|  0%| F|  |TAMS 0x00000000c8400000| PB 0x00000000c8400000| Untracked 
| 133|0x00000000c8500000, 0x00000000c8500000, 0x00000000c8600000|  0%| F|  |TAMS 0x00000000c8500000| PB 0x00000000c8500000| Untracked 
| 134|0x00000000c8600000, 0x00000000c8600000, 0x00000000c8700000|  0%| F|  |TAMS 0x00000000c8600000| PB 0x00000000c8600000| Untracked 
| 135|0x00000000c8700000, 0x00000000c8700000, 0x00000000c8800000|  0%| F|  |TAMS 0x00000000c8700000| PB 0x00000000c8700000| Untracked 
| 136|0x00000000c8800000, 0x00000000c8800000, 0x00000000c8900000|  0%| F|  |TAMS 0x00000000c8800000| PB 0x00000000c8800000| Untracked 
| 137|0x00000000c8900000, 0x00000000c89bc178, 0x00000000c8a00000| 73%| E|  |TAMS 0x00000000c8900000| PB 0x00000000c8900000| Complete 

Card table byte_map: [0x0000026953590000,0x0000026953790000] _byte_map_base: 0x0000026952f90000

Marking Bits: (CMBitMap*) 0x00000269359be0e0
 Bits: [0x0000026953790000, 0x0000026954790000)

Polling page: 0x0000026939ee0000

Metaspace:

Usage:
  Non-class:      2.00 MB used.
      Class:    182.85 KB used.
       Both:      2.18 MB used.

Virtual space:
  Non-class space:       64.00 MB reserved,       2.12 MB (  3%) committed,  1 nodes.
      Class space:        1.00 GB reserved,     256.00 KB ( <1%) committed,  1 nodes.
             Both:        1.06 GB reserved,       2.38 MB ( <1%) committed. 

Chunk freelists:
   Non-Class:  11.73 MB
       Class:  15.71 MB
        Both:  27.44 MB

MaxMetaspaceSize: unlimited
CompressedClassSpaceSize: 1.00 GB
Initial GC threshold: 21.00 MB
Current GC threshold: 21.00 MB
CDS: on
 - commit_granule_bytes: 65536.
 - commit_granule_words: 8192.
 - virtual_space_node_default_size: 8388608.
 - enlarge_chunks_in_place: 1.
 - use_allocation_guard: 0.


Internal statistics:

num_allocs_failed_limit: 0.
num_arena_births: 42.
num_arena_deaths: 0.
num_vsnodes_births: 2.
num_vsnodes_deaths: 0.
num_space_committed: 38.
num_space_uncommitted: 0.
num_chunks_returned_to_freelist: 0.
num_chunks_taken_from_freelist: 65.
num_chunk_merges: 0.
num_chunk_splits: 41.
num_chunks_enlarged: 22.
num_inconsistent_stats: 0.

CodeHeap 'non-profiled nmethods': size=120000Kb used=327Kb max_used=327Kb free=119672Kb
 bounds [0x000002694b5e0000, 0x000002694b850000, 0x0000026952b10000]
CodeHeap 'profiled nmethods': size=120000Kb used=1556Kb max_used=1556Kb free=118443Kb
 bounds [0x0000026943b10000, 0x0000026943d80000, 0x000002694b040000]
CodeHeap 'non-nmethods': size=5760Kb used=1300Kb max_used=1338Kb free=4460Kb
 bounds [0x000002694b040000, 0x000002694b2b0000, 0x000002694b5e0000]
 total_blobs=1353 nmethods=939 adapters=319
 compilation: enabled
              stopped_count=0, restarted_count=0
 full_count=0

Compilation events (20 events):
Event: 0.398 Thread 0x00000269990aa9c0  456       3       java.lang.invoke.MethodType$ConcurrentWeakInternSet::expungeStaleElements (27 bytes)
Event: 0.399 Thread 0x00000269990aa9c0 nmethod 456 0x0000026943bafc90 code [0x0000026943bafe60, 0x0000026943bb01c0]
Event: 0.399 Thread 0x00000269990aa9c0  458       3       jdk.internal.org.objectweb.asm.Type::getReturnTypeOffset (64 bytes)
Event: 0.399 Thread 0x00000269990ab760  461       4       jdk.internal.org.objectweb.asm.ByteVector::putUTF8 (144 bytes)
Event: 0.399 Thread 0x00000269990aa9c0 nmethod 458 0x0000026943bb0310 code [0x0000026943bb0600, 0x0000026943bb1820]
Event: 0.399 Thread 0x00000269990aa9c0  457       3       jdk.internal.org.objectweb.asm.MethodWriter::visitInsn (115 bytes)
Event: 0.400 Thread 0x00000269990aa9c0 nmethod 457 0x0000026943bb1f10 code [0x0000026943bb2100, 0x0000026943bb2538]
Event: 0.400 Thread 0x00000269990aa9c0  459       3       jdk.internal.org.objectweb.asm.Frame::getAbstractTypeFromDescriptor (415 bytes)
Event: 0.401 Thread 0x00000269990aa9c0 nmethod 459 0x0000026943bb2690 code [0x0000026943bb2a40, 0x0000026943bb45d8]
Event: 0.401 Thread 0x00000269990aa9c0  466       3       jdk.internal.util.ArraysSupport::newLength (27 bytes)
Event: 0.401 Thread 0x00000269990aa9c0 nmethod 466 0x0000026943bb4e90 code [0x0000026943bb5060, 0x0000026943bb52d0]
Event: 0.401 Thread 0x00000269990aa9c0  465       1       java.lang.reflect.Constructor::getDeclaringClass (5 bytes)
Event: 0.401 Thread 0x00000269990aa9c0 nmethod 465 0x000002694b5fda10 code [0x000002694b5fdba0, 0x000002694b5fdc68]
Event: 0.401 Thread 0x00000269990aa9c0  460       3       jdk.internal.org.objectweb.asm.Frame::push (59 bytes)
Event: 0.401 Thread 0x00000269990aa9c0 nmethod 460 0x0000026943bb5390 code [0x0000026943bb55e0, 0x0000026943bb5db8]
Event: 0.401 Thread 0x00000269990aa9c0  467       3       java.lang.reflect.Executable::isVarArgs (17 bytes)
Event: 0.401 Thread 0x00000269990aa9c0 nmethod 467 0x0000026943bb6110 code [0x0000026943bb62c0, 0x0000026943bb64f0]
Event: 0.401 Thread 0x00000269990aa9c0  468       3       java.lang.reflect.Constructor::isVarArgs (5 bytes)
Event: 0.401 Thread 0x00000269990aa9c0 nmethod 468 0x0000026943bb6590 code [0x0000026943bb6740, 0x0000026943bb6928]
Event: 0.401 Thread 0x00000269990aa9c0  470       3       java.util.Arrays::asList (9 bytes)

GC Heap History (2 events):
Event: 0.349 GC heap before
{Heap before GC invocations=0 (full 0):
 garbage-first heap   total 262144K, used 5120K [0x00000000c0000000, 0x0000000100000000)
  region size 1024K, 6 young (6144K), 0 survivors (0K)
 Metaspace       used 1252K, committed 1472K, reserved 1114112K
  class space    used 110K, committed 192K, reserved 1048576K
}
Event: 0.352 GC heap after
{Heap after GC invocations=1 (full 1):
 garbage-first heap   total 20480K, used 1565K [0x00000000c0000000, 0x0000000100000000)
  region size 1024K, 0 young (0K), 0 survivors (0K)
 Metaspace       used 1252K, committed 1472K, reserved 1114112K
  class space    used 110K, committed 192K, reserved 1048576K
}

Dll operation events (6 events):
Event: 0.043 Loaded shared library C:\Program Files\Java\jdk-21\bin\java.dll
Event: 0.165 Loaded shared library C:\Program Files\Java\jdk-21\bin\jsvml.dll
Event: 0.205 Loaded shared library C:\Program Files\Java\jdk-21\bin\net.dll
Event: 0.207 Loaded shared library C:\Program Files\Java\jdk-21\bin\nio.dll
Event: 0.211 Loaded shared library C:\Program Files\Java\jdk-21\bin\zip.dll
Event: 0.283 Loaded shared library C:\Users\shchoi\anaconda3\envs\nltk_setting\Lib\site-packages\_jpype.cp38-win_amd64.pyd

Deoptimization events (6 events):
Event: 0.304 Thread 0x00000269359bda40 DEOPT PACKING pc=0x0000026943b27e99 sp=0x000000a6cbbeaeb0
Event: 0.304 Thread 0x00000269359bda40 DEOPT UNPACKING pc=0x000002694b094e42 sp=0x000000a6cbbea2d0 mode 0
Event: 0.307 Thread 0x00000269359bda40 DEOPT PACKING pc=0x0000026943b16d61 sp=0x000000a6cbbeadb0
Event: 0.307 Thread 0x00000269359bda40 DEOPT UNPACKING pc=0x000002694b094e42 sp=0x000000a6cbbea218 mode 0
Event: 0.308 Thread 0x00000269359bda40 DEOPT PACKING pc=0x0000026943b16d61 sp=0x000000a6cbbea890
Event: 0.308 Thread 0x00000269359bda40 DEOPT UNPACKING pc=0x000002694b094e42 sp=0x000000a6cbbe9cf8 mode 0

Classes loaded (20 events):
Event: 0.329 Loading class jdk/internal/vm/annotation/IntrinsicCandidate
Event: 0.329 Loading class jdk/internal/vm/annotation/IntrinsicCandidate done
Event: 0.331 Loading class java/lang/Throwable$PrintStreamOrWriter
Event: 0.332 Loading class java/lang/Throwable$PrintStreamOrWriter done
Event: 0.332 Loading class java/io/ObjectInputStream
Event: 0.332 Loading class java/io/ObjectInput
Event: 0.333 Loading class java/io/ObjectInput done
Event: 0.333 Loading class java/io/ObjectStreamConstants
Event: 0.333 Loading class java/io/ObjectStreamConstants done
Event: 0.333 Loading class java/io/ObjectInputStream done
Event: 0.333 Loading class java/io/ObjectOutputStream
Event: 0.334 Loading class java/io/ObjectOutput
Event: 0.334 Loading class java/io/ObjectOutput done
Event: 0.334 Loading class java/io/ObjectOutputStream done
Event: 0.339 Loading class jdk/internal/vm/annotation/ForceInline
Event: 0.339 Loading class jdk/internal/vm/annotation/ForceInline done
Event: 0.345 Loading class java/lang/Deprecated
Event: 0.345 Loading class java/lang/Deprecated done
Event: 0.345 Loading class java/lang/annotation/Documented
Event: 0.345 Loading class java/lang/annotation/Documented done

Classes unloaded (0 events):
No events

Classes redefined (0 events):
No events

Internal exceptions (4 events):
Event: 0.225 Thread 0x00000269359bda40 Exception <a 'java/lang/NoClassDefFoundError'{0x00000000cfda20b0}: org/jpype/classloader/DynamicClassLoader> (0x00000000cfda20b0) 
thrown [s\open\src\hotspot\share\classfile\systemDictionary.cpp, line 301]
Event: 0.302 Thread 0x00000269359bda40 Exception <a 'java/lang/NoSuchMethodError'{0x00000000cfccb0b8}: 'java.lang.Object java.lang.invoke.Invokers$Holder.invokeExact_MT(java.lang.Object, java.lang.Object, java.lang.Object, java.lang.Object, java.lang.Object)'> (0x00000000cfccb0b8) 
thrown [s\open\src\hotspot\share\interpreter\linkResolver.cpp, line 773]
Event: 0.326 Thread 0x00000269359bda40 Exception <a 'java/lang/NoSuchMethodError'{0x00000000cfb67c58}: 'java.lang.Object java.lang.invoke.DirectMethodHandle$Holder.invokeInterface(java.lang.Object, java.lang.Object)'> (0x00000000cfb67c58) 
thrown [s\open\src\hotspot\share\interpreter\linkResolver.cpp, line 773]
Event: 0.326 Thread 0x00000269359bda40 Exception <a 'java/lang/IncompatibleClassChangeError'{0x00000000cfb6b020}: Found class java.lang.Object, but interface was expected> (0x00000000cfb6b020) 
thrown [s\open\src\hotspot\share\interpreter\linkResolver.cpp, line 840]

ZGC Phase Switch (0 events):
No events

VM Operations (4 events):
Event: 0.228 Executing VM operation: HandshakeAllThreads (Deoptimize)
Event: 0.228 Executing VM operation: HandshakeAllThreads (Deoptimize) done
Event: 0.349 Executing VM operation: G1CollectFull (System.gc())
Event: 0.352 Executing VM operation: G1CollectFull (System.gc()) done

Events (12 events):
Event: 0.120 Thread 0x00000269359bda40 Thread added: 0x00000269359bda40
Event: 0.161 Thread 0x000002699908f620 Thread added: 0x000002699908f620
Event: 0.161 Thread 0x000002699908fcb0 Thread added: 0x000002699908fcb0
Event: 0.162 Thread 0x000002699908e270 Thread added: 0x000002699908e270
Event: 0.162 Thread 0x000002699908bb10 Thread added: 0x000002699908bb10
Event: 0.162 Thread 0x000002699908e900 Thread added: 0x000002699908e900
Event: 0.162 Thread 0x0000026999091d80 Thread added: 0x0000026999091d80
Event: 0.162 Thread 0x00000269990ab760 Thread added: 0x00000269990ab760
Event: 0.162 Thread 0x00000269990aa9c0 Thread added: 0x00000269990aa9c0
Event: 0.196 Thread 0x000002699908cec0 Thread added: 0x000002699908cec0
Event: 0.201 Thread 0x0000026999091060 Thread added: 0x0000026999091060
Event: 0.297 Thread 0x000002699908dbe0 Thread added: 0x000002699908dbe0


Dynamic libraries:
0x00007ff7a1440000 - 0x00007ff7a145c000 	c:\Users\shchoi\anaconda3\envs\nltk_setting\python.exe
0x00007ffcd2610000 - 0x00007ffcd2808000 	C:\Windows\SYSTEM32\ntdll.dll
0x00007ffcd0ac0000 - 0x00007ffcd0b7d000 	C:\Windows\System32\KERNEL32.DLL
0x00007ffcd00b0000 - 0x00007ffcd03a6000 	C:\Windows\System32\KERNELBASE.dll
0x00007ffcd0440000 - 0x00007ffcd0540000 	C:\Windows\System32\ucrtbase.dll
0x00007ffcb23c0000 - 0x00007ffcb23d9000 	c:\Users\shchoi\anaconda3\envs\nltk_setting\VCRUNTIME140.dll
0x00007ffc4bc90000 - 0x00007ffc4c165000 	c:\Users\shchoi\anaconda3\envs\nltk_setting\python38.dll
0x00007ffcd0670000 - 0x00007ffcd06c5000 	C:\Windows\System32\SHLWAPI.dll
0x00007ffcd2220000 - 0x00007ffcd22be000 	C:\Windows\System32\msvcrt.dll
0x00007ffcc9860000 - 0x00007ffcc986a000 	C:\Windows\SYSTEM32\VERSION.dll
0x00007ffcd1760000 - 0x00007ffcd17cb000 	C:\Windows\System32\WS2_32.dll
0x00007ffcd0990000 - 0x00007ffcd0ab6000 	C:\Windows\System32\RPCRT4.dll
0x00007ffcd2520000 - 0x00007ffcd25cf000 	C:\Windows\System32\ADVAPI32.dll
0x00007ffcd16c0000 - 0x00007ffcd175c000 	C:\Windows\System32\sechost.dll
0x00007ffccf680000 - 0x00007ffccf698000 	C:\Windows\SYSTEM32\CRYPTSP.dll
0x00007ffcced40000 - 0x00007ffcced74000 	C:\Windows\system32\rsaenh.dll
0x00007ffccffe0000 - 0x00007ffcd0007000 	C:\Windows\System32\bcrypt.dll
0x00007ffccf6a0000 - 0x00007ffccf6ac000 	C:\Windows\SYSTEM32\CRYPTBASE.dll
0x00007ffcd03b0000 - 0x00007ffcd0432000 	C:\Windows\System32\bcryptPrimitives.dll
0x00007ffcb23b0000 - 0x00007ffcb23bf000 	c:\Users\shchoi\anaconda3\envs\nltk_setting\python3.DLL
0x00007ffccb8d0000 - 0x00007ffccb8df000 	c:\Users\shchoi\anaconda3\envs\nltk_setting\lib\site-packages\zmq\backend\cython\_device.cp38-win_amd64.pyd
0x00007ffc6c080000 - 0x00007ffc6c0f7000 	c:\Users\shchoi\anaconda3\envs\nltk_setting\Library\bin\libzmq-mt-4_3_4.dll
0x00007ffccf130000 - 0x00007ffccf16b000 	C:\Windows\SYSTEM32\IPHLPAPI.DLL
0x00007ffc6bed0000 - 0x00007ffc6bf61000 	c:\Users\shchoi\anaconda3\envs\nltk_setting\MSVCP140.dll
0x00007ffc6be80000 - 0x00007ffc6becf000 	c:\Users\shchoi\anaconda3\envs\nltk_setting\Library\bin\libsodium.dll
0x00007ffccb8b0000 - 0x00007ffccb8bc000 	c:\Users\shchoi\anaconda3\envs\nltk_setting\VCRUNTIME140_1.dll
0x00007ffca2250000 - 0x00007ffca2261000 	c:\Users\shchoi\anaconda3\envs\nltk_setting\lib\site-packages\zmq\backend\cython\context.cp38-win_amd64.pyd
0x00007ffc6d450000 - 0x00007ffc6d471000 	c:\Users\shchoi\anaconda3\envs\nltk_setting\lib\site-packages\zmq\backend\cython\socket.cp38-win_amd64.pyd
0x00007ffca1690000 - 0x00007ffca16a6000 	c:\Users\shchoi\anaconda3\envs\nltk_setting\lib\site-packages\zmq\backend\cython\message.cp38-win_amd64.pyd
0x00007ffc6b4a0000 - 0x00007ffc6b4b2000 	c:\Users\shchoi\anaconda3\envs\nltk_setting\lib\site-packages\zmq\backend\cython\_poll.cp38-win_amd64.pyd
0x00007ffca2540000 - 0x00007ffca254e000 	c:\Users\shchoi\anaconda3\envs\nltk_setting\lib\site-packages\zmq\backend\cython\_proxy_steerable.cp38-win_amd64.pyd
0x00007ffc6d440000 - 0x00007ffc6d44a000 	c:\Users\shchoi\anaconda3\envs\nltk_setting\lib\site-packages\zmq\backend\cython\_version.cp38-win_amd64.pyd
0x00007ffc6d090000 - 0x00007ffc6d09a000 	c:\Users\shchoi\anaconda3\envs\nltk_setting\lib\site-packages\zmq\backend\cython\error.cp38-win_amd64.pyd
0x00007ffc6cc00000 - 0x00007ffc6cc0e000 	c:\Users\shchoi\anaconda3\envs\nltk_setting\lib\site-packages\zmq\backend\cython\utils.cp38-win_amd64.pyd
0x00007ffcb2340000 - 0x00007ffcb2357000 	c:\Users\shchoi\anaconda3\envs\nltk_setting\DLLs\_socket.pyd
0x00007ffcb2330000 - 0x00007ffcb2339000 	c:\Users\shchoi\anaconda3\envs\nltk_setting\DLLs\select.pyd
0x00007ffc634e0000 - 0x00007ffc63510000 	c:\Users\shchoi\anaconda3\envs\nltk_setting\DLLs\_ssl.pyd
0x00007ffccfe80000 - 0x00007ffccffdd000 	C:\Windows\System32\CRYPT32.dll
0x00007ffcb2210000 - 0x00007ffcb22d2000 	c:\Users\shchoi\anaconda3\envs\nltk_setting\Library\bin\libssl-3-x64.dll
0x00007ffc33e00000 - 0x00007ffc342ff000 	c:\Users\shchoi\anaconda3\envs\nltk_setting\Library\bin\libcrypto-3-x64.dll
0x00007ffcd17f0000 - 0x00007ffcd198e000 	C:\Windows\System32\USER32.dll
0x00007ffcd0640000 - 0x00007ffcd0662000 	C:\Windows\System32\win32u.dll
0x00007ffcd22c0000 - 0x00007ffcd22ec000 	C:\Windows\System32\GDI32.dll
0x00007ffccfcf0000 - 0x00007ffccfe0a000 	C:\Windows\System32\gdi32full.dll
0x00007ffcd0010000 - 0x00007ffcd00ad000 	C:\Windows\System32\msvcp_win.dll
0x00007ffcd1ee0000 - 0x00007ffcd1f10000 	C:\Windows\System32\IMM32.DLL
0x00007ffc6b480000 - 0x00007ffc6b493000 	c:\Users\shchoi\anaconda3\envs\nltk_setting\DLLs\_asyncio.pyd
0x00007ffc6a1d0000 - 0x00007ffc6a1de000 	c:\Users\shchoi\anaconda3\envs\nltk_setting\DLLs\_overlapped.pyd
0x00007ffccf490000 - 0x00007ffccf4fa000 	C:\Windows\system32\mswsock.dll
0x00007ffcb2390000 - 0x00007ffcb23a8000 	c:\Users\shchoi\anaconda3\envs\nltk_setting\DLLs\_bz2.pyd
0x00007ffcb2360000 - 0x00007ffcb2390000 	c:\Users\shchoi\anaconda3\envs\nltk_setting\DLLs\_lzma.pyd
0x00007ffcb2320000 - 0x00007ffcb2329000 	c:\Users\shchoi\anaconda3\envs\nltk_setting\DLLs\_queue.pyd
0x00007ffc634d0000 - 0x00007ffc634dc000 	c:\Users\shchoi\anaconda3\envs\nltk_setting\DLLs\_hashlib.pyd
0x00007ffc63470000 - 0x00007ffc63477000 	c:\Users\shchoi\anaconda3\envs\nltk_setting\lib\site-packages\tornado\speedups.pyd
0x00007ffcb22f0000 - 0x00007ffcb2314000 	c:\Users\shchoi\anaconda3\envs\nltk_setting\DLLs\_ctypes.pyd
0x00007ffcd06d0000 - 0x00007ffcd07fb000 	C:\Windows\System32\ole32.dll
0x00007ffcd12d0000 - 0x00007ffcd1624000 	C:\Windows\System32\combase.dll
0x00007ffcd0800000 - 0x00007ffcd08cd000 	C:\Windows\System32\OLEAUT32.dll
0x00007ffcb22e0000 - 0x00007ffcb22eb000 	c:\Users\shchoi\anaconda3\envs\nltk_setting\DLLs\libffi-7.dll
0x00007ffc5aa20000 - 0x00007ffc5aa6b000 	c:\Users\shchoi\anaconda3\envs\nltk_setting\DLLs\_decimal.pyd
0x00007ffcd0b80000 - 0x00007ffcd12c4000 	C:\Windows\System32\shell32.DLL
0x00007ffcb20e0000 - 0x00007ffcb20f6000 	c:\Users\shchoi\anaconda3\envs\nltk_setting\DLLs\_sqlite3.pyd
0x00007ffc6d190000 - 0x00007ffc6d2fe000 	c:\Users\shchoi\anaconda3\envs\nltk_setting\Library\bin\sqlite3.dll
0x00007ffcb2100000 - 0x00007ffcb220f000 	c:\Users\shchoi\anaconda3\envs\nltk_setting\DLLs\unicodedata.pyd
0x00007ffcb20c0000 - 0x00007ffcb20d5000 	c:\Users\shchoi\anaconda3\envs\nltk_setting\lib\site-packages\psutil\_psutil_windows.cp38-win_amd64.pyd
0x00007ffcd19a0000 - 0x00007ffcd19a8000 	C:\Windows\System32\PSAPI.DLL
0x00007ffccf2a0000 - 0x00007ffccf2eb000 	C:\Windows\SYSTEM32\POWRPROF.dll
0x00007ffcabf50000 - 0x00007ffcabf99000 	C:\Windows\SYSTEM32\pdh.dll
0x00007ffccf110000 - 0x00007ffccf122000 	C:\Windows\SYSTEM32\UMPDC.dll
0x00007ffccb870000 - 0x00007ffccb884000 	C:\Windows\SYSTEM32\wtsapi32.dll
0x00007ffcb2080000 - 0x00007ffcb20b6000 	c:\Users\shchoi\anaconda3\envs\nltk_setting\DLLs\pyexpat.pyd
0x00007ffcb2020000 - 0x00007ffcb2074000 	c:\Users\shchoi\anaconda3\envs\nltk_setting\lib\site-packages\debugpy\_vendored\pydevd\_pydevd_bundle\pydevd_cython.cp38-win_amd64.pyd
0x00007ffccdbd0000 - 0x00007ffccdbe2000 	C:\Windows\SYSTEM32\kernel.appcore.dll
0x00007ffc6c8a0000 - 0x00007ffc6c8a7000 	C:\Windows\system32\wshunix.dll
0x00007ffcd1990000 - 0x00007ffcd1998000 	C:\Windows\System32\NSI.dll
0x00007ffcc9730000 - 0x00007ffcc9747000 	C:\Windows\SYSTEM32\dhcpcsvc6.DLL
0x00007ffcc9d40000 - 0x00007ffcc9d5d000 	C:\Windows\SYSTEM32\dhcpcsvc.DLL
0x00007ffccf180000 - 0x00007ffccf24a000 	C:\Windows\SYSTEM32\DNSAPI.dll
0x00007ffcd1e30000 - 0x00007ffcd1edd000 	C:\Windows\System32\shcore.dll
0x00007ffcc3510000 - 0x00007ffcc354a000 	c:\Users\shchoi\anaconda3\envs\nltk_setting\DLLs\_elementtree.pyd
0x00007ffccaad0000 - 0x00007ffccaad7000 	c:\Users\shchoi\anaconda3\envs\nltk_setting\lib\site-packages\mkl\_mklinit.cp38-win_amd64.pyd
0x00007ffc30000000 - 0x00007ffc31f5c000 	c:\Users\shchoi\anaconda3\envs\nltk_setting\Library\bin\mkl_rt.2.dll
0x00007ffcc34f0000 - 0x00007ffcc350a000 	c:\Users\shchoi\anaconda3\envs\nltk_setting\lib\site-packages\mkl\_py_mkl_service.cp38-win_amd64.pyd
0x00007ffc35470000 - 0x00007ffc357d6000 	c:\Users\shchoi\anaconda3\envs\nltk_setting\lib\site-packages\numpy\core\_multiarray_umath.cp38-win_amd64.pyd
0x00007ffcc33a0000 - 0x00007ffcc33c1000 	c:\Users\shchoi\anaconda3\envs\nltk_setting\lib\site-packages\numpy\core\_multiarray_tests.cp38-win_amd64.pyd
0x00007ffcc3370000 - 0x00007ffcc339e000 	c:\Users\shchoi\anaconda3\envs\nltk_setting\lib\site-packages\numpy\linalg\_umath_linalg.cp38-win_amd64.pyd
0x00007ffcc3220000 - 0x00007ffcc3241000 	c:\Users\shchoi\anaconda3\envs\nltk_setting\lib\site-packages\numpy\fft\_pocketfft_internal.cp38-win_amd64.pyd
0x00007ffc6c1a0000 - 0x00007ffc6c237000 	c:\Users\shchoi\anaconda3\envs\nltk_setting\lib\site-packages\numpy\random\mtrand.cp38-win_amd64.pyd
0x00007ffcc31f0000 - 0x00007ffcc321b000 	c:\Users\shchoi\anaconda3\envs\nltk_setting\lib\site-packages\numpy\random\bit_generator.cp38-win_amd64.pyd
0x00007ffca3a50000 - 0x00007ffca3a84000 	c:\Users\shchoi\anaconda3\envs\nltk_setting\lib\site-packages\numpy\random\_common.cp38-win_amd64.pyd
0x00007ffca2860000 - 0x00007ffca28a3000 	c:\Users\shchoi\anaconda3\envs\nltk_setting\lib\site-packages\numpy\random\_bounded_integers.cp38-win_amd64.pyd
0x00007ffcc34d0000 - 0x00007ffcc34e9000 	c:\Users\shchoi\anaconda3\envs\nltk_setting\lib\site-packages\numpy\random\_mt19937.cp38-win_amd64.pyd
0x00007ffcc3350000 - 0x00007ffcc3367000 	c:\Users\shchoi\anaconda3\envs\nltk_setting\lib\site-packages\numpy\random\_philox.cp38-win_amd64.pyd
0x00007ffcbf5f0000 - 0x00007ffcbf60a000 	c:\Users\shchoi\anaconda3\envs\nltk_setting\lib\site-packages\numpy\random\_pcg64.cp38-win_amd64.pyd
0x00007ffcb2000000 - 0x00007ffcb2012000 	c:\Users\shchoi\anaconda3\envs\nltk_setting\lib\site-packages\numpy\random\_sfc64.cp38-win_amd64.pyd
0x00007ffc63350000 - 0x00007ffc63403000 	c:\Users\shchoi\anaconda3\envs\nltk_setting\lib\site-packages\numpy\random\_generator.cp38-win_amd64.pyd
0x00007ffc2cbd0000 - 0x00007ffc2fff9000 	c:\Users\shchoi\anaconda3\envs\nltk_setting\Library\bin\mkl_intel_thread.2.dll
0x00007ffc280d0000 - 0x00007ffc2cbc3000 	c:\Users\shchoi\anaconda3\envs\nltk_setting\Library\bin\mkl_core.2.dll
0x00007ffc25b70000 - 0x00007ffc280cd000 	c:\Users\shchoi\anaconda3\envs\nltk_setting\Library\bin\mkl_def.2.dll
0x00007ffc32b90000 - 0x00007ffc33422000 	c:\Users\shchoi\anaconda3\envs\nltk_setting\Library\bin\mkl_vml_def.2.dll
0x00007ffcb1fb0000 - 0x00007ffcb1fc5000 	c:\Users\shchoi\anaconda3\envs\nltk_setting\lib\site-packages\scipy\_lib\_ccallback_c.cp38-win_amd64.pyd
0x00007ffcc3490000 - 0x00007ffcc349b000 	c:\Users\shchoi\anaconda3\envs\nltk_setting\lib\site-packages\numpy\linalg\lapack_lite.cp38-win_amd64.pyd
0x00007ffc6c110000 - 0x00007ffc6c19e000 	c:\Users\shchoi\anaconda3\envs\nltk_setting\lib\site-packages\scipy\spatial\_ckdtree.cp38-win_amd64.pyd
0x00007ffc35ac0000 - 0x00007ffc35d13000 	c:\Users\shchoi\anaconda3\envs\nltk_setting\lib\site-packages\scipy\sparse\_sparsetools.cp38-win_amd64.pyd
0x00007ffc6d0a0000 - 0x00007ffc6d11f000 	c:\Users\shchoi\anaconda3\envs\nltk_setting\lib\site-packages\scipy\sparse\_csparsetools.cp38-win_amd64.pyd
0x00007ffc6d330000 - 0x00007ffc6d365000 	c:\Users\shchoi\anaconda3\envs\nltk_setting\lib\site-packages\scipy\sparse\linalg\_isolve\_iterative.cp38-win_amd64.pyd
0x00007ffc32730000 - 0x00007ffc32b87000 	c:\Users\shchoi\anaconda3\envs\nltk_setting\Library\bin\libmmd.dll
0x00007ffc631f0000 - 0x00007ffc63285000 	c:\Users\shchoi\anaconda3\envs\nltk_setting\lib\site-packages\scipy\linalg\_fblas.cp38-win_amd64.pyd
0x00007ffc5aab0000 - 0x00007ffc5ac92000 	c:\Users\shchoi\anaconda3\envs\nltk_setting\lib\site-packages\scipy\linalg\_flapack.cp38-win_amd64.pyd
0x00007ffc6cc10000 - 0x00007ffc6cc71000 	c:\Users\shchoi\anaconda3\envs\nltk_setting\lib\site-packages\scipy\linalg\_cythonized_array_utils.cp38-win_amd64.pyd
0x00007ffca3a30000 - 0x00007ffca3a42000 	c:\Users\shchoi\anaconda3\envs\nltk_setting\lib\site-packages\scipy\linalg\_flinalg.cp38-win_amd64.pyd
0x00007ffc6c040000 - 0x00007ffc6c076000 	c:\Users\shchoi\anaconda3\envs\nltk_setting\lib\site-packages\scipy\linalg\_solve_toeplitz.cp38-win_amd64.pyd
0x00007ffca2a60000 - 0x00007ffca2a72000 	c:\Users\shchoi\anaconda3\envs\nltk_setting\lib\site-packages\scipy\linalg\_matfuncs_sqrtm_triu.cp38-win_amd64.pyd
0x00007ffc6bfa0000 - 0x00007ffc6bff3000 	c:\Users\shchoi\anaconda3\envs\nltk_setting\lib\site-packages\scipy\linalg\_matfuncs_expm.cp38-win_amd64.pyd
0x00007ffc5a8b0000 - 0x00007ffc5a954000 	c:\Users\shchoi\anaconda3\envs\nltk_setting\lib\site-packages\scipy\linalg\cython_lapack.cp38-win_amd64.pyd
0x00007ffc63310000 - 0x00007ffc6334e000 	c:\Users\shchoi\anaconda3\envs\nltk_setting\lib\site-packages\scipy\linalg\cython_blas.cp38-win_amd64.pyd
0x00007ffc632d0000 - 0x00007ffc63310000 	c:\Users\shchoi\anaconda3\envs\nltk_setting\lib\site-packages\scipy\linalg\_decomp_update.cp38-win_amd64.pyd
0x00007ffc631a0000 - 0x00007ffc631ef000 	c:\Users\shchoi\anaconda3\envs\nltk_setting\lib\site-packages\scipy\sparse\linalg\_dsolve\_superlu.cp38-win_amd64.pyd
0x00007ffc5a840000 - 0x00007ffc5a8a8000 	c:\Users\shchoi\anaconda3\envs\nltk_setting\lib\site-packages\scipy\sparse\linalg\_eigen\arpack\_arpack.cp38-win_amd64.pyd
0x00007ffc33a40000 - 0x00007ffc33c25000 	c:\Users\shchoi\anaconda3\envs\nltk_setting\Library\bin\libifcoremd.dll
0x00007ffcd17d0000 - 0x00007ffcd17ed000 	C:\Windows\System32\imagehlp.dll
0x00007ffc5a7e0000 - 0x00007ffc5a836000 	c:\Users\shchoi\anaconda3\envs\nltk_setting\lib\site-packages\scipy\sparse\csgraph\_shortest_path.cp38-win_amd64.pyd
0x00007ffc6bf70000 - 0x00007ffc6bf95000 	c:\Users\shchoi\anaconda3\envs\nltk_setting\lib\site-packages\scipy\sparse\csgraph\_tools.cp38-win_amd64.pyd
0x00007ffc63480000 - 0x00007ffc634a2000 	c:\Users\shchoi\anaconda3\envs\nltk_setting\lib\site-packages\scipy\sparse\csgraph\_traversal.cp38-win_amd64.pyd
0x00007ffc63170000 - 0x00007ffc6319e000 	c:\Users\shchoi\anaconda3\envs\nltk_setting\lib\site-packages\scipy\sparse\csgraph\_min_spanning_tree.cp38-win_amd64.pyd
0x00007ffc5aa70000 - 0x00007ffc5aaae000 	c:\Users\shchoi\anaconda3\envs\nltk_setting\lib\site-packages\scipy\sparse\csgraph\_flow.cp38-win_amd64.pyd
0x00007ffc5a7a0000 - 0x00007ffc5a7dd000 	c:\Users\shchoi\anaconda3\envs\nltk_setting\lib\site-packages\scipy\sparse\csgraph\_matching.cp38-win_amd64.pyd
0x00007ffc5a620000 - 0x00007ffc5a65a000 	c:\Users\shchoi\anaconda3\envs\nltk_setting\lib\site-packages\scipy\sparse\csgraph\_reordering.cp38-win_amd64.pyd

dbghelp: loaded successfully - version: 4.0.5 - missing functions: none
symbol engine: initialized successfully - sym options: 0x614 - pdb path: .;c:\Users\shchoi\anaconda3\envs\nltk_setting;C:\Windows\SYSTEM32;c:\Users\shchoi\anaconda3\envs\nltk_setting\lib\site-packages\zmq\backend\cython;c:\Users\shchoi\anaconda3\envs\nltk_setting\Library\bin;c:\Users\shchoi\anaconda3\envs\nltk_setting\DLLs;c:\Users\shchoi\anaconda3\envs\nltk_setting\lib\site-packages\tornado;c:\Users\shchoi\anaconda3\envs\nltk_setting\lib\site-packages\psutil;c:\Users\shchoi\anaconda3\envs\nltk_setting\lib\site-packages\debugpy\_vendored\pydevd\_pydevd_bundle;c:\Users\shchoi\anaconda3\envs\nltk_setting\lib\site-packages\mkl;c:\Users\shchoi\anaconda3\envs\nltk_setting\lib\site-packages\numpy\core;c:\Users\shchoi\anaconda3\envs\nltk_setting\lib\site-packages\numpy\linalg;c:\Users\shchoi\anaconda3\envs\nltk_setting\lib\site-packages\numpy\fft;c:\Users\shchoi\anaconda3\envs\nltk_setting\lib\site-packages\numpy\random;c:\Users\shchoi\anaconda3\envs\nltk_setting\lib\site-packages\scipy\_lib;c:\Users\shchoi\anaconda3\envs\nltk_setting\lib\site-packages\scipy\spatial;c:\Users\shchoi\anaconda3\envs\nltk_setting\lib\site-packages\scipy\sparse;c:\Users\shchoi\anaconda3\envs\nltk_setting\lib\site-packages\scipy\sparse\linalg\_isolve;c:\Users\shchoi\anaconda3\envs\nltk_setting\lib\site-packages\scipy\linalg;c:\Users\shchoi\anaconda3\envs\nltk_setting\lib\site-packages\scipy\sparse\linalg\_dsolve;c:\Users\shchoi\anaconda3\envs\nltk_setting\lib\site-packages\scipy\sparse\linalg\_eigen\arpack;c:\Users\shchoi\anaconda3\envs\nltk_setting\lib\site-packages\scipy\sparse\csgraph;c:\Users\shchoi\anaconda3\envs\nltk_setting\lib\site-packages\scipy\special;c:\Users\shchoi\anaconda3\envs\nltk_setting\lib\site-packages\scipy\spatial\transform;c:\Users\shchoi\anaconda3\envs\nltk_setting\lib\site-packages\scipy\ndimage;c:\Users\shchoi\anaconda3\envs\nltk_setting\lib\site-packages\scipy\optimize;c:\Users\shchoi\anaconda3\envs\nltk_setting\lib\site-packages\scipy\optimize\_trlib;c:\Users\shchoi\anaconda3\envs\nltk_setting\lib\site-packages\scipy\optimize\_lsq;c:\Users\shchoi\anaconda3\envs\nltk_setting\lib\site-packages\scipy\optimize\_highs;c:\Users\shchoi\anaconda3\envs\nltk_setting\lib\site-packages\scipy\integrate;c:\Users\shchoi\anaconda3\envs\nltk_setting\lib\site-packages\scipy\stats;c:\Users\shchoi\anaconda3\envs\nltk_setting\lib\site-packages\scipy\stats\_boost;c:\Users\shchoi\anaconda3\envs\nltk_setting\lib\site-packages\scipy\interpolate;c:\Users\shchoi\anaconda3\envs\nltk_setting\lib\site-packages\scipy\stats\_levy_stable;c:\Users\shchoi\anaconda3\envs\nltk_setting\lib\site-packages\scipy\_lib\_uarray;c:\Users\shchoi\anaconda3\envs\nltk_setting\lib\site-packages\scipy\fft\_pocketfft;c:\Users\shchoi\anaconda3\envs\nltk_setting\lib\site-packages\scipy\stats\_rcont;C:\Windows\WinSxS\amd64_microsoft.windows.common-controls_6595b64144ccf1df_6.0.19041.3636_none_60b6a03d71f818d5;c:\Users\shchoi\anaconda3\envs\nltk_setting\lib\site-packages\regex;c:\Users\shchoi\anaconda3\envs\nltk_setting\lib\site-packages\sklearn\__check_build;c:\Users\shchoi\anaconda3\envs\nltk_setting\lib\site-packages\sklearn\utils;c:\Users\shchoi\anaconda3\envs\nltk_setting\lib\site-packages\sklearn\preprocessing;c:\Users\shchoi\anaconda3\envs\nltk_setting\lib\site-packages\sklearn\feature_extraction;c:\Users\shchoi\anaconda3\envs\nltk_setting\lib\site-packages\sklearn\metrics\cluster;c:\Users\shchoi\anaconda3\envs\nltk_setting\lib\site-packages\sklearn\metrics;c:\Users\shchoi\anaconda3\envs\nltk_setting\lib\site-packages\sklearn\metrics\_pairwise_distances_reduction;c:\Users\shchoi\anaconda3\envs\nltk_setting\lib\site-packages\sklearn\linear_model;c:\Users\shchoi\anaconda3\envs\nltk_setting\lib\site-packages\sklearn\_loss;c:\Users\shchoi\anaconda3\envs\nltk_setting\lib\site-packages\sklearn\svm;c:\Users\shchoi\anaconda3\envs\nltk_setting\lib\site-packages\scipy\io\matlab;c:\Users\shchoi\anaconda3\envs\nltk_setting\lib\site-packages\sklearn\datasets;C:\Users\shchoi\anaconda3\envs\nltk_setting\tcl\reg1.3;C:\Windows\System32\IME\IMEKR;C:\Windows\System32\IME\shared;c:\Users\shchoi\anaconda3\envs\nltk_setting\lib\site-packages;C:\Program Files\Java\jdk-21\bin\server;C:\Program Files\Java\jdk-21\bin

VM Arguments:
jvm_args: -Dfile.encoding=UTF8 -ea -Xmx1024m 
java_command: <unknown>
java_class_path (initial): C:\Users\shchoi\anaconda3\envs\nltk_setting\Lib\site-packages\konlpy\java;C:\Users\shchoi\anaconda3\envs\nltk_setting\Lib\site-packages\konlpy\java\bin;C:\Users\shchoi\anaconda3\envs\nltk_setting\Lib\site-packages\konlpy\java\aho-corasick.jar;C:\Users\shchoi\anaconda3\envs\nltk_setting\Lib\site-packages\konlpy\java\jhannanum-0.8.4.jar;C:\Users\shchoi\anaconda3\envs\nltk_setting\Lib\site-packages\konlpy\java\kkma-2.0.jar;C:\Users\shchoi\anaconda3\envs\nltk_setting\Lib\site-packages\konlpy\java\komoran-3.0.jar;C:\Users\shchoi\anaconda3\envs\nltk_setting\Lib\site-packages\konlpy\java\open-korean-text-2.1.0.jar;C:\Users\shchoi\anaconda3\envs\nltk_setting\Lib\site-packages\konlpy\java\scala-library-2.12.3.jar;C:\Users\shchoi\anaconda3\envs\nltk_setting\Lib\site-packages\konlpy\java\shineware-common-1.0.jar;C:\Users\shchoi\anaconda3\envs\nltk_setting\Lib\site-packages\konlpy\java\shineware-ds-1.0.jar;C:\Users\shchoi\anaconda3\envs\nltk_setting\Lib\site-packages\konlpy\java\snakeyaml-1.12.jar;C:\Users\shchoi\anaconda3\envs\nltk_setting\Lib\site-packages\konlpy\java\twitter-text-1.14.7.jar;C:\Users\shchoi\anaconda3\envs\nltk_setting\Lib\site-packages\konlpy\java\jhannanum-0.8.4.jar;C:\Users\shchoi\anaconda3\envs\nltk_setting\Lib\site-packages\konlpy\java\kkma-2.0.jar;C:\Users\shchoi\anaconda3\envs\nltk_setting\Lib\site-packages\konlpy\java\aho-corasick.jar;C:\Users\shchoi\anaconda3\envs\nltk_setting\Lib\site-packages\konlpy\java\shineware-common-1.0.jar;C:\Users\shchoi\anaconda3\envs\nltk_setting\Lib\site-packages\konlpy\java\shineware-ds-1.0.jar;C:\Users\shchoi\anaconda3\envs\nltk_setting\Lib\site-packages\konlpy\java\komoran-3.0.jar;C:\Users\shchoi\anaconda3\envs\nltk_setting\Lib\site-packages\konlpy\java\snakeyaml-1.12.jar;C:\Users\shchoi\anaconda3\envs\nltk_setting\Lib\site-packages\konlpy\java\scala-library-2.12.3.jar;C:\Users\shchoi\anaconda3\envs\nltk_setting\Lib\site-packages\konlpy\java\open-korean-text-2.1.0.jar;C:\Users\shchoi\anaconda3\envs\nltk_setting\Lib\site-packages\konlpy\java\twitter-text-1.14.7.jar;C:\Users\shchoi\anaconda3\envs\nltk_setting\Lib\site-packages\konlpy\java\aho-corasick.jar;C:\Users\shchoi\anaconda3\envs\nltk_setting\Lib\site-packages\konlpy\java\jhannanum-0.8.4.jar;C:\Users\shchoi\anaconda3\envs\nltk_setting\Lib\site-packages\konlpy\java\kkma-2.0.jar;C:\Users\shchoi\anaconda3\envs\nltk_setting\Lib\site-packages\konlpy\java\komoran-3.0.jar;C:\Users\shchoi\anaconda3\envs\nltk_setting\Lib\site-packages\konlpy\java\open-korean-text-2.1.0.jar;C:\Users\shchoi\anaconda3\envs\nltk_setting\Lib\site-packages\konlpy\java\scala-library-2.12.3.jar;C:\Users\shchoi\anaconda3\envs\nltk_setting\Lib\site-packages\konlpy\java\shineware-common-1.0.jar;C:\Users\shchoi\anaconda3\envs\nltk_setting\Lib\site-packages\konlpy\java\shineware-ds-1.0.jar;C:\Users\shchoi\anaconda3\envs\nltk_setting\Lib\site-packages\konlpy\java\snakeyaml-1.12.jar;C:\Users\shchoi\anaconda3\envs\nltk_setting\Lib\site-packages\konlpy\java\twitter-text-1.14.7.jar
Launcher Type: generic

[Global flags]
     intx CICompilerCount                          = 4                                         {product} {ergonomic}
     uint ConcGCThreads                            = 3                                         {product} {ergonomic}
     uint G1ConcRefinementThreads                  = 10                                        {product} {ergonomic}
   size_t G1HeapRegionSize                         = 1048576                                   {product} {ergonomic}
    uintx GCDrainStackTargetSize                   = 64                                        {product} {ergonomic}
   size_t InitialHeapSize                          = 268435456                                 {product} {ergonomic}
   size_t MarkStackSize                            = 4194304                                   {product} {ergonomic}
   size_t MaxHeapSize                              = 1073741824                                {product} {command line}
   size_t MaxNewSize                               = 643825664                                 {product} {ergonomic}
   size_t MinHeapDeltaBytes                        = 1048576                                   {product} {ergonomic}
   size_t MinHeapSize                              = 8388608                                   {product} {ergonomic}
    uintx NonNMethodCodeHeapSize                   = 5839372                                {pd product} {ergonomic}
    uintx NonProfiledCodeHeapSize                  = 122909434                              {pd product} {ergonomic}
    uintx ProfiledCodeHeapSize                     = 122909434                              {pd product} {ergonomic}
    uintx ReservedCodeCacheSize                    = 251658240                              {pd product} {ergonomic}
     bool SegmentedCodeCache                       = true                                      {product} {ergonomic}
   size_t SoftMaxHeapSize                          = 1073741824                             {manageable} {ergonomic}
     bool UseCompressedOops                        = true                           {product lp64_product} {ergonomic}
     bool UseG1GC                                  = true                                      {product} {ergonomic}
     bool UseLargePagesIndividualAllocation        = false                                  {pd product} {ergonomic}

Logging:
Log output configuration:
 #0: stdout all=warning uptime,level,tags foldmultilines=false
 #1: stderr all=off uptime,level,tags foldmultilines=false

Environment Variables:
JAVA_HOME=C:\Program Files\Java\jdk-21\bin\server
PATH=c:\Users\shchoi\anaconda3\envs\nltk_setting;C:\Users\shchoi\anaconda3\envs\nltk_setting;C:\Users\shchoi\anaconda3\envs\nltk_setting\Library\mingw-w64\bin;C:\Users\shchoi\anaconda3\envs\nltk_setting\Library\usr\bin;C:\Users\shchoi\anaconda3\envs\nltk_setting\Library\bin;C:\Users\shchoi\anaconda3\envs\nltk_setting\Scripts;C:\Users\shchoi\anaconda3\envs\nltk_setting\bin;C:\Users\shchoi\anaconda3\condabin;C:\Program Files\Common Files\Oracle\Java\javapath;C:\Program Files (x86)\NAT Service;C:\Windows\system32;C:\Windows;C:\Windows\System32\Wbem;C:\Windows\System32\WindowsPowerShell\v1.0;C:\Windows\System32\OpenSSH;C:\Program Files\Bandizip;C:\Program Files\Git\cmd;C:\Program Files\MySQL\MySQL Shell 8.0\bin;C:\Users\shchoi\AppData\Local\Microsoft\WindowsApps;C:\Users\shchoi\AppData\Local\Programs\Microsoft VS Code\bin;C:\Program Files\MySQL\MySQL Server 8.0\bin;C:\Program Files\Java\jdk-21;C:\Program Files\Java\jdk-21\bin;.
USERNAME=shchoi
TERM=xterm-color
OS=Windows_NT
PROCESSOR_IDENTIFIER=AMD64 Family 23 Model 8 Stepping 2, AuthenticAMD
TMP=C:\Users\shchoi\AppData\Local\Temp
TEMP=C:\Users\shchoi\AppData\Local\Temp




Periodic native trim disabled

---------------  S Y S T E M  ---------------

OS:
 Windows 10 , 64 bit Build 19041 (10.0.19041.3636)
OS uptime: 0 days 0:42 hours

CPU: total 12 (initial active 12) (12 cores per cpu, 2 threads per core) family 23 model 8 stepping 2 microcode 0x0, cx8, cmov, fxsr, ht, mmx, 3dnowpref, sse, sse2, sse3, ssse3, sse4a, sse4.1, sse4.2, popcnt, lzcnt, tsc, tscinvbit, avx, avx2, aes, clmul, bmi1, bmi2, adx, sha, fma, vzeroupper, clflush, clflushopt, rdtscp, f16c
Processor Information for all 12 processors :
  Max Mhz: 3400, Current Mhz: 3400, Mhz Limit: 3400

Memory: 4k page, system-wide physical 16318M (10081M free)
TotalPageFile size 18750M (AvailPageFile size 7533M)
current process WorkingSet (physical memory assigned to process): 259M, peak: 267M
current process commit charge ("private bytes"): 431M, peak: 515M

vm_info: Java HotSpot(TM) 64-Bit Server VM (21.0.1+12-LTS-29) for windows-amd64 JRE (21.0.1+12-LTS-29), built on 2023-10-05T13:27:09Z by "mach5one" with MS VC++ 17.1 (VS2022)

END.
