#
# A fatal error has been detected by the Java Runtime Environment:
#
#  Internal Error (os_windows_x86.cpp:144), pid=8816, tid=6516
#  guarantee(result == EXCEPTION_CONTINUE_EXECUTION) failed: Unexpected result from topLevelExceptionFilter
#
# JRE version: Java(TM) SE Runtime Environment (21.0.1+12) (build 21.0.1+12-LTS-29)
# Java VM: Java HotSpot(TM) 64-Bit Server VM (21.0.1+12-LTS-29, mixed mode, sharing, tiered, compressed oops, compressed class ptrs, g1 gc, windows-amd64)
# No core dump will be written. Minidumps are not enabled by default on client versions of Windows
#
# If you would like to submit a bug report, please visit:
#   https://bugreport.java.com/bugreport/crash.jsp
# The crash happened outside the Java Virtual Machine in native code.
# See problematic frame for where to report the bug.
#

---------------  S U M M A R Y ------------

Command Line: -Dfile.encoding=UTF8 -ea -Xmx1024m 

Host: AMD Ryzen 5 2600 Six-Core Processor            , 12 cores, 15G,  Windows 10 , 64 bit Build 19041 (10.0.19041.3636)
Time: Sat Dec  9 13:34:06 2023 대한민국 표준시 elapsed time: 0.441326 seconds (0d 0h 0m 0s)

---------------  T H R E A D  ---------------

Current thread (0x00000149f008a160):  JavaThread "Python Reference Queue" daemon [_thread_in_native, id=6516, stack(0x0000000f55a20000,0x0000000f55c10000) (1984K)]

Stack: [0x0000000f55a20000,0x0000000f55c10000]
Native frames: (J=compiled Java code, j=interpreted, Vv=VM code, C=native code)
C  0x00007ffc92389029
C  0x00007ffc92514b81
C  0x00007ffc92516e5e
C  0x00007ffc925174f7
C  0x00007ffc91f40b87
C  0x00007ffc92388a63
C  [ntdll.dll+0xa23af]
C  [ntdll.dll+0x514b4]
C  [ntdll.dll+0xa0ebe]
C  0x00007ffc936c735d
C  0x00007ffc936c7392
C  0x00007ffc935f3884
C  0x00007ffc935f6393
C  0x00007ffc937964c3
C  [python38.dll+0x136a06]  dict_dealloc+0xe6  (dictobject.c:1989)
C  [python38.dll+0x186f22]  subtype_clear+0x122  (typeobject.c:1143)
C  [python38.dll+0x8a7a7]  delete_garbage+0x117  (gcmodule.c:949)
C  [python38.dll+0x8b083]  collect+0x6d3  (gcmodule.c:1128)
C  [python38.dll+0x8b655]  collect_with_callback+0x45  (gcmodule.c:1241)
C  [python38.dll+0x8ced7]  PyGC_Collect+0x87  (gcmodule.c:1845)
C  0x00007ffd07888324
C  0x00000149a2d7ce0b

The last pc belongs to native method entry point (kind = native) (printed below).
Java frames: (J=compiled Java code, j=interpreted, Vv=VM code)
j  org.jpype.ref.JPypeReferenceNative.wake()V+0
j  org.jpype.ref.JPypeReferenceQueue$Worker.run()V+42
j  java.lang.Thread.runWith(Ljava/lang/Object;Ljava/lang/Runnable;)V+5 java.base@21.0.1
j  java.lang.Thread.run()V+19 java.base@21.0.1
v  ~StubRoutines::call_stub 0x00000149a2d7100d
native method entry point (kind = native)  [0x00000149a2d7c9e0, 0x00000149a2d7d508]  2856 bytes
[MachCode]
  0x00000149a2d7c9e0: 488b 4b08 | 0fb7 492e | 584c 8d74 | ccf8 6800 | 0000 0068 | 0000 0000 | 5055 488b | ec41 5568 
  0x00000149a2d7ca00: 0000 0000 | 4c8b 6b08 | 4d8d 6d38 | 5348 8b53 | 0848 8b52 | 0848 8b52 | 1848 8b52 | 7048 8b12 
  0x00000149a2d7ca20: 5248 8b53 | 1048 85d2 | 0f84 0700 | 0000 4881 | c208 0100 | 0052 488b | 5308 488b | 5208 488b 
  0x00000149a2d7ca40: 5210 5249 | 8bc6 482b | c548 c1e8 | 0350 6800 | 0000 0068 | 0000 0000 | 4889 2424 | 41c6 8779 
  0x00000149a2d7ca60: 0400 0001 | 488b 4310 | 4885 c074 | 208b 88cc | 0000 0083 | c102 8988 | cc00 0000 | 2388 e000 
  0x00000149a2d7ca80: 0000 0f84 | cb09 0000 | e9cf 0000 | 0048 8b43 | 1848 85c0 | 0f85 b000 | 0000 e805 | 0000 00e9 
  0x00000149a2d7caa0: 9900 0000 | 488b d348 | 8d44 2408 | 4c89 6dc0 | 498b cfc5 | f877 4989 | afa8 0300 | 0049 8987 
  0x00000149a2d7cac0: 9803 0000 | 4883 ec20 | 40f6 c40f | 0f84 1900 | 0000 4883 | ec08 48b8 | 403f 0992 | fc7f 0000 
  0x00000149a2d7cae0: ffd0 4883 | c408 e90c | 0000 0048 | b840 3f09 | 92fc 7f00 | 00ff d048 | 83c4 2049 | c787 9803 
  0x00000149a2d7cb00: 0000 0000 | 0000 49c7 | 87a8 0300 | 0000 0000 | 0049 c787 | a003 0000 | 0000 0000 | c5f8 7749 
  0x00000149a2d7cb20: 837f 0800 | 0f84 0500 | 0000 e9d1 | 43ff ff4c | 8b6d c04c | 8b75 c84e | 8d74 f500 | c348 8b43 
  0x00000149a2d7cb40: 1848 85c0 | 0f84 1200 | 0000 8b48 | 0883 c102 | 8948 0823 | 481c 0f84 | f708 0000 | 493b a7e8 
  0x00000149a2d7cb60: 0400 000f | 8748 0000 | 0089 8424 | 00f0 ffff | 8984 2400 | e0ff ff89 | 8424 00d0 | ffff 8984 
  0x00000149a2d7cb80: 2400 c0ff | ff89 8424 | 00b0 ffff | 8984 2400 | a0ff ff89 | 8424 0090 | ffff 8984 | 2400 80ff 
  0x00000149a2d7cba0: ff49 3ba7 | e004 0000 | 7607 4989 | a7e8 0400 | 0041 c687 | 7904 0000 | 0049 bac9 | 258e 92fc 
  0x00000149a2d7cbc0: 7f00 0041 | 803a 000f | 843e 0000 | 0048 8b55 | e849 8bcf | 4883 ec20 | 40f6 c40f | 0f84 1900 
  0x00000149a2d7cbe0: 0000 4883 | ec08 48b8 | 30eb 3e92 | fc7f 0000 | ffd0 4883 | c408 e90c | 0000 0048 | b830 eb3e 
  0x00000149a2d7cc00: 92fc 7f00 | 00ff d048 | 83c4 2048 | 8b5d e84c | 8b5b 0845 | 0fb7 5b2e | 41c1 e303 | 492b e348 
  0x00000149a2d7cc20: 83ec 2048 | 83e4 f04c | 8b5b 604d | 85db 0f85 | ab00 0000 | e805 0000 | 00e9 9900 | 0000 488b 
  0x00000149a2d7cc40: d348 8d44 | 2408 4c89 | 6dc0 498b | cfc5 f877 | 4989 afa8 | 0300 0049 | 8987 9803 | 0000 4883 
  0x00000149a2d7cc60: ec20 40f6 | c40f 0f84 | 1900 0000 | 4883 ec08 | 48b8 0066 | 0992 fc7f | 0000 ffd0 | 4883 c408 
  0x00000149a2d7cc80: e90c 0000 | 0048 b800 | 6609 92fc | 7f00 00ff | d048 83c4 | 2049 c787 | 9803 0000 | 0000 0000 
  0x00000149a2d7cca0: 49c7 87a8 | 0300 0000 | 0000 0049 | c787 a003 | 0000 0000 | 0000 c5f8 | 7749 837f | 0800 0f84 
  0x00000149a2d7ccc0: 0500 0000 | e937 42ff | ff4c 8b6d | c04c 8b75 | c84e 8d74 | f500 c348 | 8b5d e84c | 8b5b 6041 
  0x00000149a2d7cce0: ffd3 488b | 5de8 4889 | 4518 448b | 5b28 41f6 | c308 0f84 | 1b00 0000 | 4c8b 5b08 | 4d8b 5b08 
  0x00000149a2d7cd00: 4d8b 5b18 | 4d8b 5b70 | 4d8b 1b4c | 895d 1048 | 8d55 1048 | 8b43 5849 | ba70 403f | 92fc 7f00 
  0x00000149a2d7cd20: 0049 3bc2 | 0f85 ab00 | 0000 e805 | 0000 00e9 | 9900 0000 | 488b d348 | 8d44 2408 | 4c89 6dc0 
  0x00000149a2d7cd40: 498b cfc5 | f877 4989 | afa8 0300 | 0049 8987 | 9803 0000 | 4883 ec20 | 40f6 c40f | 0f84 1900 
  0x00000149a2d7cd60: 0000 4883 | ec08 48b8 | 0066 0992 | fc7f 0000 | ffd0 4883 | c408 e90c | 0000 0048 | b800 6609 
  0x00000149a2d7cd80: 92fc 7f00 | 00ff d048 | 83c4 2049 | c787 9803 | 0000 0000 | 0000 49c7 | 87a8 0300 | 0000 0000 
  0x00000149a2d7cda0: 0049 c787 | a003 0000 | 0000 0000 | c5f8 7749 | 837f 0800 | 0f84 0500 | 0000 e941 | 41ff ff4c 
  0x00000149a2d7cdc0: 8b6d c04c | 8b75 c84e | 8d74 f500 | c348 8b5d | e848 8b43 | 5849 8d8f | b803 0000 | c5f8 7749 
  0x00000149a2d7cde0: 89af a803 | 0000 49ba | dccd d7a2 | 4901 0000 | 4d89 97a0 | 0300 0049 | 89a7 9803 | 0000 41c7 
  0x00000149a2d7ce00: 874c 0400 | 0004 0000 | 00ff d0c5 | f877 4883 | ec10 c5fb | 1104 2448 | 83ec 1048 | 8904 2448 
  0x00000149a2d7ce20: c744 2408 | 0000 0000 | 41c7 874c | 0400 0005 | 0000 00f0 | 8344 24c0 | 0049 3baf | 5004 0000 
  0x00000149a2d7ce40: 0f87 0e00 | 0000 4183 | bf48 0400 | 0000 0f84 | 2000 0000 | 498b cf4c | 8be4 4883 | ec20 4883 
  0x00000149a2d7ce60: e4f0 48b8 | c0be 0a92 | fc7f 0000 | ffd0 498b | e44d 33e4 | 41c7 874c | 0400 0008 | 0000 0049 
  0x00000149a2d7ce80: c787 9803 | 0000 0000 | 0000 49c7 | 87a8 0300 | 0000 0000 | 0049 c787 | a003 0000 | 0000 0000 
  0x00000149a2d7cea0: c5f8 774d | 8b9f 2804 | 0000 41c7 | 8300 0100 | 0000 0000 | 0049 bb9a | a3d7 a249 | 0100 004c 
  0x00000149a2d7cec0: 3b5d 180f | 8524 0200 | 0048 8b04 | 2448 83c4 | 1048 85c0 | 0f84 fe01 | 0000 a803 | 0f85 0800 
  0x00000149a2d7cee0: 0000 488b | 00e9 ee01 | 0000 a801 | 0f85 0900 | 0000 488b | 40fe e9dd | 0100 0048 | 8b40 ff41 
  0x00000149a2d7cf00: 807f 4000 | 0f84 ce01 | 0000 4883 | f800 0f84 | c401 0000 | 4d8b 5f28 | 4983 fb00 | 0f84 1400 
  0x00000149a2d7cf20: 0000 4983 | eb08 4d89 | 5f28 4d03 | 5f38 4989 | 03e9 a201 | 0000 4881 | ecd0 0000 | 0048 8904 
  0x00000149a2d7cf40: 2448 894c | 2408 4889 | 5424 1048 | 8974 2418 | 4889 7c24 | 204c 8944 | 2428 4c89 | 4c24 304c 
  0x00000149a2d7cf60: 8954 2438 | 4c89 5c24 | 40c5 fb11 | 4424 50c5 | fb11 4c24 | 58c5 fb11 | 5424 60c5 | fb11 5c24 
  0x00000149a2d7cf80: 68c5 fb11 | 6424 70c5 | fb11 6c24 | 78c5 fb11 | b424 8000 | 0000 c5fb | 11bc 2488 | 0000 00c5 
  0x00000149a2d7cfa0: 7b11 8424 | 9000 0000 | c57b 118c | 2498 0000 | 00c5 7b11 | 9424 a000 | 0000 c57b | 119c 24a8 
  0x00000149a2d7cfc0: 0000 00c5 | 7b11 a424 | b000 0000 | c57b 11ac | 24b8 0000 | 00c5 7b11 | b424 c000 | 0000 c57b 
  0x00000149a2d7cfe0: 11bc 24c8 | 0000 0049 | 8bd7 488b | c848 83ec | 2040 f6c4 | 0f0f 8419 | 0000 0048 | 83ec 0848 
  0x00000149a2d7d000: b8b0 22fe | 91fc 7f00 | 00ff d048 | 83c4 08e9 | 0c00 0000 | 48b8 b022 | fe91 fc7f | 0000 ffd0 
  0x00000149a2d7d020: 4883 c420 | c57b 10bc | 24c8 0000 | 00c5 7b10 | b424 c000 | 0000 c57b | 10ac 24b8 | 0000 00c5 
  0x00000149a2d7d040: 7b10 a424 | b000 0000 | c57b 109c | 24a8 0000 | 00c5 7b10 | 9424 a000 | 0000 c57b | 108c 2498 
  0x00000149a2d7d060: 0000 00c5 | 7b10 8424 | 9000 0000 | c5fb 10bc | 2488 0000 | 00c5 fb10 | b424 8000 | 0000 c5fb 
  0x00000149a2d7d080: 106c 2478 | c5fb 1064 | 2470 c5fb | 105c 2468 | c5fb 1054 | 2460 c5fb | 104c 2458 | c5fb 1044 
  0x00000149a2d7d0a0: 2450 4c8b | 5c24 404c | 8b54 2438 | 4c8b 4c24 | 304c 8b44 | 2428 488b | 7c24 2048 | 8b74 2418 
  0x00000149a2d7d0c0: 488b 5424 | 1048 8b4c | 2408 488b | 0424 4881 | c4d0 0000 | 00c5 f877 | 4889 4510 | 4883 ec10 
  0x00000149a2d7d0e0: 4889 0424 | 48c7 4424 | 0800 0000 | 0041 83bf | c804 0000 | 020f 85bf | 0000 0048 | 81ec 8000 
  0x00000149a2d7d100: 0000 4889 | 4424 7848 | 894c 2470 | 4889 5424 | 6848 895c | 2460 4889 | 6c24 5048 | 8974 2448 
  0x00000149a2d7d120: 4889 7c24 | 404c 8944 | 2438 4c89 | 4c24 304c | 8954 2428 | 4c89 5c24 | 204c 8964 | 2418 4c89 
  0x00000149a2d7d140: 6c24 104c | 8974 2408 | 4c89 3c24 | 4c8b e448 | 83ec 2048 | 83e4 f048 | b860 233f | 92fc 7f00 
  0x00000149a2d7d160: 00ff d049 | 8be4 4c8b | 3c24 4c8b | 7424 084c | 8b6c 2410 | 4c8b 6424 | 184c 8b5c | 2420 4c8b 
  0x00000149a2d7d180: 5424 284c | 8b4c 2430 | 4c8b 4424 | 3848 8b7c | 2440 488b | 7424 4848 | 8b6c 2450 | 488b 5c24 
  0x00000149a2d7d1a0: 6048 8b54 | 2468 488b | 4c24 7048 | 8b44 2478 | 4881 c480 | 0000 004d | 33e4 488b | 5de8 4c8b 
  0x00000149a2d7d1c0: 6b08 4d8d | 6d38 4983 | 7f08 000f | 84bb 0000 | 00e8 0500 | 0000 e996 | 0000 0048 | 8d44 2408 
  0x00000149a2d7d1e0: 4c89 6dc0 | 498b cfc5 | f877 4989 | afa8 0300 | 0049 8987 | 9803 0000 | 4883 ec20 | 40f6 c40f 
  0x00000149a2d7d200: 0f84 1900 | 0000 4883 | ec08 48b8 | 9083 0992 | fc7f 0000 | ffd0 4883 | c408 e90c | 0000 0048 
  0x00000149a2d7d220: b890 8309 | 92fc 7f00 | 00ff d048 | 83c4 2049 | c787 9803 | 0000 0000 | 0000 49c7 | 87a8 0300 
  0x00000149a2d7d240: 0000 0000 | 0049 c787 | a003 0000 | 0000 0000 | c5f8 7749 | 837f 0800 | 0f84 0500 | 0000 e99d 
  0x00000149a2d7d260: 3cff ff4c | 8b6d c04c | 8b75 c84e | 8d74 f500 | c348 b900 | 2866 92fc | 7f00 0048 | 83e4 f048 
  0x00000149a2d7d280: b8e0 0f2e | 92fc 7f00 | 00ff d0f4 | 448b 5b28 | 41f6 c320 | 0f84 4401 | 0000 488d | 55a8 4c8b 
  0x00000149a2d7d2a0: 5a08 4d85 | db0f 85bb | 0000 00e8 | 0500 0000 | e996 0000 | 0048 8d44 | 2408 4c89 | 6dc0 498b 
  0x00000149a2d7d2c0: cfc5 f877 | 4989 afa8 | 0300 0049 | 8987 9803 | 0000 4883 | ec20 40f6 | c40f 0f84 | 1900 0000 
  0x00000149a2d7d2e0: 4883 ec08 | 48b8 c082 | 0992 fc7f | 0000 ffd0 | 4883 c408 | e90c 0000 | 0048 b8c0 | 8209 92fc 
  0x00000149a2d7d300: 7f00 00ff | d048 83c4 | 2049 c787 | 9803 0000 | 0000 0000 | 49c7 87a8 | 0300 0000 | 0000 0049 
  0x00000149a2d7d320: c787 a003 | 0000 0000 | 0000 c5f8 | 7749 837f | 0800 0f84 | 0500 0000 | e9c3 3bff | ff4c 8b6d 
  0x00000149a2d7d340: c04c 8b75 | c84e 8d74 | f500 c348 | b900 2866 | 92fc 7f00 | 0048 83e4 | f048 b8e0 | 0f2e 92fc 
  0x00000149a2d7d360: 7f00 00ff | d0f4 4c89 | 6dc0 488d | 024c 8b4a | 0848 c742 | 0800 0000 | 004c 8b00 | 4d85 c00f 
  0x00000149a2d7d380: 840b 0000 | 00f0 4d0f | b101 0f85 | 0c00 0000 | 49ff 8f50 | 0500 00e9 | 3e00 0000 | 4c89 4a08 
  0x00000149a2d7d3a0: 488b ca48 | 83ec 2040 | f6c4 0f0f | 8419 0000 | 0048 83ec | 0848 b8f0 | 5509 92fc | 7f00 00ff 
  0x00000149a2d7d3c0: d048 83c4 | 08e9 0c00 | 0000 48b8 | f055 0992 | fc7f 0000 | ffd0 4883 | c420 4c8b | 6dc0 49ba 
  0x00000149a2d7d3e0: c925 8e92 | fc7f 0000 | 4180 3a00 | 0f84 3e00 | 0000 488b | 55e8 498b | cf48 83ec | 2040 f6c4 
  0x00000149a2d7d400: 0f0f 8419 | 0000 0048 | 83ec 0848 | b830 eb3e | 92fc 7f00 | 00ff d048 | 83c4 08e9 | 0c00 0000 
  0x00000149a2d7d420: 48b8 30eb | 3e92 fc7f | 0000 ffd0 | 4883 c420 | 488b 0424 | 4883 c410 | c5fb 1004 | 2448 83c4 
  0x00000149a2d7d440: 104c 8b5d | 1841 ffd3 | 4c8b 5df8 | c95f 498b | e3ff e7ba | 0000 0000 | e805 0000 | 00e9 9600 
  0x00000149a2d7d460: 0000 488d | 4424 084c | 896d c049 | 8bcf c5f8 | 7749 89af | a803 0000 | 4989 8798 | 0300 0048 
  0x00000149a2d7d480: 83ec 2040 | f6c4 0f0f | 8419 0000 | 0048 83ec | 0848 b8c0 | 4909 92fc | 7f00 00ff | d048 83c4 
  0x00000149a2d7d4a0: 08e9 0c00 | 0000 48b8 | c049 0992 | fc7f 0000 | ffd0 4883 | c420 49c7 | 8798 0300 | 0000 0000 
  0x00000149a2d7d4c0: 0049 c787 | a803 0000 | 0000 0000 | 49c7 87a0 | 0300 0000 | 0000 00c5 | f877 4983 | 7f08 000f 
  0x00000149a2d7d4e0: 8405 0000 | 00e9 163a | ffff 4c8b | 6dc0 4c8b | 75c8 4e8d | 74f5 00c3 | 488b 5de8 | e95b f6ff 
  0x00000149a2d7d500: ff0f 1f80 | 0000 0000 
[/MachCode]

---------------  P R O C E S S  ---------------

Threads class SMR info:
_java_thread_list=0x00000149f0809b10, length=14, elements={
0x000001498d6d8d40, 0x000001498d6d3e80, 0x000001498d6d4510, 0x00000149f008b510,
0x00000149f0087370, 0x00000149f0088090, 0x00000149f008dc70, 0x000001498d6caec0,
0x000001498d6cca00, 0x00000149f0089440, 0x00000149f008cf50, 0x00000149f008a160,
0x000001498d6cf2e0, 0x00000149f0829740
}

Java Threads: ( => current thread )
  0x000001498d6d8d40 JavaThread "main"                              [_thread_in_vm, id=11636, stack(0x0000000f50c10000,0x0000000f50e00000) (1984K)]
  0x000001498d6d3e80 JavaThread "Reference Handler"          daemon [_thread_blocked, id=12016, stack(0x0000000f546c0000,0x0000000f548b0000) (1984K)]
  0x000001498d6d4510 JavaThread "Finalizer"                  daemon [_thread_blocked, id=7552, stack(0x0000000f548b0000,0x0000000f54aa0000) (1984K)]
  0x00000149f008b510 JavaThread "Signal Dispatcher"          daemon [_thread_blocked, id=12096, stack(0x0000000f54aa0000,0x0000000f54c90000) (1984K)]
  0x00000149f0087370 JavaThread "Attach Listener"            daemon [_thread_blocked, id=11588, stack(0x0000000f54c90000,0x0000000f54e80000) (1984K)]
  0x00000149f0088090 JavaThread "Service Thread"             daemon [_thread_blocked, id=12848, stack(0x0000000f54e80000,0x0000000f55070000) (1984K)]
  0x00000149f008dc70 JavaThread "Monitor Deflation Thread"   daemon [_thread_blocked, id=984, stack(0x0000000f55070000,0x0000000f55260000) (1984K)]
  0x000001498d6caec0 JavaThread "C2 CompilerThread0"         daemon [_thread_in_native, id=8492, stack(0x0000000f55260000,0x0000000f55450000) (1984K)]
  0x000001498d6cca00 JavaThread "C1 CompilerThread0"         daemon [_thread_blocked, id=9008, stack(0x0000000f55450000,0x0000000f55640000) (1984K)]
  0x00000149f0089440 JavaThread "Notification Thread"        daemon [_thread_blocked, id=5768, stack(0x0000000f55640000,0x0000000f55830000) (1984K)]
  0x00000149f008cf50 JavaThread "Common-Cleaner"             daemon [_thread_blocked, id=3064, stack(0x0000000f55830000,0x0000000f55a20000) (1984K)]
=>0x00000149f008a160 JavaThread "Python Reference Queue"     daemon [_thread_in_native, id=6516, stack(0x0000000f55a20000,0x0000000f55c10000) (1984K)]
  0x000001498d6cf2e0 JavaThread "C2 CompilerThread1"         daemon [_thread_blocked, id=6328, stack(0x0000000f565c0000,0x0000000f567b0000) (1984K)]
  0x00000149f0829740 JavaThread "C2 CompilerThread2"         daemon [_thread_in_native, id=9992, stack(0x0000000f567b0000,0x0000000f569a0000) (1984K)]
Total: 14

Other Threads:
  0x000001498fec9430 VMThread "VM Thread"                           [id=8528, stack(0x0000000f544d0000,0x0000000f546c0000) (1984K)]
  0x0000014990753a30 WatcherThread "VM Periodic Task Thread"        [id=1596, stack(0x0000000f542e0000,0x0000000f544d0000) (1984K)]
  0x000001498fec9b70 WorkerThread "GC Thread#0"                     [id=9088, stack(0x0000000f51dd0000,0x0000000f51fc0000) (1984K)]
  0x000001498fec97d0 WorkerThread "GC Thread#1"                     [id=7548, stack(0x0000000f55c10000,0x0000000f55e00000) (1984K)]
  0x000001498fec85b0 WorkerThread "GC Thread#2"                     [id=1328, stack(0x0000000f55e00000,0x0000000f55ff0000) (1984K)]
  0x000001498fec7390 WorkerThread "GC Thread#3"                     [id=6964, stack(0x0000000f55ff0000,0x0000000f561e0000) (1984K)]
  0x000001498fec8950 WorkerThread "GC Thread#4"                     [id=4460, stack(0x0000000f561e0000,0x0000000f563d0000) (1984K)]
  0x000001498fec8210 WorkerThread "GC Thread#5"                     [id=6660, stack(0x0000000f563d0000,0x0000000f565c0000) (1984K)]
  0x000001498d5fe1e0 ConcurrentGCThread "G1 Main Marker"            [id=5928, stack(0x0000000f53b20000,0x0000000f53d10000) (1984K)]
  0x000001498fec6170 WorkerThread "G1 Conc#0"                       [id=12572, stack(0x0000000f53d10000,0x0000000f53f00000) (1984K)]
  0x000001498fb00b20 ConcurrentGCThread "G1 Refine#0"               [id=2340, stack(0x0000000f53f00000,0x0000000f540f0000) (1984K)]
  0x000001498d694600 ConcurrentGCThread "G1 Service"                [id=13288, stack(0x0000000f540f0000,0x0000000f542e0000) (1984K)]
Total: 12

Threads with active compile tasks:
C2 CompilerThread0      784  868       4       jdk.internal.jimage.ImageReader$Resource::create (17 bytes)
C2 CompilerThread2      784  866       4       jdk.internal.jimage.ImageReader$SharedImageReader::lambda$handleModulesSubTree$1 (58 bytes)
Total: 2

VM state: not at safepoint (normal execution)

VM Mutex/Monitor currently owned by a thread: None

Heap address: 0x00000000c0000000, size: 1024 MB, Compressed Oops mode: 32-bit

CDS archive(s) mapped at: [0x00000149af000000-0x00000149afc90000-0x00000149afc90000), size 13172736, SharedBaseAddress: 0x00000149af000000, ArchiveRelocationMode: 1.
Compressed class space mapped at: 0x00000149b0000000-0x00000149f0000000, reserved size: 1073741824
Narrow klass base: 0x00000149af000000, Narrow klass shift: 0, Narrow klass range: 0x100000000

GC Precious Log:
 CardTable entry size: 512
 Card Set container configuration: InlinePtr #cards 5 size 8 Array Of Cards #cards 12 size 40 Howl #buckets 4 coarsen threshold 1843 Howl Bitmap #cards 512 size 80 coarsen threshold 460 Card regions per heap region 1 cards per card region 2048
 CPUs: 12 total, 12 available
 Memory: 16318M
 Large Page Support: Disabled
 NUMA Support: Disabled
 Compressed Oops: Enabled (32-bit)
 Heap Region Size: 1M
 Heap Min Capacity: 8M
 Heap Initial Capacity: 256M
 Heap Max Capacity: 1G
 Pre-touch: Disabled
 Parallel Workers: 10
 Concurrent Workers: 3
 Concurrent Refinement Workers: 10
 Periodic GC: Disabled

Heap:
 garbage-first heap   total 141312K, used 14695K [0x00000000c0000000, 0x0000000100000000)
  region size 1024K, 11 young (11264K), 1 survivors (1024K)
 Metaspace       used 3251K, committed 3392K, reserved 1114112K
  class space    used 255K, committed 320K, reserved 1048576K

Heap Regions: E=young(eden), S=young(survivor), O=old, HS=humongous(starts), HC=humongous(continues), CS=collection set, F=free, TAMS=top-at-mark-start, PB=parsable bottom
|   0|0x00000000c0000000, 0x00000000c0034738, 0x00000000c0100000| 20%| O|  |TAMS 0x00000000c0000000| PB 0x00000000c0000000| Untracked 
|   1|0x00000000c0100000, 0x00000000c017c720, 0x00000000c0200000| 48%| O|  |TAMS 0x00000000c0100000| PB 0x00000000c0100000| Untracked 
|   2|0x00000000c0200000, 0x00000000c0255af8, 0x00000000c0300000| 33%| O|  |TAMS 0x00000000c0200000| PB 0x00000000c0200000| Untracked 
|   3|0x00000000c0300000, 0x00000000c0364de0, 0x00000000c0400000| 39%| O|  |TAMS 0x00000000c0300000| PB 0x00000000c0300000| Untracked 
|   4|0x00000000c0400000, 0x00000000c0414ca8, 0x00000000c0500000|  8%| O|  |TAMS 0x00000000c0400000| PB 0x00000000c0400000| Untracked 
|   5|0x00000000c0500000, 0x00000000c051b150, 0x00000000c0600000| 10%| O|  |TAMS 0x00000000c0500000| PB 0x00000000c0500000| Untracked 
|   6|0x00000000c0600000, 0x00000000c0700000, 0x00000000c0700000|100%| O|  |TAMS 0x00000000c0600000| PB 0x00000000c0600000| Untracked 
|   7|0x00000000c0700000, 0x00000000c0800000, 0x00000000c0800000|100%| O|  |TAMS 0x00000000c0700000| PB 0x00000000c0700000| Untracked 
|   8|0x00000000c0800000, 0x00000000c0900000, 0x00000000c0900000|100%| O|  |TAMS 0x00000000c0800000| PB 0x00000000c0800000| Untracked 
|   9|0x00000000c0900000, 0x00000000c0910730, 0x00000000c0a00000|  6%| O|  |TAMS 0x00000000c0900000| PB 0x00000000c0900000| Untracked 
|  10|0x00000000c0a00000, 0x00000000c0a00000, 0x00000000c0b00000|  0%| F|  |TAMS 0x00000000c0a00000| PB 0x00000000c0a00000| Untracked 
|  11|0x00000000c0b00000, 0x00000000c0b00000, 0x00000000c0c00000|  0%| F|  |TAMS 0x00000000c0b00000| PB 0x00000000c0b00000| Untracked 
|  12|0x00000000c0c00000, 0x00000000c0cae218, 0x00000000c0d00000| 68%| S|CS|TAMS 0x00000000c0c00000| PB 0x00000000c0c00000| Complete 
|  13|0x00000000c0d00000, 0x00000000c0d00000, 0x00000000c0e00000|  0%| F|  |TAMS 0x00000000c0d00000| PB 0x00000000c0d00000| Untracked 
|  14|0x00000000c0e00000, 0x00000000c0e00000, 0x00000000c0f00000|  0%| F|  |TAMS 0x00000000c0e00000| PB 0x00000000c0e00000| Untracked 
|  15|0x00000000c0f00000, 0x00000000c0f00000, 0x00000000c1000000|  0%| F|  |TAMS 0x00000000c0f00000| PB 0x00000000c0f00000| Untracked 
|  16|0x00000000c1000000, 0x00000000c1000000, 0x00000000c1100000|  0%| F|  |TAMS 0x00000000c1000000| PB 0x00000000c1000000| Untracked 
|  17|0x00000000c1100000, 0x00000000c1100000, 0x00000000c1200000|  0%| F|  |TAMS 0x00000000c1100000| PB 0x00000000c1100000| Untracked 
|  18|0x00000000c1200000, 0x00000000c1200000, 0x00000000c1300000|  0%| F|  |TAMS 0x00000000c1200000| PB 0x00000000c1200000| Untracked 
|  19|0x00000000c1300000, 0x00000000c1300000, 0x00000000c1400000|  0%| F|  |TAMS 0x00000000c1300000| PB 0x00000000c1300000| Untracked 
|  20|0x00000000c1400000, 0x00000000c1400000, 0x00000000c1500000|  0%| F|  |TAMS 0x00000000c1400000| PB 0x00000000c1400000| Untracked 
|  21|0x00000000c1500000, 0x00000000c1500000, 0x00000000c1600000|  0%| F|  |TAMS 0x00000000c1500000| PB 0x00000000c1500000| Untracked 
|  22|0x00000000c1600000, 0x00000000c1600000, 0x00000000c1700000|  0%| F|  |TAMS 0x00000000c1600000| PB 0x00000000c1600000| Untracked 
|  23|0x00000000c1700000, 0x00000000c1700000, 0x00000000c1800000|  0%| F|  |TAMS 0x00000000c1700000| PB 0x00000000c1700000| Untracked 
|  24|0x00000000c1800000, 0x00000000c1800000, 0x00000000c1900000|  0%| F|  |TAMS 0x00000000c1800000| PB 0x00000000c1800000| Untracked 
|  25|0x00000000c1900000, 0x00000000c1900000, 0x00000000c1a00000|  0%| F|  |TAMS 0x00000000c1900000| PB 0x00000000c1900000| Untracked 
|  26|0x00000000c1a00000, 0x00000000c1a00000, 0x00000000c1b00000|  0%| F|  |TAMS 0x00000000c1a00000| PB 0x00000000c1a00000| Untracked 
|  27|0x00000000c1b00000, 0x00000000c1b00000, 0x00000000c1c00000|  0%| F|  |TAMS 0x00000000c1b00000| PB 0x00000000c1b00000| Untracked 
|  28|0x00000000c1c00000, 0x00000000c1c00000, 0x00000000c1d00000|  0%| F|  |TAMS 0x00000000c1c00000| PB 0x00000000c1c00000| Untracked 
|  29|0x00000000c1d00000, 0x00000000c1d00000, 0x00000000c1e00000|  0%| F|  |TAMS 0x00000000c1d00000| PB 0x00000000c1d00000| Untracked 
|  30|0x00000000c1e00000, 0x00000000c1e00000, 0x00000000c1f00000|  0%| F|  |TAMS 0x00000000c1e00000| PB 0x00000000c1e00000| Untracked 
|  31|0x00000000c1f00000, 0x00000000c1f00000, 0x00000000c2000000|  0%| F|  |TAMS 0x00000000c1f00000| PB 0x00000000c1f00000| Untracked 
|  32|0x00000000c2000000, 0x00000000c2000000, 0x00000000c2100000|  0%| F|  |TAMS 0x00000000c2000000| PB 0x00000000c2000000| Untracked 
|  33|0x00000000c2100000, 0x00000000c2100000, 0x00000000c2200000|  0%| F|  |TAMS 0x00000000c2100000| PB 0x00000000c2100000| Untracked 
|  34|0x00000000c2200000, 0x00000000c2200000, 0x00000000c2300000|  0%| F|  |TAMS 0x00000000c2200000| PB 0x00000000c2200000| Untracked 
|  35|0x00000000c2300000, 0x00000000c2300000, 0x00000000c2400000|  0%| F|  |TAMS 0x00000000c2300000| PB 0x00000000c2300000| Untracked 
|  36|0x00000000c2400000, 0x00000000c2400000, 0x00000000c2500000|  0%| F|  |TAMS 0x00000000c2400000| PB 0x00000000c2400000| Untracked 
|  37|0x00000000c2500000, 0x00000000c2500000, 0x00000000c2600000|  0%| F|  |TAMS 0x00000000c2500000| PB 0x00000000c2500000| Untracked 
|  38|0x00000000c2600000, 0x00000000c2600000, 0x00000000c2700000|  0%| F|  |TAMS 0x00000000c2600000| PB 0x00000000c2600000| Untracked 
|  39|0x00000000c2700000, 0x00000000c2700000, 0x00000000c2800000|  0%| F|  |TAMS 0x00000000c2700000| PB 0x00000000c2700000| Untracked 
|  40|0x00000000c2800000, 0x00000000c2800000, 0x00000000c2900000|  0%| F|  |TAMS 0x00000000c2800000| PB 0x00000000c2800000| Untracked 
|  41|0x00000000c2900000, 0x00000000c2900000, 0x00000000c2a00000|  0%| F|  |TAMS 0x00000000c2900000| PB 0x00000000c2900000| Untracked 
|  42|0x00000000c2a00000, 0x00000000c2a00000, 0x00000000c2b00000|  0%| F|  |TAMS 0x00000000c2a00000| PB 0x00000000c2a00000| Untracked 
|  43|0x00000000c2b00000, 0x00000000c2b00000, 0x00000000c2c00000|  0%| F|  |TAMS 0x00000000c2b00000| PB 0x00000000c2b00000| Untracked 
|  44|0x00000000c2c00000, 0x00000000c2c00000, 0x00000000c2d00000|  0%| F|  |TAMS 0x00000000c2c00000| PB 0x00000000c2c00000| Untracked 
|  45|0x00000000c2d00000, 0x00000000c2d00000, 0x00000000c2e00000|  0%| F|  |TAMS 0x00000000c2d00000| PB 0x00000000c2d00000| Untracked 
|  46|0x00000000c2e00000, 0x00000000c2e00000, 0x00000000c2f00000|  0%| F|  |TAMS 0x00000000c2e00000| PB 0x00000000c2e00000| Untracked 
|  47|0x00000000c2f00000, 0x00000000c2f00000, 0x00000000c3000000|  0%| F|  |TAMS 0x00000000c2f00000| PB 0x00000000c2f00000| Untracked 
|  48|0x00000000c3000000, 0x00000000c3000000, 0x00000000c3100000|  0%| F|  |TAMS 0x00000000c3000000| PB 0x00000000c3000000| Untracked 
|  49|0x00000000c3100000, 0x00000000c3100000, 0x00000000c3200000|  0%| F|  |TAMS 0x00000000c3100000| PB 0x00000000c3100000| Untracked 
|  50|0x00000000c3200000, 0x00000000c3200000, 0x00000000c3300000|  0%| F|  |TAMS 0x00000000c3200000| PB 0x00000000c3200000| Untracked 
|  51|0x00000000c3300000, 0x00000000c3300000, 0x00000000c3400000|  0%| F|  |TAMS 0x00000000c3300000| PB 0x00000000c3300000| Untracked 
|  52|0x00000000c3400000, 0x00000000c3400000, 0x00000000c3500000|  0%| F|  |TAMS 0x00000000c3400000| PB 0x00000000c3400000| Untracked 
|  53|0x00000000c3500000, 0x00000000c3500000, 0x00000000c3600000|  0%| F|  |TAMS 0x00000000c3500000| PB 0x00000000c3500000| Untracked 
|  54|0x00000000c3600000, 0x00000000c3600000, 0x00000000c3700000|  0%| F|  |TAMS 0x00000000c3600000| PB 0x00000000c3600000| Untracked 
|  55|0x00000000c3700000, 0x00000000c3700000, 0x00000000c3800000|  0%| F|  |TAMS 0x00000000c3700000| PB 0x00000000c3700000| Untracked 
|  56|0x00000000c3800000, 0x00000000c3800000, 0x00000000c3900000|  0%| F|  |TAMS 0x00000000c3800000| PB 0x00000000c3800000| Untracked 
|  57|0x00000000c3900000, 0x00000000c3900000, 0x00000000c3a00000|  0%| F|  |TAMS 0x00000000c3900000| PB 0x00000000c3900000| Untracked 
|  58|0x00000000c3a00000, 0x00000000c3a00000, 0x00000000c3b00000|  0%| F|  |TAMS 0x00000000c3a00000| PB 0x00000000c3a00000| Untracked 
|  59|0x00000000c3b00000, 0x00000000c3b00000, 0x00000000c3c00000|  0%| F|  |TAMS 0x00000000c3b00000| PB 0x00000000c3b00000| Untracked 
|  60|0x00000000c3c00000, 0x00000000c3c00000, 0x00000000c3d00000|  0%| F|  |TAMS 0x00000000c3c00000| PB 0x00000000c3c00000| Untracked 
|  61|0x00000000c3d00000, 0x00000000c3d00000, 0x00000000c3e00000|  0%| F|  |TAMS 0x00000000c3d00000| PB 0x00000000c3d00000| Untracked 
|  62|0x00000000c3e00000, 0x00000000c3e00000, 0x00000000c3f00000|  0%| F|  |TAMS 0x00000000c3e00000| PB 0x00000000c3e00000| Untracked 
|  63|0x00000000c3f00000, 0x00000000c3f00000, 0x00000000c4000000|  0%| F|  |TAMS 0x00000000c3f00000| PB 0x00000000c3f00000| Untracked 
|  64|0x00000000c4000000, 0x00000000c4000000, 0x00000000c4100000|  0%| F|  |TAMS 0x00000000c4000000| PB 0x00000000c4000000| Untracked 
|  65|0x00000000c4100000, 0x00000000c4100000, 0x00000000c4200000|  0%| F|  |TAMS 0x00000000c4100000| PB 0x00000000c4100000| Untracked 
|  66|0x00000000c4200000, 0x00000000c4200000, 0x00000000c4300000|  0%| F|  |TAMS 0x00000000c4200000| PB 0x00000000c4200000| Untracked 
|  67|0x00000000c4300000, 0x00000000c4300000, 0x00000000c4400000|  0%| F|  |TAMS 0x00000000c4300000| PB 0x00000000c4300000| Untracked 
|  68|0x00000000c4400000, 0x00000000c4400000, 0x00000000c4500000|  0%| F|  |TAMS 0x00000000c4400000| PB 0x00000000c4400000| Untracked 
|  69|0x00000000c4500000, 0x00000000c4500000, 0x00000000c4600000|  0%| F|  |TAMS 0x00000000c4500000| PB 0x00000000c4500000| Untracked 
|  70|0x00000000c4600000, 0x00000000c4600000, 0x00000000c4700000|  0%| F|  |TAMS 0x00000000c4600000| PB 0x00000000c4600000| Untracked 
|  71|0x00000000c4700000, 0x00000000c4700000, 0x00000000c4800000|  0%| F|  |TAMS 0x00000000c4700000| PB 0x00000000c4700000| Untracked 
|  72|0x00000000c4800000, 0x00000000c4800000, 0x00000000c4900000|  0%| F|  |TAMS 0x00000000c4800000| PB 0x00000000c4800000| Untracked 
|  73|0x00000000c4900000, 0x00000000c4900000, 0x00000000c4a00000|  0%| F|  |TAMS 0x00000000c4900000| PB 0x00000000c4900000| Untracked 
|  74|0x00000000c4a00000, 0x00000000c4a00000, 0x00000000c4b00000|  0%| F|  |TAMS 0x00000000c4a00000| PB 0x00000000c4a00000| Untracked 
|  75|0x00000000c4b00000, 0x00000000c4b00000, 0x00000000c4c00000|  0%| F|  |TAMS 0x00000000c4b00000| PB 0x00000000c4b00000| Untracked 
|  76|0x00000000c4c00000, 0x00000000c4c00000, 0x00000000c4d00000|  0%| F|  |TAMS 0x00000000c4c00000| PB 0x00000000c4c00000| Untracked 
|  77|0x00000000c4d00000, 0x00000000c4d00000, 0x00000000c4e00000|  0%| F|  |TAMS 0x00000000c4d00000| PB 0x00000000c4d00000| Untracked 
|  78|0x00000000c4e00000, 0x00000000c4e00000, 0x00000000c4f00000|  0%| F|  |TAMS 0x00000000c4e00000| PB 0x00000000c4e00000| Untracked 
|  79|0x00000000c4f00000, 0x00000000c4f00000, 0x00000000c5000000|  0%| F|  |TAMS 0x00000000c4f00000| PB 0x00000000c4f00000| Untracked 
|  80|0x00000000c5000000, 0x00000000c5000000, 0x00000000c5100000|  0%| F|  |TAMS 0x00000000c5000000| PB 0x00000000c5000000| Untracked 
|  81|0x00000000c5100000, 0x00000000c5100000, 0x00000000c5200000|  0%| F|  |TAMS 0x00000000c5100000| PB 0x00000000c5100000| Untracked 
|  82|0x00000000c5200000, 0x00000000c5200000, 0x00000000c5300000|  0%| F|  |TAMS 0x00000000c5200000| PB 0x00000000c5200000| Untracked 
|  83|0x00000000c5300000, 0x00000000c5300000, 0x00000000c5400000|  0%| F|  |TAMS 0x00000000c5300000| PB 0x00000000c5300000| Untracked 
|  84|0x00000000c5400000, 0x00000000c5400000, 0x00000000c5500000|  0%| F|  |TAMS 0x00000000c5400000| PB 0x00000000c5400000| Untracked 
|  85|0x00000000c5500000, 0x00000000c5500000, 0x00000000c5600000|  0%| F|  |TAMS 0x00000000c5500000| PB 0x00000000c5500000| Untracked 
|  86|0x00000000c5600000, 0x00000000c5600000, 0x00000000c5700000|  0%| F|  |TAMS 0x00000000c5600000| PB 0x00000000c5600000| Untracked 
|  87|0x00000000c5700000, 0x00000000c5700000, 0x00000000c5800000|  0%| F|  |TAMS 0x00000000c5700000| PB 0x00000000c5700000| Untracked 
|  88|0x00000000c5800000, 0x00000000c5800000, 0x00000000c5900000|  0%| F|  |TAMS 0x00000000c5800000| PB 0x00000000c5800000| Untracked 
|  89|0x00000000c5900000, 0x00000000c5900000, 0x00000000c5a00000|  0%| F|  |TAMS 0x00000000c5900000| PB 0x00000000c5900000| Untracked 
|  90|0x00000000c5a00000, 0x00000000c5a00000, 0x00000000c5b00000|  0%| F|  |TAMS 0x00000000c5a00000| PB 0x00000000c5a00000| Untracked 
|  91|0x00000000c5b00000, 0x00000000c5b00000, 0x00000000c5c00000|  0%| F|  |TAMS 0x00000000c5b00000| PB 0x00000000c5b00000| Untracked 
|  92|0x00000000c5c00000, 0x00000000c5c00000, 0x00000000c5d00000|  0%| F|  |TAMS 0x00000000c5c00000| PB 0x00000000c5c00000| Untracked 
|  93|0x00000000c5d00000, 0x00000000c5d00000, 0x00000000c5e00000|  0%| F|  |TAMS 0x00000000c5d00000| PB 0x00000000c5d00000| Untracked 
|  94|0x00000000c5e00000, 0x00000000c5e00000, 0x00000000c5f00000|  0%| F|  |TAMS 0x00000000c5e00000| PB 0x00000000c5e00000| Untracked 
|  95|0x00000000c5f00000, 0x00000000c5f00000, 0x00000000c6000000|  0%| F|  |TAMS 0x00000000c5f00000| PB 0x00000000c5f00000| Untracked 
|  96|0x00000000c6000000, 0x00000000c6000000, 0x00000000c6100000|  0%| F|  |TAMS 0x00000000c6000000| PB 0x00000000c6000000| Untracked 
|  97|0x00000000c6100000, 0x00000000c6100000, 0x00000000c6200000|  0%| F|  |TAMS 0x00000000c6100000| PB 0x00000000c6100000| Untracked 
|  98|0x00000000c6200000, 0x00000000c6200000, 0x00000000c6300000|  0%| F|  |TAMS 0x00000000c6200000| PB 0x00000000c6200000| Untracked 
|  99|0x00000000c6300000, 0x00000000c6300000, 0x00000000c6400000|  0%| F|  |TAMS 0x00000000c6300000| PB 0x00000000c6300000| Untracked 
| 100|0x00000000c6400000, 0x00000000c6400000, 0x00000000c6500000|  0%| F|  |TAMS 0x00000000c6400000| PB 0x00000000c6400000| Untracked 
| 101|0x00000000c6500000, 0x00000000c6500000, 0x00000000c6600000|  0%| F|  |TAMS 0x00000000c6500000| PB 0x00000000c6500000| Untracked 
| 102|0x00000000c6600000, 0x00000000c6600000, 0x00000000c6700000|  0%| F|  |TAMS 0x00000000c6600000| PB 0x00000000c6600000| Untracked 
| 103|0x00000000c6700000, 0x00000000c6700000, 0x00000000c6800000|  0%| F|  |TAMS 0x00000000c6700000| PB 0x00000000c6700000| Untracked 
| 104|0x00000000c6800000, 0x00000000c6800000, 0x00000000c6900000|  0%| F|  |TAMS 0x00000000c6800000| PB 0x00000000c6800000| Untracked 
| 105|0x00000000c6900000, 0x00000000c6900000, 0x00000000c6a00000|  0%| F|  |TAMS 0x00000000c6900000| PB 0x00000000c6900000| Untracked 
| 106|0x00000000c6a00000, 0x00000000c6a00000, 0x00000000c6b00000|  0%| F|  |TAMS 0x00000000c6a00000| PB 0x00000000c6a00000| Untracked 
| 107|0x00000000c6b00000, 0x00000000c6b00000, 0x00000000c6c00000|  0%| F|  |TAMS 0x00000000c6b00000| PB 0x00000000c6b00000| Untracked 
| 108|0x00000000c6c00000, 0x00000000c6c00000, 0x00000000c6d00000|  0%| F|  |TAMS 0x00000000c6c00000| PB 0x00000000c6c00000| Untracked 
| 109|0x00000000c6d00000, 0x00000000c6d00000, 0x00000000c6e00000|  0%| F|  |TAMS 0x00000000c6d00000| PB 0x00000000c6d00000| Untracked 
| 110|0x00000000c6e00000, 0x00000000c6e00000, 0x00000000c6f00000|  0%| F|  |TAMS 0x00000000c6e00000| PB 0x00000000c6e00000| Untracked 
| 111|0x00000000c6f00000, 0x00000000c6f00000, 0x00000000c7000000|  0%| F|  |TAMS 0x00000000c6f00000| PB 0x00000000c6f00000| Untracked 
| 112|0x00000000c7000000, 0x00000000c7000000, 0x00000000c7100000|  0%| F|  |TAMS 0x00000000c7000000| PB 0x00000000c7000000| Untracked 
| 113|0x00000000c7100000, 0x00000000c7100000, 0x00000000c7200000|  0%| F|  |TAMS 0x00000000c7100000| PB 0x00000000c7100000| Untracked 
| 114|0x00000000c7200000, 0x00000000c7200000, 0x00000000c7300000|  0%| F|  |TAMS 0x00000000c7200000| PB 0x00000000c7200000| Untracked 
| 115|0x00000000c7300000, 0x00000000c7300000, 0x00000000c7400000|  0%| F|  |TAMS 0x00000000c7300000| PB 0x00000000c7300000| Untracked 
| 116|0x00000000c7400000, 0x00000000c7400000, 0x00000000c7500000|  0%| F|  |TAMS 0x00000000c7400000| PB 0x00000000c7400000| Untracked 
| 117|0x00000000c7500000, 0x00000000c7500000, 0x00000000c7600000|  0%| F|  |TAMS 0x00000000c7500000| PB 0x00000000c7500000| Untracked 
| 118|0x00000000c7600000, 0x00000000c7600000, 0x00000000c7700000|  0%| F|  |TAMS 0x00000000c7600000| PB 0x00000000c7600000| Untracked 
| 119|0x00000000c7700000, 0x00000000c7700000, 0x00000000c7800000|  0%| F|  |TAMS 0x00000000c7700000| PB 0x00000000c7700000| Untracked 
| 120|0x00000000c7800000, 0x00000000c7800000, 0x00000000c7900000|  0%| F|  |TAMS 0x00000000c7800000| PB 0x00000000c7800000| Untracked 
| 121|0x00000000c7900000, 0x00000000c7900000, 0x00000000c7a00000|  0%| F|  |TAMS 0x00000000c7900000| PB 0x00000000c7900000| Untracked 
| 122|0x00000000c7a00000, 0x00000000c7a00000, 0x00000000c7b00000|  0%| F|  |TAMS 0x00000000c7a00000| PB 0x00000000c7a00000| Untracked 
| 123|0x00000000c7b00000, 0x00000000c7b00000, 0x00000000c7c00000|  0%| F|  |TAMS 0x00000000c7b00000| PB 0x00000000c7b00000| Untracked 
| 124|0x00000000c7c00000, 0x00000000c7c00000, 0x00000000c7d00000|  0%| F|  |TAMS 0x00000000c7c00000| PB 0x00000000c7c00000| Untracked 
| 125|0x00000000c7d00000, 0x00000000c7d00000, 0x00000000c7e00000|  0%| F|  |TAMS 0x00000000c7d00000| PB 0x00000000c7d00000| Untracked 
| 126|0x00000000c7e00000, 0x00000000c7e00000, 0x00000000c7f00000|  0%| F|  |TAMS 0x00000000c7e00000| PB 0x00000000c7e00000| Untracked 
| 127|0x00000000c7f00000, 0x00000000c7f00000, 0x00000000c8000000|  0%| F|  |TAMS 0x00000000c7f00000| PB 0x00000000c7f00000| Untracked 
| 128|0x00000000c8000000, 0x00000000c80c0160, 0x00000000c8100000| 75%| E|  |TAMS 0x00000000c8000000| PB 0x00000000c8000000| Complete 
| 129|0x00000000c8100000, 0x00000000c8200000, 0x00000000c8200000|100%| E|CS|TAMS 0x00000000c8100000| PB 0x00000000c8100000| Complete 
| 130|0x00000000c8200000, 0x00000000c8300000, 0x00000000c8300000|100%| E|CS|TAMS 0x00000000c8200000| PB 0x00000000c8200000| Complete 
| 131|0x00000000c8300000, 0x00000000c8400000, 0x00000000c8400000|100%| E|CS|TAMS 0x00000000c8300000| PB 0x00000000c8300000| Complete 
| 132|0x00000000c8400000, 0x00000000c8500000, 0x00000000c8500000|100%| E|CS|TAMS 0x00000000c8400000| PB 0x00000000c8400000| Complete 
| 133|0x00000000c8500000, 0x00000000c8600000, 0x00000000c8600000|100%| E|CS|TAMS 0x00000000c8500000| PB 0x00000000c8500000| Complete 
| 134|0x00000000c8600000, 0x00000000c8700000, 0x00000000c8700000|100%| E|CS|TAMS 0x00000000c8600000| PB 0x00000000c8600000| Complete 
| 135|0x00000000c8700000, 0x00000000c8800000, 0x00000000c8800000|100%| E|CS|TAMS 0x00000000c8700000| PB 0x00000000c8700000| Complete 
| 136|0x00000000c8800000, 0x00000000c8900000, 0x00000000c8900000|100%| E|CS|TAMS 0x00000000c8800000| PB 0x00000000c8800000| Complete 
| 137|0x00000000c8900000, 0x00000000c8a00000, 0x00000000c8a00000|100%| E|CS|TAMS 0x00000000c8900000| PB 0x00000000c8900000| Complete 

Card table byte_map: [0x00000149ab1c0000,0x00000149ab3c0000] _byte_map_base: 0x00000149aabc0000

Marking Bits: (CMBitMap*) 0x000001498d6d1dc0
 Bits: [0x00000149ab3c0000, 0x00000149ac3c0000)

Polling page: 0x0000014991a80000

Metaspace:

Usage:
  Non-class:      2.97 MB used.
      Class:    256.57 KB used.
       Both:      3.22 MB used.

Virtual space:
  Non-class space:       64.00 MB reserved,       3.06 MB (  5%) committed,  1 nodes.
      Class space:        1.00 GB reserved,     320.00 KB ( <1%) committed,  1 nodes.
             Both:        1.06 GB reserved,       3.38 MB ( <1%) committed. 

Chunk freelists:
   Non-Class:  10.83 MB
       Class:  15.62 MB
        Both:  26.45 MB

MaxMetaspaceSize: unlimited
CompressedClassSpaceSize: 1.00 GB
Initial GC threshold: 21.00 MB
Current GC threshold: 21.00 MB
CDS: on
 - commit_granule_bytes: 65536.
 - commit_granule_words: 8192.
 - virtual_space_node_default_size: 8388608.
 - enlarge_chunks_in_place: 1.
 - use_allocation_guard: 0.


Internal statistics:

num_allocs_failed_limit: 0.
num_arena_births: 42.
num_arena_deaths: 0.
num_vsnodes_births: 2.
num_vsnodes_deaths: 0.
num_space_committed: 54.
num_space_uncommitted: 0.
num_chunks_returned_to_freelist: 0.
num_chunks_taken_from_freelist: 100.
num_chunk_merges: 0.
num_chunk_splits: 74.
num_chunks_enlarged: 56.
num_inconsistent_stats: 0.

CodeHeap 'non-profiled nmethods': size=120000Kb used=377Kb max_used=377Kb free=119623Kb
 bounds [0x00000149a3310000, 0x00000149a3580000, 0x00000149aa840000]
CodeHeap 'profiled nmethods': size=120000Kb used=1875Kb max_used=1875Kb free=118124Kb
 bounds [0x000001499b840000, 0x000001499bab0000, 0x00000149a2d70000]
CodeHeap 'non-nmethods': size=5760Kb used=1301Kb max_used=1340Kb free=4458Kb
 bounds [0x00000149a2d70000, 0x00000149a2fe0000, 0x00000149a3310000]
 total_blobs=1440 nmethods=1025 adapters=319
 compilation: enabled
              stopped_count=0, restarted_count=0
 full_count=0

Compilation events (20 events):
Event: 0.436 Thread 0x000001498d6cca00  516       3       java.util.TreeMap::setColor (10 bytes)
Event: 0.436 Thread 0x000001498d6cca00 nmethod 516 0x000001499b901610 code [0x000001499b9017a0, 0x000001499b9018d0]
Event: 0.437 Thread 0x000001498d6cca00  517       3       java.util.LinkedList::pop (5 bytes)
Event: 0.437 Thread 0x000001498d6caec0 nmethod 512 0x00000149a3332190 code [0x00000149a3332320, 0x00000149a3332488]
Event: 0.437 Thread 0x000001498d6cca00 nmethod 517 0x000001499b901990 code [0x000001499b901b60, 0x000001499b901dd8]
Event: 0.437 Thread 0x000001498d6cca00  518       3       java.util.LinkedList::removeFirst (23 bytes)
Event: 0.437 Thread 0x000001498d6cca00 nmethod 518 0x000001499b901f10 code [0x000001499b9020e0, 0x000001499b9022e8]
Event: 0.437 Thread 0x000001498d6cca00  519       3       org.jpype.manager.MethodResolution::<init> (498 bytes)
Event: 0.438 Thread 0x000001498d6cca00 nmethod 519 0x000001499b902410 code [0x000001499b902a80, 0x000001499b9095c8]
Event: 0.438 Thread 0x000001498d6cca00  527       3       org.jpype.manager.TypeManager::isBeanAccessor (59 bytes)
Event: 0.439 Thread 0x000001498d6cca00 nmethod 527 0x000001499b90a590 code [0x000001499b90a7c0, 0x000001499b90aef0]
Event: 0.439 Thread 0x000001498d6cca00  523       3       java.lang.invoke.DirectMethodHandle::allocateInstance (16 bytes)
Event: 0.439 Thread 0x000001498d6cca00 nmethod 523 0x000001499b90b190 code [0x000001499b90b340, 0x000001499b90b568]
Event: 0.439 Thread 0x000001498d6cca00  525       3       java.lang.invoke.DirectMethodHandle::constructorMethod (10 bytes)
Event: 0.439 Thread 0x000001498d6cca00 nmethod 525 0x000001499b90b690 code [0x000001499b90b840, 0x000001499b90ba28]
Event: 0.439 Thread 0x000001498d6cca00  522       3       java.util.ArrayList::<init> (12 bytes)
Event: 0.439 Thread 0x000001498d6cca00 nmethod 522 0x000001499b90bb10 code [0x000001499b90bcc0, 0x000001499b90bf60]
Event: 0.439 Thread 0x000001498d6cca00  528       3       java.lang.Class::getInterfaces (49 bytes)
Event: 0.439 Thread 0x000001498d6cca00 nmethod 528 0x000001499b90c090 code [0x000001499b90c2a0, 0x000001499b90c7a8]
Event: 0.439 Thread 0x000001498d6cca00  520   !   3       java.lang.reflect.Executable::sharedToString (138 bytes)

GC Heap History (2 events):
Event: 0.379 GC heap before
{Heap before GC invocations=0 (full 0):
 garbage-first heap   total 262144K, used 5120K [0x00000000c0000000, 0x0000000100000000)
  region size 1024K, 6 young (6144K), 0 survivors (0K)
 Metaspace       used 1315K, committed 1472K, reserved 1114112K
  class space    used 116K, committed 192K, reserved 1048576K
}
Event: 0.385 GC heap after
{Heap after GC invocations=1 (full 1):
 garbage-first heap   total 20480K, used 1645K [0x00000000c0000000, 0x0000000100000000)
  region size 1024K, 0 young (0K), 0 survivors (0K)
 Metaspace       used 1315K, committed 1472K, reserved 1114112K
  class space    used 116K, committed 192K, reserved 1048576K
}

Dll operation events (6 events):
Event: 0.039 Loaded shared library C:\Program Files\Java\jdk-21\bin\java.dll
Event: 0.162 Loaded shared library C:\Program Files\Java\jdk-21\bin\jsvml.dll
Event: 0.201 Loaded shared library C:\Program Files\Java\jdk-21\bin\net.dll
Event: 0.203 Loaded shared library C:\Program Files\Java\jdk-21\bin\nio.dll
Event: 0.209 Loaded shared library C:\Program Files\Java\jdk-21\bin\zip.dll
Event: 0.295 Loaded shared library C:\Users\shchoi\anaconda3\envs\nltk_setting\Lib\site-packages\_jpype.cp38-win_amd64.pyd

Deoptimization events (6 events):
Event: 0.318 Thread 0x000001498d6d8d40 DEOPT PACKING pc=0x000001499b858119 sp=0x0000000f50dfac90
Event: 0.318 Thread 0x000001498d6d8d40 DEOPT UNPACKING pc=0x00000149a2dc4e42 sp=0x0000000f50dfa0b0 mode 0
Event: 0.321 Thread 0x000001498d6d8d40 DEOPT PACKING pc=0x000001499b8477e1 sp=0x0000000f50dfab90
Event: 0.321 Thread 0x000001498d6d8d40 DEOPT UNPACKING pc=0x00000149a2dc4e42 sp=0x0000000f50df9ff8 mode 0
Event: 0.323 Thread 0x000001498d6d8d40 DEOPT PACKING pc=0x000001499b8477e1 sp=0x0000000f50dfa670
Event: 0.323 Thread 0x000001498d6d8d40 DEOPT UNPACKING pc=0x00000149a2dc4e42 sp=0x0000000f50df9ad8 mode 0

Classes loaded (20 events):
Event: 0.346 Loading class java/io/ObjectInputStream
Event: 0.347 Loading class java/io/ObjectInput
Event: 0.347 Loading class java/io/ObjectInput done
Event: 0.347 Loading class java/io/ObjectStreamConstants
Event: 0.348 Loading class java/io/ObjectStreamConstants done
Event: 0.348 Loading class java/io/ObjectInputStream done
Event: 0.348 Loading class java/io/ObjectOutputStream
Event: 0.349 Loading class java/io/ObjectOutput
Event: 0.349 Loading class java/io/ObjectOutput done
Event: 0.349 Loading class java/io/ObjectOutputStream done
Event: 0.354 Loading class jdk/internal/vm/annotation/ForceInline
Event: 0.354 Loading class jdk/internal/vm/annotation/ForceInline done
Event: 0.360 Loading class java/lang/Deprecated
Event: 0.361 Loading class java/lang/Deprecated done
Event: 0.361 Loading class java/lang/annotation/Documented
Event: 0.361 Loading class java/lang/annotation/Documented done
Event: 0.368 Loading class java/nio/charset/CharacterCodingException
Event: 0.369 Loading class java/nio/charset/CharacterCodingException done
Event: 0.439 Loading class java/lang/Byte$ByteCache
Event: 0.439 Loading class java/lang/Byte$ByteCache done

Classes unloaded (0 events):
No events

Classes redefined (0 events):
No events

Internal exceptions (8 events):
Event: 0.230 Thread 0x000001498d6d8d40 Exception <a 'java/lang/NoClassDefFoundError'{0x00000000cfda20b0}: org/jpype/classloader/DynamicClassLoader> (0x00000000cfda20b0) 
thrown [s\open\src\hotspot\share\classfile\systemDictionary.cpp, line 301]
Event: 0.316 Thread 0x000001498d6d8d40 Exception <a 'java/lang/NoSuchMethodError'{0x00000000cfccb068}: 'java.lang.Object java.lang.invoke.Invokers$Holder.invokeExact_MT(java.lang.Object, java.lang.Object, java.lang.Object, java.lang.Object, java.lang.Object)'> (0x00000000cfccb068) 
thrown [s\open\src\hotspot\share\interpreter\linkResolver.cpp, line 773]
Event: 0.340 Thread 0x000001498d6d8d40 Exception <a 'java/lang/NoSuchMethodError'{0x00000000cfb67c10}: 'java.lang.Object java.lang.invoke.DirectMethodHandle$Holder.invokeInterface(java.lang.Object, java.lang.Object)'> (0x00000000cfb67c10) 
thrown [s\open\src\hotspot\share\interpreter\linkResolver.cpp, line 773]
Event: 0.341 Thread 0x000001498d6d8d40 Exception <a 'java/lang/IncompatibleClassChangeError'{0x00000000cfb6afd8}: Found class java.lang.Object, but interface was expected> (0x00000000cfb6afd8) 
thrown [s\open\src\hotspot\share\interpreter\linkResolver.cpp, line 840]
Event: 0.375 Thread 0x000001498d6d8d40 Exception <a 'java/lang/NoSuchMethodError'{0x00000000cfa6f780}: method resolution failed> (0x00000000cfa6f780) 
thrown [s\open\src\hotspot\share\prims\methodHandles.cpp, line 1144]
Event: 0.375 Thread 0x000001498d6d8d40 Exception <a 'java/lang/NoSuchMethodError'{0x00000000cfa74830}: 'java.lang.Object java.lang.invoke.DirectMethodHandle$Holder.invokeStatic(java.lang.Object, java.lang.Object, int)'> (0x00000000cfa74830) 
thrown [s\open\src\hotspot\share\interpreter\linkResolver.cpp, line 773]
Event: 0.376 Thread 0x000001498d6d8d40 Exception <a 'java/lang/NoSuchMethodError'{0x00000000cfa80088}: 'void java.lang.invoke.DelegatingMethodHandle$Holder.delegate(java.lang.Object, java.lang.Object, int, java.lang.Object)'> (0x00000000cfa80088) 
thrown [s\open\src\hotspot\share\interpreter\linkResolver.cpp, line 773]
Event: 0.377 Thread 0x000001498d6d8d40 Exception <a 'java/lang/NoSuchMethodError'{0x00000000cfa84188}: 'int java.lang.invoke.DirectMethodHandle$Holder.invokeSpecial(java.lang.Object, java.lang.Object, java.lang.Object)'> (0x00000000cfa84188) 
thrown [s\open\src\hotspot\share\interpreter\linkResolver.cpp, line 773]

ZGC Phase Switch (0 events):
No events

VM Operations (4 events):
Event: 0.234 Executing VM operation: HandshakeAllThreads (Deoptimize)
Event: 0.234 Executing VM operation: HandshakeAllThreads (Deoptimize) done
Event: 0.379 Executing VM operation: G1CollectFull (System.gc())
Event: 0.385 Executing VM operation: G1CollectFull (System.gc()) done

Events (12 events):
Event: 0.115 Thread 0x000001498d6d8d40 Thread added: 0x000001498d6d8d40
Event: 0.155 Thread 0x000001498d6d3e80 Thread added: 0x000001498d6d3e80
Event: 0.155 Thread 0x000001498d6d4510 Thread added: 0x000001498d6d4510
Event: 0.156 Thread 0x00000149f008b510 Thread added: 0x00000149f008b510
Event: 0.156 Thread 0x00000149f0087370 Thread added: 0x00000149f0087370
Event: 0.156 Thread 0x00000149f0088090 Thread added: 0x00000149f0088090
Event: 0.156 Thread 0x00000149f008dc70 Thread added: 0x00000149f008dc70
Event: 0.156 Thread 0x000001498d6caec0 Thread added: 0x000001498d6caec0
Event: 0.156 Thread 0x000001498d6cca00 Thread added: 0x000001498d6cca00
Event: 0.191 Thread 0x00000149f0089440 Thread added: 0x00000149f0089440
Event: 0.198 Thread 0x00000149f008cf50 Thread added: 0x00000149f008cf50
Event: 0.311 Thread 0x00000149f008a160 Thread added: 0x00000149f008a160


Dynamic libraries:
0x00007ff68bcf0000 - 0x00007ff68bd0c000 	c:\Users\shchoi\anaconda3\envs\nltk_setting\python.exe
0x00007ffd29b90000 - 0x00007ffd29d88000 	C:\Windows\SYSTEM32\ntdll.dll
0x00007ffd299e0000 - 0x00007ffd29a9d000 	C:\Windows\System32\KERNEL32.DLL
0x00007ffd27840000 - 0x00007ffd27b36000 	C:\Windows\System32\KERNELBASE.dll
0x00007ffd274f0000 - 0x00007ffd275f0000 	C:\Windows\System32\ucrtbase.dll
0x00007ffcb4ff0000 - 0x00007ffcb54c5000 	c:\Users\shchoi\anaconda3\envs\nltk_setting\python38.dll
0x00007ffcf7d70000 - 0x00007ffcf7d89000 	c:\Users\shchoi\anaconda3\envs\nltk_setting\VCRUNTIME140.dll
0x00007ffd287e0000 - 0x00007ffd28835000 	C:\Windows\System32\SHLWAPI.dll
0x00007ffd28590000 - 0x00007ffd2862e000 	C:\Windows\System32\msvcrt.dll
0x00007ffd28630000 - 0x00007ffd2869b000 	C:\Windows\System32\WS2_32.dll
0x00007ffd20c40000 - 0x00007ffd20c4a000 	C:\Windows\SYSTEM32\VERSION.dll
0x00007ffd28330000 - 0x00007ffd28456000 	C:\Windows\System32\RPCRT4.dll
0x00007ffd28280000 - 0x00007ffd2832f000 	C:\Windows\System32\ADVAPI32.dll
0x00007ffd28180000 - 0x00007ffd2821c000 	C:\Windows\System32\sechost.dll
0x00007ffd26c00000 - 0x00007ffd26c18000 	C:\Windows\SYSTEM32\CRYPTSP.dll
0x00007ffd262d0000 - 0x00007ffd26304000 	C:\Windows\system32\rsaenh.dll
0x00007ffd27bc0000 - 0x00007ffd27be7000 	C:\Windows\System32\bcrypt.dll
0x00007ffd26c20000 - 0x00007ffd26c2c000 	C:\Windows\SYSTEM32\CRYPTBASE.dll
0x00007ffd275f0000 - 0x00007ffd27672000 	C:\Windows\System32\bcryptPrimitives.dll
0x00007ffd0c550000 - 0x00007ffd0c55f000 	c:\Users\shchoi\anaconda3\envs\nltk_setting\python3.DLL
0x00007ffd091f0000 - 0x00007ffd091ff000 	c:\Users\shchoi\anaconda3\envs\nltk_setting\lib\site-packages\zmq\backend\cython\_device.cp38-win_amd64.pyd
0x00007ffcc2c70000 - 0x00007ffcc2ce7000 	c:\Users\shchoi\anaconda3\envs\nltk_setting\Library\bin\libzmq-mt-4_3_4.dll
0x00007ffd266b0000 - 0x00007ffd266eb000 	C:\Windows\SYSTEM32\IPHLPAPI.DLL
0x00007ffcc2740000 - 0x00007ffcc27d1000 	c:\Users\shchoi\anaconda3\envs\nltk_setting\MSVCP140.dll
0x00007ffcc3400000 - 0x00007ffcc344f000 	c:\Users\shchoi\anaconda3\envs\nltk_setting\Library\bin\libsodium.dll
0x00007ffd05a70000 - 0x00007ffd05a7c000 	c:\Users\shchoi\anaconda3\envs\nltk_setting\VCRUNTIME140_1.dll
0x00007ffcc33e0000 - 0x00007ffcc33f1000 	c:\Users\shchoi\anaconda3\envs\nltk_setting\lib\site-packages\zmq\backend\cython\context.cp38-win_amd64.pyd
0x00007ffcc2c40000 - 0x00007ffcc2c61000 	c:\Users\shchoi\anaconda3\envs\nltk_setting\lib\site-packages\zmq\backend\cython\socket.cp38-win_amd64.pyd
0x00007ffcc23c0000 - 0x00007ffcc23d6000 	c:\Users\shchoi\anaconda3\envs\nltk_setting\lib\site-packages\zmq\backend\cython\message.cp38-win_amd64.pyd
0x00007ffcc10b0000 - 0x00007ffcc10c2000 	c:\Users\shchoi\anaconda3\envs\nltk_setting\lib\site-packages\zmq\backend\cython\_poll.cp38-win_amd64.pyd
0x00007ffcff720000 - 0x00007ffcff72e000 	c:\Users\shchoi\anaconda3\envs\nltk_setting\lib\site-packages\zmq\backend\cython\_proxy_steerable.cp38-win_amd64.pyd
0x00007ffcf81a0000 - 0x00007ffcf81aa000 	c:\Users\shchoi\anaconda3\envs\nltk_setting\lib\site-packages\zmq\backend\cython\_version.cp38-win_amd64.pyd
0x00007ffcf7f00000 - 0x00007ffcf7f0a000 	c:\Users\shchoi\anaconda3\envs\nltk_setting\lib\site-packages\zmq\backend\cython\error.cp38-win_amd64.pyd
0x00007ffcf79a0000 - 0x00007ffcf79ae000 	c:\Users\shchoi\anaconda3\envs\nltk_setting\lib\site-packages\zmq\backend\cython\utils.cp38-win_amd64.pyd
0x00007ffcde990000 - 0x00007ffcde9a7000 	c:\Users\shchoi\anaconda3\envs\nltk_setting\DLLs\_socket.pyd
0x00007ffd03a80000 - 0x00007ffd03a89000 	c:\Users\shchoi\anaconda3\envs\nltk_setting\DLLs\select.pyd
0x00007ffcc1050000 - 0x00007ffcc1080000 	c:\Users\shchoi\anaconda3\envs\nltk_setting\DLLs\_ssl.pyd
0x00007ffd27390000 - 0x00007ffd274ed000 	C:\Windows\System32\CRYPT32.dll
0x00007ffcc08f0000 - 0x00007ffcc09b2000 	c:\Users\shchoi\anaconda3\envs\nltk_setting\Library\bin\libssl-3-x64.dll
0x00007ffcb3af0000 - 0x00007ffcb3fef000 	c:\Users\shchoi\anaconda3\envs\nltk_setting\Library\bin\libcrypto-3-x64.dll
0x00007ffd27c60000 - 0x00007ffd27dfe000 	C:\Windows\System32\USER32.dll
0x00007ffd27b40000 - 0x00007ffd27b62000 	C:\Windows\System32\win32u.dll
0x00007ffd28700000 - 0x00007ffd2872c000 	C:\Windows\System32\GDI32.dll
0x00007ffd27680000 - 0x00007ffd2779a000 	C:\Windows\System32\gdi32full.dll
0x00007ffd277a0000 - 0x00007ffd2783d000 	C:\Windows\System32\msvcp_win.dll
0x00007ffd28150000 - 0x00007ffd28180000 	C:\Windows\System32\IMM32.DLL
0x00007ffcc08d0000 - 0x00007ffcc08e3000 	c:\Users\shchoi\anaconda3\envs\nltk_setting\DLLs\_asyncio.pyd
0x00007ffcf6340000 - 0x00007ffcf634e000 	c:\Users\shchoi\anaconda3\envs\nltk_setting\DLLs\_overlapped.pyd
0x00007ffd26a10000 - 0x00007ffd26a7a000 	C:\Windows\system32\mswsock.dll
0x00007ffcf7940000 - 0x00007ffcf7958000 	c:\Users\shchoi\anaconda3\envs\nltk_setting\DLLs\_bz2.pyd
0x00007ffce9580000 - 0x00007ffce95b0000 	c:\Users\shchoi\anaconda3\envs\nltk_setting\DLLs\_lzma.pyd
0x00007ffd039c0000 - 0x00007ffd039c9000 	c:\Users\shchoi\anaconda3\envs\nltk_setting\DLLs\_queue.pyd
0x00007ffce9570000 - 0x00007ffce957c000 	c:\Users\shchoi\anaconda3\envs\nltk_setting\DLLs\_hashlib.pyd
0x00007ffcde980000 - 0x00007ffcde987000 	c:\Users\shchoi\anaconda3\envs\nltk_setting\lib\site-packages\tornado\speedups.pyd
0x00007ffcc1080000 - 0x00007ffcc10a4000 	c:\Users\shchoi\anaconda3\envs\nltk_setting\DLLs\_ctypes.pyd
0x00007ffd27f40000 - 0x00007ffd2806b000 	C:\Windows\System32\ole32.dll
0x00007ffd29400000 - 0x00007ffd29754000 	C:\Windows\System32\combase.dll
0x00007ffd29910000 - 0x00007ffd299dd000 	C:\Windows\System32\OLEAUT32.dll
0x00007ffcfcc80000 - 0x00007ffcfcc8b000 	c:\Users\shchoi\anaconda3\envs\nltk_setting\DLLs\libffi-7.dll
0x00007ffcbfab0000 - 0x00007ffcbfafb000 	c:\Users\shchoi\anaconda3\envs\nltk_setting\DLLs\_decimal.pyd
0x00007ffd28cb0000 - 0x00007ffd293f4000 	C:\Windows\System32\shell32.DLL
0x00007ffcc08b0000 - 0x00007ffcc08c6000 	c:\Users\shchoi\anaconda3\envs\nltk_setting\DLLs\_sqlite3.pyd
0x00007ffcb3870000 - 0x00007ffcb39de000 	c:\Users\shchoi\anaconda3\envs\nltk_setting\Library\bin\sqlite3.dll
0x00007ffcb39e0000 - 0x00007ffcb3aef000 	c:\Users\shchoi\anaconda3\envs\nltk_setting\DLLs\unicodedata.pyd
0x00007ffcc05f0000 - 0x00007ffcc0605000 	c:\Users\shchoi\anaconda3\envs\nltk_setting\lib\site-packages\psutil\_psutil_windows.cp38-win_amd64.pyd
0x00007ffd28500000 - 0x00007ffd28508000 	C:\Windows\System32\PSAPI.DLL
0x00007ffd03e30000 - 0x00007ffd03e79000 	C:\Windows\SYSTEM32\pdh.dll
0x00007ffd26820000 - 0x00007ffd2686b000 	C:\Windows\SYSTEM32\POWRPROF.dll
0x00007ffd26690000 - 0x00007ffd266a2000 	C:\Windows\SYSTEM32\UMPDC.dll
0x00007ffd22130000 - 0x00007ffd22144000 	C:\Windows\SYSTEM32\wtsapi32.dll
0x00007ffcbfa70000 - 0x00007ffcbfaa6000 	c:\Users\shchoi\anaconda3\envs\nltk_setting\DLLs\pyexpat.pyd
0x00007ffcbdd10000 - 0x00007ffcbdd64000 	c:\Users\shchoi\anaconda3\envs\nltk_setting\lib\site-packages\debugpy\_vendored\pydevd\_pydevd_bundle\pydevd_cython.cp38-win_amd64.pyd
0x00007ffd25150000 - 0x00007ffd25162000 	C:\Windows\SYSTEM32\kernel.appcore.dll
0x00007ffd03d40000 - 0x00007ffd03d47000 	C:\Windows\system32\wshunix.dll
0x00007ffd27bf0000 - 0x00007ffd27bf8000 	C:\Windows\System32\NSI.dll
0x00007ffd206a0000 - 0x00007ffd206b7000 	C:\Windows\SYSTEM32\dhcpcsvc6.DLL
0x00007ffd209c0000 - 0x00007ffd209dd000 	C:\Windows\SYSTEM32\dhcpcsvc.DLL
0x00007ffd26700000 - 0x00007ffd267ca000 	C:\Windows\SYSTEM32\DNSAPI.dll
0x00007ffd29aa0000 - 0x00007ffd29b4d000 	C:\Windows\System32\shcore.dll
0x00007ffd08f40000 - 0x00007ffd08f7a000 	c:\Users\shchoi\anaconda3\envs\nltk_setting\DLLs\_elementtree.pyd
0x00007ffd21e70000 - 0x00007ffd21e77000 	c:\Users\shchoi\anaconda3\envs\nltk_setting\lib\site-packages\mkl\_mklinit.cp38-win_amd64.pyd
0x00007ffc9ed80000 - 0x00007ffca0cdc000 	c:\Users\shchoi\anaconda3\envs\nltk_setting\Library\bin\mkl_rt.2.dll
0x00007ffd09400000 - 0x00007ffd0941a000 	c:\Users\shchoi\anaconda3\envs\nltk_setting\lib\site-packages\mkl\_py_mkl_service.cp38-win_amd64.pyd
0x00007ffd070e0000 - 0x00007ffd07446000 	c:\Users\shchoi\anaconda3\envs\nltk_setting\lib\site-packages\numpy\core\_multiarray_umath.cp38-win_amd64.pyd
0x00007ffd08f10000 - 0x00007ffd08f31000 	c:\Users\shchoi\anaconda3\envs\nltk_setting\lib\site-packages\numpy\core\_multiarray_tests.cp38-win_amd64.pyd
0x00007ffd08ee0000 - 0x00007ffd08f0e000 	c:\Users\shchoi\anaconda3\envs\nltk_setting\lib\site-packages\numpy\linalg\_umath_linalg.cp38-win_amd64.pyd
0x00007ffd08eb0000 - 0x00007ffd08ed1000 	c:\Users\shchoi\anaconda3\envs\nltk_setting\lib\site-packages\numpy\fft\_pocketfft_internal.cp38-win_amd64.pyd
0x00007ffd08e10000 - 0x00007ffd08ea7000 	c:\Users\shchoi\anaconda3\envs\nltk_setting\lib\site-packages\numpy\random\mtrand.cp38-win_amd64.pyd
0x00007ffd08de0000 - 0x00007ffd08e0b000 	c:\Users\shchoi\anaconda3\envs\nltk_setting\lib\site-packages\numpy\random\bit_generator.cp38-win_amd64.pyd
0x00007ffd08da0000 - 0x00007ffd08dd4000 	c:\Users\shchoi\anaconda3\envs\nltk_setting\lib\site-packages\numpy\random\_common.cp38-win_amd64.pyd
0x00007ffd08d50000 - 0x00007ffd08d93000 	c:\Users\shchoi\anaconda3\envs\nltk_setting\lib\site-packages\numpy\random\_bounded_integers.cp38-win_amd64.pyd
0x00007ffd08d30000 - 0x00007ffd08d49000 	c:\Users\shchoi\anaconda3\envs\nltk_setting\lib\site-packages\numpy\random\_mt19937.cp38-win_amd64.pyd
0x00007ffd08d10000 - 0x00007ffd08d27000 	c:\Users\shchoi\anaconda3\envs\nltk_setting\lib\site-packages\numpy\random\_philox.cp38-win_amd64.pyd
0x00007ffd08cf0000 - 0x00007ffd08d0a000 	c:\Users\shchoi\anaconda3\envs\nltk_setting\lib\site-packages\numpy\random\_pcg64.cp38-win_amd64.pyd
0x00007ffd08cd0000 - 0x00007ffd08ce2000 	c:\Users\shchoi\anaconda3\envs\nltk_setting\lib\site-packages\numpy\random\_sfc64.cp38-win_amd64.pyd
0x00007ffd08c10000 - 0x00007ffd08cc3000 	c:\Users\shchoi\anaconda3\envs\nltk_setting\lib\site-packages\numpy\random\_generator.cp38-win_amd64.pyd
0x00007ffc9b950000 - 0x00007ffc9ed79000 	c:\Users\shchoi\anaconda3\envs\nltk_setting\Library\bin\mkl_intel_thread.2.dll
0x00007ffc96e50000 - 0x00007ffc9b943000 	c:\Users\shchoi\anaconda3\envs\nltk_setting\Library\bin\mkl_core.2.dll
0x00007ffc948f0000 - 0x00007ffc96e4d000 	c:\Users\shchoi\anaconda3\envs\nltk_setting\Library\bin\mkl_def.2.dll
0x00007ffd06840000 - 0x00007ffd070d2000 	c:\Users\shchoi\anaconda3\envs\nltk_setting\Library\bin\mkl_vml_def.2.dll
0x00007ffd085d0000 - 0x00007ffd085e5000 	c:\Users\shchoi\anaconda3\envs\nltk_setting\lib\site-packages\scipy\_lib\_ccallback_c.cp38-win_amd64.pyd
0x00007ffd20350000 - 0x00007ffd2035b000 	c:\Users\shchoi\anaconda3\envs\nltk_setting\lib\site-packages\numpy\linalg\lapack_lite.cp38-win_amd64.pyd
0x00007ffd07930000 - 0x00007ffd079be000 	c:\Users\shchoi\anaconda3\envs\nltk_setting\lib\site-packages\scipy\spatial\_ckdtree.cp38-win_amd64.pyd
0x00007ffcb34f0000 - 0x00007ffcb3743000 	c:\Users\shchoi\anaconda3\envs\nltk_setting\lib\site-packages\scipy\sparse\_sparsetools.cp38-win_amd64.pyd
0x00007ffd067c0000 - 0x00007ffd0683f000 	c:\Users\shchoi\anaconda3\envs\nltk_setting\lib\site-packages\scipy\sparse\_csparsetools.cp38-win_amd64.pyd
0x00007ffd05f00000 - 0x00007ffd05f35000 	c:\Users\shchoi\anaconda3\envs\nltk_setting\lib\site-packages\scipy\sparse\linalg\_isolve\_iterative.cp38-win_amd64.pyd
0x00007ffcb3090000 - 0x00007ffcb34e7000 	c:\Users\shchoi\anaconda3\envs\nltk_setting\Library\bin\libmmd.dll
0x00007ffd051b0000 - 0x00007ffd05245000 	c:\Users\shchoi\anaconda3\envs\nltk_setting\lib\site-packages\scipy\linalg\_fblas.cp38-win_amd64.pyd
0x00007ffca3960000 - 0x00007ffca3b42000 	c:\Users\shchoi\anaconda3\envs\nltk_setting\lib\site-packages\scipy\linalg\_flapack.cp38-win_amd64.pyd
0x00007ffd05140000 - 0x00007ffd051a1000 	c:\Users\shchoi\anaconda3\envs\nltk_setting\lib\site-packages\scipy\linalg\_cythonized_array_utils.cp38-win_amd64.pyd
0x00007ffd067a0000 - 0x00007ffd067b2000 	c:\Users\shchoi\anaconda3\envs\nltk_setting\lib\site-packages\scipy\linalg\_flinalg.cp38-win_amd64.pyd
0x00007ffcfd340000 - 0x00007ffcfd376000 	c:\Users\shchoi\anaconda3\envs\nltk_setting\lib\site-packages\scipy\linalg\_solve_toeplitz.cp38-win_amd64.pyd
0x00007ffd05ee0000 - 0x00007ffd05ef2000 	c:\Users\shchoi\anaconda3\envs\nltk_setting\lib\site-packages\scipy\linalg\_matfuncs_sqrtm_triu.cp38-win_amd64.pyd
0x00007ffcfd2e0000 - 0x00007ffcfd333000 	c:\Users\shchoi\anaconda3\envs\nltk_setting\lib\site-packages\scipy\linalg\_matfuncs_expm.cp38-win_amd64.pyd
0x00007ffcfd230000 - 0x00007ffcfd2d4000 	c:\Users\shchoi\anaconda3\envs\nltk_setting\lib\site-packages\scipy\linalg\cython_lapack.cp38-win_amd64.pyd
0x00007ffcfd1f0000 - 0x00007ffcfd22e000 	c:\Users\shchoi\anaconda3\envs\nltk_setting\lib\site-packages\scipy\linalg\cython_blas.cp38-win_amd64.pyd
0x00007ffcf8df0000 - 0x00007ffcf8e30000 	c:\Users\shchoi\anaconda3\envs\nltk_setting\lib\site-packages\scipy\linalg\_decomp_update.cp38-win_amd64.pyd
0x00007ffcf8da0000 - 0x00007ffcf8def000 	c:\Users\shchoi\anaconda3\envs\nltk_setting\lib\site-packages\scipy\sparse\linalg\_dsolve\_superlu.cp38-win_amd64.pyd
0x00007ffcf7f90000 - 0x00007ffcf7ff8000 	c:\Users\shchoi\anaconda3\envs\nltk_setting\lib\site-packages\scipy\sparse\linalg\_eigen\arpack\_arpack.cp38-win_amd64.pyd
0x00007ffc94700000 - 0x00007ffc948e5000 	c:\Users\shchoi\anaconda3\envs\nltk_setting\Library\bin\libifcoremd.dll
0x00007ffd27f20000 - 0x00007ffd27f3d000 	C:\Windows\System32\imagehlp.dll
0x00007ffcbef90000 - 0x00007ffcbefe6000 	c:\Users\shchoi\anaconda3\envs\nltk_setting\lib\site-packages\scipy\sparse\csgraph\_shortest_path.cp38-win_amd64.pyd
0x00007ffcfd1c0000 - 0x00007ffcfd1e5000 	c:\Users\shchoi\anaconda3\envs\nltk_setting\lib\site-packages\scipy\sparse\csgraph\_tools.cp38-win_amd64.pyd
0x00007ffcf8d70000 - 0x00007ffcf8d92000 	c:\Users\shchoi\anaconda3\envs\nltk_setting\lib\site-packages\scipy\sparse\csgraph\_traversal.cp38-win_amd64.pyd
0x00007ffceaa80000 - 0x00007ffceaaae000 	c:\Users\shchoi\anaconda3\envs\nltk_setting\lib\site-packages\scipy\sparse\csgraph\_min_spanning_tree.cp38-win_amd64.pyd
0x00007ffcbef50000 - 0x00007ffcbef8e000 	c:\Users\shchoi\anaconda3\envs\nltk_setting\lib\site-packages\scipy\sparse\csgraph\_flow.cp38-win_amd64.pyd
0x00007ffcbef10000 - 0x00007ffcbef4d000 	c:\Users\shchoi\anaconda3\envs\nltk_setting\lib\site-packages\scipy\sparse\csgraph\_matching.cp38-win_amd64.pyd
0x00007ffcbeed0000 - 0x00007ffcbef0a000 	c:\Users\shchoi\anaconda3\envs\nltk_setting\lib\site-packages\scipy\sparse\csgraph\_reordering.cp38-win_amd64.pyd

dbghelp: loaded successfully - version: 4.0.5 - missing functions: none
symbol engine: initialized successfully - sym options: 0x614 - pdb path: .;c:\Users\shchoi\anaconda3\envs\nltk_setting;C:\Windows\SYSTEM32;c:\Users\shchoi\anaconda3\envs\nltk_setting\lib\site-packages\zmq\backend\cython;c:\Users\shchoi\anaconda3\envs\nltk_setting\Library\bin;c:\Users\shchoi\anaconda3\envs\nltk_setting\DLLs;c:\Users\shchoi\anaconda3\envs\nltk_setting\lib\site-packages\tornado;c:\Users\shchoi\anaconda3\envs\nltk_setting\lib\site-packages\psutil;c:\Users\shchoi\anaconda3\envs\nltk_setting\lib\site-packages\debugpy\_vendored\pydevd\_pydevd_bundle;c:\Users\shchoi\anaconda3\envs\nltk_setting\lib\site-packages\mkl;c:\Users\shchoi\anaconda3\envs\nltk_setting\lib\site-packages\numpy\core;c:\Users\shchoi\anaconda3\envs\nltk_setting\lib\site-packages\numpy\linalg;c:\Users\shchoi\anaconda3\envs\nltk_setting\lib\site-packages\numpy\fft;c:\Users\shchoi\anaconda3\envs\nltk_setting\lib\site-packages\numpy\random;c:\Users\shchoi\anaconda3\envs\nltk_setting\lib\site-packages\scipy\_lib;c:\Users\shchoi\anaconda3\envs\nltk_setting\lib\site-packages\scipy\spatial;c:\Users\shchoi\anaconda3\envs\nltk_setting\lib\site-packages\scipy\sparse;c:\Users\shchoi\anaconda3\envs\nltk_setting\lib\site-packages\scipy\sparse\linalg\_isolve;c:\Users\shchoi\anaconda3\envs\nltk_setting\lib\site-packages\scipy\linalg;c:\Users\shchoi\anaconda3\envs\nltk_setting\lib\site-packages\scipy\sparse\linalg\_dsolve;c:\Users\shchoi\anaconda3\envs\nltk_setting\lib\site-packages\scipy\sparse\linalg\_eigen\arpack;c:\Users\shchoi\anaconda3\envs\nltk_setting\lib\site-packages\scipy\sparse\csgraph;c:\Users\shchoi\anaconda3\envs\nltk_setting\lib\site-packages\scipy\special;c:\Users\shchoi\anaconda3\envs\nltk_setting\lib\site-packages\scipy\spatial\transform;c:\Users\shchoi\anaconda3\envs\nltk_setting\lib\site-packages\scipy\ndimage;c:\Users\shchoi\anaconda3\envs\nltk_setting\lib\site-packages\scipy\optimize;c:\Users\shchoi\anaconda3\envs\nltk_setting\lib\site-packages\scipy\optimize\_trlib;c:\Users\shchoi\anaconda3\envs\nltk_setting\lib\site-packages\scipy\optimize\_lsq;c:\Users\shchoi\anaconda3\envs\nltk_setting\lib\site-packages\scipy\optimize\_highs;c:\Users\shchoi\anaconda3\envs\nltk_setting\lib\site-packages\scipy\integrate;c:\Users\shchoi\anaconda3\envs\nltk_setting\lib\site-packages\scipy\stats;c:\Users\shchoi\anaconda3\envs\nltk_setting\lib\site-packages\scipy\stats\_boost;c:\Users\shchoi\anaconda3\envs\nltk_setting\lib\site-packages\scipy\interpolate;c:\Users\shchoi\anaconda3\envs\nltk_setting\lib\site-packages\scipy\stats\_levy_stable;c:\Users\shchoi\anaconda3\envs\nltk_setting\lib\site-packages\scipy\_lib\_uarray;c:\Users\shchoi\anaconda3\envs\nltk_setting\lib\site-packages\scipy\fft\_pocketfft;c:\Users\shchoi\anaconda3\envs\nltk_setting\lib\site-packages\scipy\stats\_rcont;C:\Windows\WinSxS\amd64_microsoft.windows.common-controls_6595b64144ccf1df_6.0.19041.3636_none_60b6a03d71f818d5;c:\Users\shchoi\anaconda3\envs\nltk_setting\lib\site-packages\regex;c:\Users\shchoi\anaconda3\envs\nltk_setting\lib\site-packages\sklearn\__check_build;c:\Users\shchoi\anaconda3\envs\nltk_setting\lib\site-packages\sklearn\utils;c:\Users\shchoi\anaconda3\envs\nltk_setting\lib\site-packages\sklearn\preprocessing;c:\Users\shchoi\anaconda3\envs\nltk_setting\lib\site-packages\sklearn\feature_extraction;c:\Users\shchoi\anaconda3\envs\nltk_setting\lib\site-packages\sklearn\metrics\cluster;c:\Users\shchoi\anaconda3\envs\nltk_setting\lib\site-packages\sklearn\metrics;c:\Users\shchoi\anaconda3\envs\nltk_setting\lib\site-packages\sklearn\metrics\_pairwise_distances_reduction;c:\Users\shchoi\anaconda3\envs\nltk_setting\lib\site-packages\sklearn\linear_model;c:\Users\shchoi\anaconda3\envs\nltk_setting\lib\site-packages\sklearn\_loss;c:\Users\shchoi\anaconda3\envs\nltk_setting\lib\site-packages\sklearn\svm;c:\Users\shchoi\anaconda3\envs\nltk_setting\lib\site-packages\scipy\io\matlab;c:\Users\shchoi\anaconda3\envs\nltk_setting\lib\site-packages\sklearn\datasets;C:\Users\shchoi\anaconda3\envs\nltk_setting\tcl\reg1.3;C:\Windows\System32\IME\IMEKR;C:\Windows\System32\IME\shared;c:\Users\shchoi\anaconda3\envs\nltk_setting\lib\site-packages;C:\Program Files\Java\jdk-21\bin\server;C:\Program Files\Java\jdk-21\bin

VM Arguments:
jvm_args: -Dfile.encoding=UTF8 -ea -Xmx1024m 
java_command: <unknown>
java_class_path (initial): C:\Users\shchoi\anaconda3\envs\nltk_setting\Lib\site-packages\konlpy\java;C:\Users\shchoi\anaconda3\envs\nltk_setting\Lib\site-packages\konlpy\java\bin;C:\Users\shchoi\anaconda3\envs\nltk_setting\Lib\site-packages\konlpy\java\aho-corasick.jar;C:\Users\shchoi\anaconda3\envs\nltk_setting\Lib\site-packages\konlpy\java\jhannanum-0.8.4.jar;C:\Users\shchoi\anaconda3\envs\nltk_setting\Lib\site-packages\konlpy\java\kkma-2.0.jar;C:\Users\shchoi\anaconda3\envs\nltk_setting\Lib\site-packages\konlpy\java\komoran-3.0.jar;C:\Users\shchoi\anaconda3\envs\nltk_setting\Lib\site-packages\konlpy\java\open-korean-text-2.1.0.jar;C:\Users\shchoi\anaconda3\envs\nltk_setting\Lib\site-packages\konlpy\java\scala-library-2.12.3.jar;C:\Users\shchoi\anaconda3\envs\nltk_setting\Lib\site-packages\konlpy\java\shineware-common-1.0.jar;C:\Users\shchoi\anaconda3\envs\nltk_setting\Lib\site-packages\konlpy\java\shineware-ds-1.0.jar;C:\Users\shchoi\anaconda3\envs\nltk_setting\Lib\site-packages\konlpy\java\snakeyaml-1.12.jar;C:\Users\shchoi\anaconda3\envs\nltk_setting\Lib\site-packages\konlpy\java\twitter-text-1.14.7.jar;C:\Users\shchoi\anaconda3\envs\nltk_setting\Lib\site-packages\konlpy\java\jhannanum-0.8.4.jar;C:\Users\shchoi\anaconda3\envs\nltk_setting\Lib\site-packages\konlpy\java\kkma-2.0.jar;C:\Users\shchoi\anaconda3\envs\nltk_setting\Lib\site-packages\konlpy\java\aho-corasick.jar;C:\Users\shchoi\anaconda3\envs\nltk_setting\Lib\site-packages\konlpy\java\shineware-common-1.0.jar;C:\Users\shchoi\anaconda3\envs\nltk_setting\Lib\site-packages\konlpy\java\shineware-ds-1.0.jar;C:\Users\shchoi\anaconda3\envs\nltk_setting\Lib\site-packages\konlpy\java\komoran-3.0.jar;C:\Users\shchoi\anaconda3\envs\nltk_setting\Lib\site-packages\konlpy\java\snakeyaml-1.12.jar;C:\Users\shchoi\anaconda3\envs\nltk_setting\Lib\site-packages\konlpy\java\scala-library-2.12.3.jar;C:\Users\shchoi\anaconda3\envs\nltk_setting\Lib\site-packages\konlpy\java\open-korean-text-2.1.0.jar;C:\Users\shchoi\anaconda3\envs\nltk_setting\Lib\site-packages\konlpy\java\twitter-text-1.14.7.jar;C:\Users\shchoi\anaconda3\envs\nltk_setting\Lib\site-packages\konlpy\java\aho-corasick.jar;C:\Users\shchoi\anaconda3\envs\nltk_setting\Lib\site-packages\konlpy\java\jhannanum-0.8.4.jar;C:\Users\shchoi\anaconda3\envs\nltk_setting\Lib\site-packages\konlpy\java\kkma-2.0.jar;C:\Users\shchoi\anaconda3\envs\nltk_setting\Lib\site-packages\konlpy\java\komoran-3.0.jar;C:\Users\shchoi\anaconda3\envs\nltk_setting\Lib\site-packages\konlpy\java\open-korean-text-2.1.0.jar;C:\Users\shchoi\anaconda3\envs\nltk_setting\Lib\site-packages\konlpy\java\scala-library-2.12.3.jar;C:\Users\shchoi\anaconda3\envs\nltk_setting\Lib\site-packages\konlpy\java\shineware-common-1.0.jar;C:\Users\shchoi\anaconda3\envs\nltk_setting\Lib\site-packages\konlpy\java\shineware-ds-1.0.jar;C:\Users\shchoi\anaconda3\envs\nltk_setting\Lib\site-packages\konlpy\java\snakeyaml-1.12.jar;C:\Users\shchoi\anaconda3\envs\nltk_setting\Lib\site-packages\konlpy\java\twitter-text-1.14.7.jar
Launcher Type: generic

[Global flags]
     intx CICompilerCount                          = 4                                         {product} {ergonomic}
     uint ConcGCThreads                            = 3                                         {product} {ergonomic}
     uint G1ConcRefinementThreads                  = 10                                        {product} {ergonomic}
   size_t G1HeapRegionSize                         = 1048576                                   {product} {ergonomic}
    uintx GCDrainStackTargetSize                   = 64                                        {product} {ergonomic}
   size_t InitialHeapSize                          = 268435456                                 {product} {ergonomic}
   size_t MarkStackSize                            = 4194304                                   {product} {ergonomic}
   size_t MaxHeapSize                              = 1073741824                                {product} {command line}
   size_t MaxNewSize                               = 643825664                                 {product} {ergonomic}
   size_t MinHeapDeltaBytes                        = 1048576                                   {product} {ergonomic}
   size_t MinHeapSize                              = 8388608                                   {product} {ergonomic}
    uintx NonNMethodCodeHeapSize                   = 5839372                                {pd product} {ergonomic}
    uintx NonProfiledCodeHeapSize                  = 122909434                              {pd product} {ergonomic}
    uintx ProfiledCodeHeapSize                     = 122909434                              {pd product} {ergonomic}
    uintx ReservedCodeCacheSize                    = 251658240                              {pd product} {ergonomic}
     bool SegmentedCodeCache                       = true                                      {product} {ergonomic}
   size_t SoftMaxHeapSize                          = 1073741824                             {manageable} {ergonomic}
     bool UseCompressedOops                        = true                           {product lp64_product} {ergonomic}
     bool UseG1GC                                  = true                                      {product} {ergonomic}
     bool UseLargePagesIndividualAllocation        = false                                  {pd product} {ergonomic}

Logging:
Log output configuration:
 #0: stdout all=warning uptime,level,tags foldmultilines=false
 #1: stderr all=off uptime,level,tags foldmultilines=false

Environment Variables:
JAVA_HOME=C:\Program Files\Java\jdk-21\bin\server
PATH=c:\Users\shchoi\anaconda3\envs\nltk_setting;C:\Users\shchoi\anaconda3\envs\nltk_setting;C:\Users\shchoi\anaconda3\envs\nltk_setting\Library\mingw-w64\bin;C:\Users\shchoi\anaconda3\envs\nltk_setting\Library\usr\bin;C:\Users\shchoi\anaconda3\envs\nltk_setting\Library\bin;C:\Users\shchoi\anaconda3\envs\nltk_setting\Scripts;C:\Users\shchoi\anaconda3\envs\nltk_setting\bin;C:\Users\shchoi\anaconda3\condabin;C:\Program Files\Common Files\Oracle\Java\javapath;C:\Program Files (x86)\NAT Service;C:\Windows\system32;C:\Windows;C:\Windows\System32\Wbem;C:\Windows\System32\WindowsPowerShell\v1.0;C:\Windows\System32\OpenSSH;C:\Program Files\Bandizip;C:\Program Files\Git\cmd;C:\Program Files\MySQL\MySQL Shell 8.0\bin;C:\Users\shchoi\AppData\Local\Microsoft\WindowsApps;C:\Users\shchoi\AppData\Local\Programs\Microsoft VS Code\bin;C:\Program Files\MySQL\MySQL Server 8.0\bin;C:\Program Files\Java\jdk-21;C:\Program Files\Java\jdk-21\bin;.
USERNAME=shchoi
TERM=xterm-color
OS=Windows_NT
PROCESSOR_IDENTIFIER=AMD64 Family 23 Model 8 Stepping 2, AuthenticAMD
TMP=C:\Users\shchoi\AppData\Local\Temp
TEMP=C:\Users\shchoi\AppData\Local\Temp




Periodic native trim disabled

---------------  S Y S T E M  ---------------

OS:
 Windows 10 , 64 bit Build 19041 (10.0.19041.3636)
OS uptime: 0 days 0:17 hours

CPU: total 12 (initial active 12) (12 cores per cpu, 2 threads per core) family 23 model 8 stepping 2 microcode 0x0, cx8, cmov, fxsr, ht, mmx, 3dnowpref, sse, sse2, sse3, ssse3, sse4a, sse4.1, sse4.2, popcnt, lzcnt, tsc, tscinvbit, avx, avx2, aes, clmul, bmi1, bmi2, adx, sha, fma, vzeroupper, clflush, clflushopt, rdtscp, f16c
Processor Information for all 12 processors :
  Max Mhz: 3400, Current Mhz: 3400, Mhz Limit: 3400

Memory: 4k page, system-wide physical 16318M (10219M free)
TotalPageFile size 18750M (AvailPageFile size 9050M)
current process WorkingSet (physical memory assigned to process): 273M, peak: 276M
current process commit charge ("private bytes"): 432M, peak: 518M

vm_info: Java HotSpot(TM) 64-Bit Server VM (21.0.1+12-LTS-29) for windows-amd64 JRE (21.0.1+12-LTS-29), built on 2023-10-05T13:27:09Z by "mach5one" with MS VC++ 17.1 (VS2022)

END.
